Archive member included to satisfy reference by file (symbol)

c:/program files (x86)/gnu tools arm embedded/5.4 2016q2/bin/../lib/gcc/arm-none-eabi/5.4.1/../../../../arm-none-eabi/lib/armv7e-m/fpu\libm.a(lib_a-s_modf.o)
                              ./utilities/fsl_debug_console.o (modf)
c:/program files (x86)/gnu tools arm embedded/5.4 2016q2/bin/../lib/gcc/arm-none-eabi/5.4.1/../../../../arm-none-eabi/lib/armv7e-m/fpu\libm.a(lib_a-w_pow.o)
                              ./utilities/fsl_debug_console.o (pow)
c:/program files (x86)/gnu tools arm embedded/5.4 2016q2/bin/../lib/gcc/arm-none-eabi/5.4.1/../../../../arm-none-eabi/lib/armv7e-m/fpu\libm.a(lib_a-e_pow.o)
                              c:/program files (x86)/gnu tools arm embedded/5.4 2016q2/bin/../lib/gcc/arm-none-eabi/5.4.1/../../../../arm-none-eabi/lib/armv7e-m/fpu\libm.a(lib_a-w_pow.o) (__ieee754_pow)
c:/program files (x86)/gnu tools arm embedded/5.4 2016q2/bin/../lib/gcc/arm-none-eabi/5.4.1/../../../../arm-none-eabi/lib/armv7e-m/fpu\libm.a(lib_a-e_sqrt.o)
                              c:/program files (x86)/gnu tools arm embedded/5.4 2016q2/bin/../lib/gcc/arm-none-eabi/5.4.1/../../../../arm-none-eabi/lib/armv7e-m/fpu\libm.a(lib_a-e_pow.o) (__ieee754_sqrt)
c:/program files (x86)/gnu tools arm embedded/5.4 2016q2/bin/../lib/gcc/arm-none-eabi/5.4.1/../../../../arm-none-eabi/lib/armv7e-m/fpu\libm.a(lib_a-s_fabs.o)
                              c:/program files (x86)/gnu tools arm embedded/5.4 2016q2/bin/../lib/gcc/arm-none-eabi/5.4.1/../../../../arm-none-eabi/lib/armv7e-m/fpu\libm.a(lib_a-e_pow.o) (fabs)
c:/program files (x86)/gnu tools arm embedded/5.4 2016q2/bin/../lib/gcc/arm-none-eabi/5.4.1/../../../../arm-none-eabi/lib/armv7e-m/fpu\libm.a(lib_a-s_finite.o)
                              c:/program files (x86)/gnu tools arm embedded/5.4 2016q2/bin/../lib/gcc/arm-none-eabi/5.4.1/../../../../arm-none-eabi/lib/armv7e-m/fpu\libm.a(lib_a-w_pow.o) (finite)
c:/program files (x86)/gnu tools arm embedded/5.4 2016q2/bin/../lib/gcc/arm-none-eabi/5.4.1/../../../../arm-none-eabi/lib/armv7e-m/fpu\libm.a(lib_a-s_lib_ver.o)
                              c:/program files (x86)/gnu tools arm embedded/5.4 2016q2/bin/../lib/gcc/arm-none-eabi/5.4.1/../../../../arm-none-eabi/lib/armv7e-m/fpu\libm.a(lib_a-w_pow.o) (__fdlib_version)
c:/program files (x86)/gnu tools arm embedded/5.4 2016q2/bin/../lib/gcc/arm-none-eabi/5.4.1/../../../../arm-none-eabi/lib/armv7e-m/fpu\libm.a(lib_a-s_matherr.o)
                              c:/program files (x86)/gnu tools arm embedded/5.4 2016q2/bin/../lib/gcc/arm-none-eabi/5.4.1/../../../../arm-none-eabi/lib/armv7e-m/fpu\libm.a(lib_a-w_pow.o) (matherr)
c:/program files (x86)/gnu tools arm embedded/5.4 2016q2/bin/../lib/gcc/arm-none-eabi/5.4.1/../../../../arm-none-eabi/lib/armv7e-m/fpu\libm.a(lib_a-s_nan.o)
                              c:/program files (x86)/gnu tools arm embedded/5.4 2016q2/bin/../lib/gcc/arm-none-eabi/5.4.1/../../../../arm-none-eabi/lib/armv7e-m/fpu\libm.a(lib_a-e_pow.o) (nan)
c:/program files (x86)/gnu tools arm embedded/5.4 2016q2/bin/../lib/gcc/arm-none-eabi/5.4.1/../../../../arm-none-eabi/lib/armv7e-m/fpu\libm.a(lib_a-s_rint.o)
                              c:/program files (x86)/gnu tools arm embedded/5.4 2016q2/bin/../lib/gcc/arm-none-eabi/5.4.1/../../../../arm-none-eabi/lib/armv7e-m/fpu\libm.a(lib_a-w_pow.o) (rint)
c:/program files (x86)/gnu tools arm embedded/5.4 2016q2/bin/../lib/gcc/arm-none-eabi/5.4.1/../../../../arm-none-eabi/lib/armv7e-m/fpu\libm.a(lib_a-s_scalbn.o)
                              c:/program files (x86)/gnu tools arm embedded/5.4 2016q2/bin/../lib/gcc/arm-none-eabi/5.4.1/../../../../arm-none-eabi/lib/armv7e-m/fpu\libm.a(lib_a-e_pow.o) (scalbn)
c:/program files (x86)/gnu tools arm embedded/5.4 2016q2/bin/../lib/gcc/arm-none-eabi/5.4.1/../../../../arm-none-eabi/lib/armv7e-m/fpu\libm.a(lib_a-s_copysign.o)
                              c:/program files (x86)/gnu tools arm embedded/5.4 2016q2/bin/../lib/gcc/arm-none-eabi/5.4.1/../../../../arm-none-eabi/lib/armv7e-m/fpu\libm.a(lib_a-s_scalbn.o) (copysign)
c:/program files (x86)/gnu tools arm embedded/5.4 2016q2/bin/../lib/gcc/arm-none-eabi/5.4.1/armv7e-m/fpu\libgcc.a(_arm_addsubdf3.o)
                              ./utilities/fsl_debug_console.o (__aeabi_dsub)
c:/program files (x86)/gnu tools arm embedded/5.4 2016q2/bin/../lib/gcc/arm-none-eabi/5.4.1/armv7e-m/fpu\libgcc.a(_arm_muldivdf3.o)
                              ./utilities/fsl_debug_console.o (__aeabi_dmul)
c:/program files (x86)/gnu tools arm embedded/5.4 2016q2/bin/../lib/gcc/arm-none-eabi/5.4.1/armv7e-m/fpu\libgcc.a(_arm_cmpdf2.o)
                              ./utilities/fsl_debug_console.o (__aeabi_dcmpeq)
c:/program files (x86)/gnu tools arm embedded/5.4 2016q2/bin/../lib/gcc/arm-none-eabi/5.4.1/armv7e-m/fpu\libgcc.a(_arm_unorddf2.o)
[...]
Memory Configuration

Name             Origin             Length             Attributes
m_interrupts     0x00000000         0x00000400         xr
m_flash_config   0x00000400         0x00000010         xr
m_text           0x00000410         0x001ffbf0         xr
m_data           0x1fff0000         0x00010000         rw
m_data_2         0x20000000         0x00030000         rw
*default*        0x00000000         0xffffffff

Linker script and memory map

LOAD c:/program files (x86)/gnu tools arm embedded/5.4 2016q2/bin/../lib/gcc/arm-none-eabi/5.4.1/armv7e-m/fpu/crti.o
LOAD c:/program files (x86)/gnu tools arm embedded/5.4 2016q2/bin/../lib/gcc/arm-none-eabi/5.4.1/armv7e-m/fpu/crtbegin.o
LOAD c:/program files (x86)/gnu tools arm embedded/5.4 2016q2/bin/../lib/gcc/arm-none-eabi/5.4.1/../../../../arm-none-eabi/lib/armv7e-m/fpu/crt0.o
LOAD ./utilities/fsl_debug_console.o
LOAD ./utilities/fsl_notifier.o
LOAD ./utilities/fsl_sbrk.o
LOAD ./startup/startup_MK66F18.o
LOAD ./startup/system_MK66F18.o
LOAD ./source/eGFX/eGFX.o
LOAD ./source/eGFX/eGFX_Driver_FRDM-OLED_NHD-2.712864.o
LOAD ./source/FRDM-K66F_AUDIO.o
LOAD ./source/main.o
LOAD ./drivers/fsl_adc16.o
LOAD ./drivers/fsl_clock.o
LOAD ./drivers/fsl_cmp.o
LOAD ./drivers/fsl_cmt.o
LOAD ./drivers/fsl_common.o
LOAD ./drivers/fsl_crc.o
LOAD ./drivers/fsl_dac.o
LOAD ./drivers/fsl_dmamux.o
LOAD ./drivers/fsl_dspi.o
LOAD ./drivers/fsl_dspi_edma.o
LOAD ./drivers/fsl_edma.o
LOAD ./drivers/fsl_enet.o
LOAD ./drivers/fsl_ewm.o
LOAD ./drivers/fsl_flash.o
LOAD ./drivers/fsl_flexbus.o
LOAD ./drivers/fsl_flexcan.o
LOAD ./drivers/fsl_ftm.o
LOAD ./drivers/fsl_gpio.o
LOAD ./drivers/fsl_i2c.o
LOAD ./drivers/fsl_i2c_edma.o
LOAD ./drivers/fsl_llwu.o
LOAD ./drivers/fsl_lmem_cache.o
LOAD ./drivers/fsl_lptmr.o
LOAD ./drivers/fsl_lpuart.o
LOAD ./drivers/fsl_lpuart_edma.o
LOAD ./drivers/fsl_mpu.o
LOAD ./drivers/fsl_pdb.o
LOAD ./drivers/fsl_pit.o
LOAD ./drivers/fsl_pmc.o
LOAD ./drivers/fsl_rcm.o
LOAD ./drivers/fsl_rnga.o
LOAD ./drivers/fsl_rtc.o
LOAD ./drivers/fsl_sai.o
LOAD ./drivers/fsl_sai_edma.o
LOAD ./drivers/fsl_sdhc.o
LOAD ./drivers/fsl_sdramc.o
LOAD ./drivers/fsl_sim.o
LOAD ./drivers/fsl_smc.o
LOAD ./drivers/fsl_tpm.o
LOAD ./drivers/fsl_tsi_v4.o
LOAD ./drivers/fsl_uart.o
LOAD ./drivers/fsl_uart_edma.o
LOAD ./drivers/fsl_vref.o
LOAD ./drivers/fsl_wdog.o
LOAD ./board/board.o
LOAD ./board/clock_config.o
LOAD ./board/pin_mux.o
LOAD C:\Users\emh203\Documents\GitHub\MonkeyListen\CMSIS_DSP_4_5\Debug\libCMSIS_DSP_4_5.a
LOAD c:/program files (x86)/gnu tools arm embedded/5.4 2016q2/bin/../lib/gcc/arm-none-eabi/5.4.1/../../../../arm-none-eabi/lib/armv7e-m/fpu\libstdc++_nano.a
LOAD c:/program files (x86)/gnu tools arm embedded/5.4 2016q2/bin/../lib/gcc/arm-none-eabi/5.4.1/../../../../arm-none-eabi/lib/armv7e-m/fpu\libm.a
START GROUP
LOAD c:/program files (x86)/gnu tools arm embedded/5.4 2016q2/bin/../lib/gcc/arm-none-eabi/5.4.1/armv7e-m/fpu\libgcc.a
LOAD c:/program files (x86)/gnu tools arm embedded/5.4 2016q2/bin/../lib/gcc/arm-none-eabi/5.4.1/../../../../arm-none-eabi/lib/armv7e-m/fpu\libg_nano.a
LOAD c:/program files (x86)/gnu tools arm embedded/5.4 2016q2/bin/../lib/gcc/arm-none-eabi/5.4.1/../../../../arm-none-eabi/lib/armv7e-m/fpu\libc_nano.a
END GROUP
START GROUP
LOAD c:/program files (x86)/gnu tools arm embedded/5.4 2016q2/bin/../lib/gcc/arm-none-eabi/5.4.1/armv7e-m/fpu\libgcc.a
LOAD c:/program files (x86)/gnu tools arm embedded/5.4 2016q2/bin/../lib/gcc/arm-none-eabi/5.4.1/../../../../arm-none-eabi/lib/armv7e-m/fpu\libc_nano.a
LOAD c:/program files (x86)/gnu tools arm embedded/5.4 2016q2/bin/../lib/gcc/arm-none-eabi/5.4.1/../../../../arm-none-eabi/lib/armv7e-m/fpu\libnosys.a
END GROUP
START GROUP
LOAD c:/program files (x86)/gnu tools arm embedded/5.4 2016q2/bin/../lib/gcc/arm-none-eabi/5.4.1/armv7e-m/fpu\libgcc.a
LOAD c:/program files (x86)/gnu tools arm embedded/5.4 2016q2/bin/../lib/gcc/arm-none-eabi/5.4.1/../../../../arm-none-eabi/lib/armv7e-m/fpu\libc_nano.a
LOAD c:/program files (x86)/gnu tools arm embedded/5.4 2016q2/bin/../lib/gcc/arm-none-eabi/5.4.1/../../../../arm-none-eabi/lib/armv7e-m/fpu\libnosys.a
END GROUP
LOAD c:/program files (x86)/gnu tools arm embedded/5.4 2016q2/bin/../lib/gcc/arm-none-eabi/5.4.1/armv7e-m/fpu/crtend.o
LOAD c:/program files (x86)/gnu tools arm embedded/5.4 2016q2/bin/../lib/gcc/arm-none-eabi/5.4.1/armv7e-m/fpu/crtn.o
                0x00000400                HEAP_SIZE = DEFINED (__heap_size__)?__heap_size__:0x400
                0x00000400                STACK_SIZE = DEFINED (__stack_size__)?__stack_size__:0x400
                0x00000000                M_VECTOR_RAM_SIZE = DEFINED (__ram_vector_table__)?0x400:0x0

.interrupts     0x00000000      0x400
                0x00000000                __VECTOR_TABLE = .
                0x00000000                . = ALIGN (0x4)
 *(.isr_vector)
 .isr_vector    0x00000000      0x400 ./startup/startup_MK66F18.o
                0x00000000                __isr_vector
                0x00000400                . = ALIGN (0x4)

.flash_config   0x00000400       0x10
                0x00000400                . = ALIGN (0x4)
 *(.FlashConfig)
 .FlashConfig   0x00000400       0x10 ./startup/startup_MK66F18.o
                0x00000410                . = ALIGN (0x4)

.text           0x00000410     0xa1c8
                0x00000410                . = ALIGN (0x4)
 *(.text)
 .text          0x00000410       0x5c c:/program files (x86)/gnu tools arm embedded/5.4 2016q2/bin/../lib/gcc/arm-none-eabi/5.4.1/armv7e-m/fpu/crtbegin.o
 .text          0x0000046c       0x74 c:/program files (x86)/gnu tools arm embedded/5.4 2016q2/bin/../lib/gcc/arm-none-eabi/5.4.1/../../../../arm-none-eabi/lib/armv7e-m/fpu/crt0.o
                0x0000046c                _start
                0x0000046c                _mainCRTStartup
 .text          0x000004e0      0x1f8 ./startup/startup_MK66F18.o
                0x000004e0                Reset_Handler
                0x00000524                DebugMon_Handler
                0x00000524                CMP0_IRQHandler
                0x00000524                DMA13_DMA29_DriverIRQHandler
                0x00000524                ENET_Transmit_DriverIRQHandler
                0x00000524                UART1_ERR_DriverIRQHandler
                0x00000524                Reserved85_IRQHandler
                0x00000524                DMA_Error_DriverIRQHandler
                0x00000524                DMA15_DMA31_DriverIRQHandler
                0x00000524                BusFault_Handler
                0x00000524                LPTMR0_IRQHandler
                0x00000524                FTM2_IRQHandler
                0x00000524                DMA5_DMA21_DriverIRQHandler
                0x00000524                PORTE_IRQHandler
                0x00000524                USBHS_IRQHandler
                0x00000524                FTM3_IRQHandler
                0x00000524                PIT0_IRQHandler
                0x00000524                DMA7_DMA23_DriverIRQHandler
                0x00000524                MCM_IRQHandler
                0x00000524                CMP2_IRQHandler
                0x00000524                LLWU_IRQHandler
                0x00000524                Reserved84_IRQHandler
                0x00000524                TSI0_IRQHandler
                0x00000524                DAC1_IRQHandler
                0x00000524                DMA14_DMA30_DriverIRQHandler
                0x00000524                PORTA_IRQHandler
                0x00000524                ENET_1588_Timer_DriverIRQHandler
                0x00000524                SWI_IRQHandler
                0x00000524                ADC0_IRQHandler
                0x00000524                UsageFault_Handler
                0x00000524                FTM0_IRQHandler
                0x00000524                CMT_IRQHandler
                0x00000524                LVD_LVW_IRQHandler
                0x00000524                PIT1_IRQHandler
                0x00000524                DMA0_DMA16_DriverIRQHandler
                0x00000524                DefaultISR
                0x00000524                DMA2_DMA18_DriverIRQHandler
                0x00000524                CMP1_IRQHandler
                0x00000524                Reserved71_IRQHandler
                0x00000524                PORTD_IRQHandler
                0x00000524                PORTB_IRQHandler
                0x00000524                TPM1_IRQHandler
                0x00000524                UART2_ERR_DriverIRQHandler
                0x00000524                ADC1_IRQHandler
                0x00000524                ENET_Error_DriverIRQHandler
                0x00000524                TPM2_IRQHandler
                0x00000524                PIT2_IRQHandler
                0x00000524                RTC_IRQHandler
                0x00000524                UART3_ERR_DriverIRQHandler
                0x00000524                PDB0_IRQHandler
                0x00000524                Reserved46_IRQHandler
                0x00000524                CMP3_IRQHandler
                0x00000524                RTC_Seconds_IRQHandler
                0x00000524                FTM1_IRQHandler
                0x00000524                DMA12_DMA28_DriverIRQHandler
                0x00000524                DMA3_DMA19_DriverIRQHandler
                0x00000524                PIT3_IRQHandler
                0x00000524                DAC0_IRQHandler
                0x00000524                PORTC_IRQHandler
                0x00000524                MCG_IRQHandler
                0x00000524                FTFE_IRQHandler
                0x00000524                DMA10_DMA26_DriverIRQHandler
                0x00000524                UART0_ERR_DriverIRQHandler
                0x00000524                ENET_Receive_DriverIRQHandler
                0x00000524                Read_Collision_IRQHandler
                0x00000524                DMA1_DMA17_DriverIRQHandler
                0x00000524                USBHSDCD_IRQHandler
                0x00000524                USBDCD_IRQHandler
                0x00000524                DMA8_DMA24_DriverIRQHandler
                0x00000524                DMA6_DMA22_DriverIRQHandler
                0x00000524                RNG_IRQHandler
                0x00000524                USB0_IRQHandler
                0x00000524                DMA9_DMA25_DriverIRQHandler
                0x00000524                DMA4_DMA20_DriverIRQHandler
                0x00000524                UART4_ERR_DriverIRQHandler
                0x00000524                WDOG_EWM_IRQHandler
                0x00000524                MemManage_Handler
                0x00000524                DMA11_DMA27_DriverIRQHandler
                0x00000528                NMI_Handler
                0x0000052c                HardFault_Handler
                0x00000530                SVC_Handler
                0x00000534                PendSV_Handler
                0x00000538                SysTick_Handler
                0x0000057c                DMA_Error_IRQHandler
                0x00000580                I2C0_IRQHandler
                0x00000584                I2C1_IRQHandler
                0x00000588                SPI0_IRQHandler
                0x0000058c                SPI1_IRQHandler
                0x00000590                I2S0_Tx_IRQHandler
                0x00000598                UART0_RX_TX_IRQHandler
                0x0000059c                UART0_ERR_IRQHandler
                0x000005a0                UART1_RX_TX_IRQHandler
                0x000005a4                UART1_ERR_IRQHandler
                0x000005a8                UART2_RX_TX_IRQHandler
                0x000005ac                UART2_ERR_IRQHandler
                0x000005b0                UART3_RX_TX_IRQHandler
                0x000005b4                UART3_ERR_IRQHandler
                0x000005b8                SPI2_IRQHandler
                0x000005bc                UART4_RX_TX_IRQHandler
                0x000005c0                UART4_ERR_IRQHandler
                0x000005c4                I2C2_IRQHandler
                0x000005c8                CAN0_ORed_Message_buffer_IRQHandler
                0x000005cc                CAN0_Bus_Off_IRQHandler
                0x000005d0                CAN0_Error_IRQHandler
                0x000005d4                CAN0_Tx_Warning_IRQHandler
                0x000005d8                CAN0_Rx_Warning_IRQHandler
                0x000005dc                CAN0_Wake_Up_IRQHandler
                0x000005e0                SDHC_IRQHandler
                0x000005f4                LPUART0_IRQHandler
                0x000005f8                I2C3_IRQHandler
                0x000005fc                CAN1_ORed_Message_buffer_IRQHandler
                0x00000600                CAN1_Bus_Off_IRQHandler
                0x00000604                CAN1_Error_IRQHandler
                0x00000608                CAN1_Tx_Warning_IRQHandler
                0x0000060c                CAN1_Rx_Warning_IRQHandler
                0x00000610                CAN1_Wake_Up_IRQHandler
 .text          0x000006d8      0x370 c:/program files (x86)/gnu tools arm embedded/5.4 2016q2/bin/../lib/gcc/arm-none-eabi/5.4.1/armv7e-m/fpu\libgcc.a(_arm_addsubdf3.o)
                0x000006d8                __aeabi_drsub
                0x000006e0                __aeabi_dsub
                0x000006e0                __subdf3
                0x000006e4                __aeabi_dadd
                0x000006e4                __adddf3
                0x0000095c                __floatunsidf
                0x0000095c                __aeabi_ui2d
                0x0000097c                __floatsidf
                0x0000097c                __aeabi_i2d
                0x000009a0                __aeabi_f2d
                0x000009a0                __extendsfdf2
                0x000009dc                __floatundidf
                0x000009dc                __aeabi_ul2d
                0x000009ec                __floatdidf
                0x000009ec                __aeabi_l2d
 .text          0x00000a48      0x424 c:/program files (x86)/gnu tools arm embedded/5.4 2016q2/bin/../lib/gcc/arm-none-eabi/5.4.1/armv7e-m/fpu\libgcc.a(_arm_muldivdf3.o)
                0x00000a48                __aeabi_dmul
                0x00000a48                __muldf3
                0x00000c9c                __divdf3
                0x00000c9c                __aeabi_ddiv
 .text          0x00000e6c      0x110 c:/program files (x86)/gnu tools arm embedded/5.4 2016q2/bin/../lib/gcc/arm-none-eabi/5.4.1/armv7e-m/fpu\libgcc.a(_arm_cmpdf2.o)
                0x00000e6c                __gtdf2
                0x00000e6c                __gedf2
                0x00000e74                __ltdf2
                0x00000e74                __ledf2
                0x00000e7c                __nedf2
                0x00000e7c                __eqdf2
                0x00000e7c                __cmpdf2
                0x00000ef8                __aeabi_cdrcmple
                0x00000f08                __aeabi_cdcmpeq
                0x00000f08                __aeabi_cdcmple
                0x00000f18                __aeabi_dcmpeq
                0x00000f2c                __aeabi_dcmplt
                0x00000f40                __aeabi_dcmple
                0x00000f54                __aeabi_dcmpge
                0x00000f68                __aeabi_dcmpgt
 .text          0x00000f7c       0x2c c:/program files (x86)/gnu tools arm embedded/5.4 2016q2/bin/../lib/gcc/arm-none-eabi/5.4.1/armv7e-m/fpu\libgcc.a(_arm_unorddf2.o)
                0x00000f7c                __unorddf2
                0x00000f7c                __aeabi_dcmpun
 .text          0x00000fa8       0x50 c:/program files (x86)/gnu tools arm embedded/5.4 2016q2/bin/../lib/gcc/arm-none-eabi/5.4.1/armv7e-m/fpu\libgcc.a(_arm_fixdfsi.o)
                0x00000fa8                __aeabi_d2iz
                0x00000fa8                __fixdfsi
 .text          0x00000ff8       0x40 c:/program files (x86)/gnu tools arm embedded/5.4 2016q2/bin/../lib/gcc/arm-none-eabi/5.4.1/armv7e-m/fpu\libgcc.a(_arm_fixunsdfsi.o)
                0x00000ff8                __aeabi_d2uiz
                0x00000ff8                __fixunsdfsi
 .text          0x00001038       0xa0 c:/program files (x86)/gnu tools arm embedded/5.4 2016q2/bin/../lib/gcc/arm-none-eabi/5.4.1/armv7e-m/fpu\libgcc.a(_aeabi_ldivmod.o)
                0x00001038                __aeabi_ldivmod
 .text          0x000010d8       0x30 c:/program files (x86)/gnu tools arm embedded/5.4 2016q2/bin/../lib/gcc/arm-none-eabi/5.4.1/armv7e-m/fpu\libgcc.a(_aeabi_uldivmod.o)
                0x000010d8                __aeabi_uldivmod
 .text          0x00001108       0x30 c:/program files (x86)/gnu tools arm embedded/5.4 2016q2/bin/../lib/gcc/arm-none-eabi/5.4.1/armv7e-m/fpu\libgcc.a(_fixdfdi.o)
                0x00001108                __fixdfdi
                0x00001108                __aeabi_d2lz
 .text          0x00001138       0x48 c:/program files (x86)/gnu tools arm embedded/5.4 2016q2/bin/../lib/gcc/arm-none-eabi/5.4.1/armv7e-m/fpu\libgcc.a(_fixunsdfdi.o)
                0x00001138                __fixunsdfdi
                0x00001138                __aeabi_d2ulz
 .text          0x00001180      0x2e4 c:/program files (x86)/gnu tools arm embedded/5.4 2016q2/bin/../lib/gcc/arm-none-eabi/5.4.1/armv7e-m/fpu\libgcc.a(_udivmoddi4.o)
                0x00001180                __udivmoddi4
 .text          0x00001464        0x4 c:/program files (x86)/gnu tools arm embedded/5.4 2016q2/bin/../lib/gcc/arm-none-eabi/5.4.1/armv7e-m/fpu\libgcc.a(_dvmd_tls.o)
                0x00001464                __aeabi_idiv0
                0x00001464                __aeabi_ldiv0
 .text          0x00001468       0x10 c:/program files (x86)/gnu tools arm embedded/5.4 2016q2/bin/../lib/gcc/arm-none-eabi/5.4.1/../../../../arm-none-eabi/lib/armv7e-m/fpu\libg_nano.a(lib_a-strlen.o)
                0x00001468                strlen
 *(.text*)
 .text.UART_EnableTx
                0x00001478       0x40 ./utilities/fsl_debug_console.o
 .text.UART_EnableRx
                0x000014b8       0x40 ./utilities/fsl_debug_console.o
 .text.LPUART_EnableTx
                0x000014f8       0x38 ./utilities/fsl_debug_console.o
 .text.LPUART_EnableRx
                0x00001530       0x38 ./utilities/fsl_debug_console.o
 .text.DbgConsole_Init
                0x00001568       0xe4 ./utilities/fsl_debug_console.o
                0x00001568                DbgConsole_Init
 .text.DbgConsole_Printf
                0x0000164c       0x40 ./utilities/fsl_debug_console.o
                0x0000164c                DbgConsole_Printf
 .text.DbgConsole_Putchar
                0x0000168c       0x34 ./utilities/fsl_debug_console.o
                0x0000168c                DbgConsole_Putchar
 .text.DbgConsole_PrintfPaddingCharacter
                0x000016c0       0x40 ./utilities/fsl_debug_console.o
 .text.DbgConsole_ConvertRadixNumToString
                0x00001700      0x1cc ./utilities/fsl_debug_console.o
 *fill*         0x000018cc        0x4 
 .text.DbgConsole_ConvertFloatRadixNumToString
                0x000018d0      0x2b8 ./utilities/fsl_debug_console.o
 .text.DbgConsole_PrintfFormattedData
                0x00001b88      0x898 ./utilities/fsl_debug_console.o
 .text.SystemInit
                0x00002420       0x40 ./startup/system_MK66F18.o
                0x00002420                SystemInit
 .text.eGFX_PutPixel
                0x00002460      0x24c ./source/eGFX/eGFX.o
                0x00002460                eGFX_PutPixel
 .text.eGFX_GetPixel
                0x000026ac      0x1fc ./source/eGFX/eGFX.o
                0x000026ac                eGFX_GetPixel
 .text.eGFX_DrawLine
                0x000028a8      0x1dc ./source/eGFX/eGFX.o
                0x000028a8                eGFX_DrawLine
 .text.eGFX_ImagePlaneInit
                0x00002a84       0x3c ./source/eGFX/eGFX.o
                0x00002a84                eGFX_ImagePlaneInit
 .text.eGFX_ImagePlane_Clear
                0x00002ac0      0x180 ./source/eGFX/eGFX.o
                0x00002ac0                eGFX_ImagePlane_Clear
 .text.SetSSD1325_DataBusAsInputs
                0x00002c40       0x80 ./source/eGFX/eGFX_Driver_FRDM-OLED_NHD-2.712864.o
                0x00002c40                SetSSD1325_DataBusAsInputs
 .text.SetSSD1325_DataBusAsOutputs
                0x00002cc0       0x80 ./source/eGFX/eGFX_Driver_FRDM-OLED_NHD-2.712864.o
                0x00002cc0                SetSSD1325_DataBusAsOutputs
 .text.SSD1325_Delay
                0x00002d40       0x24 ./source/eGFX/eGFX_Driver_FRDM-OLED_NHD-2.712864.o
                0x00002d40                SSD1325_Delay
 .text.InitSSD1325_IO
                0x00002d64      0x108 ./source/eGFX/eGFX_Driver_FRDM-OLED_NHD-2.712864.o
                0x00002d64                InitSSD1325_IO
 .text.PutSSD1325_DataBits
                0x00002e6c       0xf0 ./source/eGFX/eGFX_Driver_FRDM-OLED_NHD-2.712864.o
                0x00002e6c                PutSSD1325_DataBits
 .text.SSD1325_Write
                0x00002f5c       0x38 ./source/eGFX/eGFX_Driver_FRDM-OLED_NHD-2.712864.o
                0x00002f5c                SSD1325_Write
 .text.SSD1325_WriteCommandBytes
                0x00002f94       0x68 ./source/eGFX/eGFX_Driver_FRDM-OLED_NHD-2.712864.o
                0x00002f94                SSD1325_WriteCommandBytes
 .text.SSD1325_DisplayModeNormal
                0x00002ffc       0x1c ./source/eGFX/eGFX_Driver_FRDM-OLED_NHD-2.712864.o
                0x00002ffc                SSD1325_DisplayModeNormal
 .text.SSD1325_DisplayOn
                0x00003018       0x1c ./source/eGFX/eGFX_Driver_FRDM-OLED_NHD-2.712864.o
                0x00003018                SSD1325_DisplayOn
 .text.SSD1325_DisplayOff
                0x00003034       0x1c ./source/eGFX/eGFX_Driver_FRDM-OLED_NHD-2.712864.o
                0x00003034                SSD1325_DisplayOff
 .text.SSD1325_SetColumnStartEnd
                0x00003050       0x30 ./source/eGFX/eGFX_Driver_FRDM-OLED_NHD-2.712864.o
                0x00003050                SSD1325_SetColumnStartEnd
 .text.SSD1325_SetRowStartEnd
                0x00003080       0x30 ./source/eGFX/eGFX_Driver_FRDM-OLED_NHD-2.712864.o
                0x00003080                SSD1325_SetRowStartEnd
 .text.SSD1325_SetMuxRatio
                0x000030b0       0x28 ./source/eGFX/eGFX_Driver_FRDM-OLED_NHD-2.712864.o
                0x000030b0                SSD1325_SetMuxRatio
 .text.SSD1325_SetDisplayStartLine
                0x000030d8       0x28 ./source/eGFX/eGFX_Driver_FRDM-OLED_NHD-2.712864.o
                0x000030d8                SSD1325_SetDisplayStartLine
 .text.SSD1325_SetDisplayOffset
                0x00003100       0x28 ./source/eGFX/eGFX_Driver_FRDM-OLED_NHD-2.712864.o
                0x00003100                SSD1325_SetDisplayOffset
 .text.SSD1325_SetRemap
                0x00003128       0x28 ./source/eGFX/eGFX_Driver_FRDM-OLED_NHD-2.712864.o
                0x00003128                SSD1325_SetRemap
 .text.SSD1325_SetCurrentRange
                0x00003150       0x24 ./source/eGFX/eGFX_Driver_FRDM-OLED_NHD-2.712864.o
                0x00003150                SSD1325_SetCurrentRange
 .text.SSD1325_SetFrameFrequency
                0x00003174       0x28 ./source/eGFX/eGFX_Driver_FRDM-OLED_NHD-2.712864.o
                0x00003174                SSD1325_SetFrameFrequency
 .text.SSD1325_MasterConfig
                0x0000319c       0x2c ./source/eGFX/eGFX_Driver_FRDM-OLED_NHD-2.712864.o
                0x0000319c                SSD1325_MasterConfig
 .text.SSD1325_SetPhaseLength
                0x000031c8       0x28 ./source/eGFX/eGFX_Driver_FRDM-OLED_NHD-2.712864.o
                0x000031c8                SSD1325_SetPhaseLength
 .text.SSD1325_SetPrechargeVoltage
                0x000031f0       0x28 ./source/eGFX/eGFX_Driver_FRDM-OLED_NHD-2.712864.o
                0x000031f0                SSD1325_SetPrechargeVoltage
 .text.SSD1325_SetPrechargeCompensation
                0x00003218       0x58 ./source/eGFX/eGFX_Driver_FRDM-OLED_NHD-2.712864.o
                0x00003218                SSD1325_SetPrechargeCompensation
 .text.SSD1325_SetVCOMH
                0x00003270       0x28 ./source/eGFX/eGFX_Driver_FRDM-OLED_NHD-2.712864.o
                0x00003270                SSD1325_SetVCOMH
 .text.SSD1325_SetVSL
                0x00003298       0x2c ./source/eGFX/eGFX_Driver_FRDM-OLED_NHD-2.712864.o
                0x00003298                SSD1325_SetVSL
 .text.SSD1325_SetDisplayClock
                0x000032c4       0x28 ./source/eGFX/eGFX_Driver_FRDM-OLED_NHD-2.712864.o
                0x000032c4                SSD1325_SetDisplayClock
 .text.SSD1325_Set_GrayScaleTable
                0x000032ec       0x3c ./source/eGFX/eGFX_Driver_FRDM-OLED_NHD-2.712864.o
                0x000032ec                SSD1325_Set_GrayScaleTable
 .text.SSD1325_SetContrastCurrent
                0x00003328       0x28 ./source/eGFX/eGFX_Driver_FRDM-OLED_NHD-2.712864.o
                0x00003328                SSD1325_SetContrastCurrent
 .text.eGFX_InitDriver
                0x00003350       0xc8 ./source/eGFX/eGFX_Driver_FRDM-OLED_NHD-2.712864.o
                0x00003350                eGFX_InitDriver
 .text.eGFX_Dump
                0x00003418       0xa0 ./source/eGFX/eGFX_Driver_FRDM-OLED_NHD-2.712864.o
                0x00003418                eGFX_Dump
 .text.NVIC_EnableIRQ
                0x000034b8       0x34 ./source/FRDM-K66F_AUDIO.o
 .text.CLOCK_EnableClock
                0x000034ec       0x38 ./source/FRDM-K66F_AUDIO.o
 .text.PORT_SetPinConfig
                0x00003524       0x44 ./source/FRDM-K66F_AUDIO.o
 .text.i2c_master_callback
                0x00003568       0x40 ./source/FRDM-K66F_AUDIO.o
 .text.I2C_WriteAudioReg
                0x000035a8       0xb0 ./source/FRDM-K66F_AUDIO.o
 .text.toggleScreen
                0x00003658       0x8c ./source/FRDM-K66F_AUDIO.o
                0x00003658                toggleScreen
 .text.InitSAI  0x000036e4      0x3a0 ./source/FRDM-K66F_AUDIO.o
 .text.I2S0_Rx_IRQHandler
                0x00003a84       0x84 ./source/FRDM-K66F_AUDIO.o
                0x00003a84                I2S0_Rx_IRQHandler
 .text.InitAudio
                0x00003b08      0x134 ./source/FRDM-K66F_AUDIO.o
                0x00003b08                InitAudio
 .text.main     0x00003c3c       0x50 ./source/main.o
                0x00003c3c                main
 .text.CLOCK_SetEr32kClock
                0x00003c8c       0x30 ./drivers/fsl_clock.o
 .text.CLOCK_SetPllFllSelClock
                0x00003cbc       0x58 ./drivers/fsl_clock.o
 .text.OSC_SetExtRefClkConfig
                0x00003d14       0x40 ./drivers/fsl_clock.o
 .text.OSC_SetCapLoad
                0x00003d54       0x34 ./drivers/fsl_clock.o
 .text.CLOCK_GetMcgExtClkFreq
                0x00003d88       0x8c ./drivers/fsl_clock.o
 .text.CLOCK_GetFllExtRefClkFreq
                0x00003e14       0xc8 ./drivers/fsl_clock.o
 .text.CLOCK_GetInternalRefClkSelectFreq
                0x00003edc       0x44 ./drivers/fsl_clock.o
 .text.CLOCK_GetFllRefClkFreq
                0x00003f20       0x2c ./drivers/fsl_clock.o
 .text.CLOCK_GetPll0RefFreq
                0x00003f4c       0x10 ./drivers/fsl_clock.o
 .text.CLOCK_GetOscRangeFromFreq
                0x00003f5c       0x3c ./drivers/fsl_clock.o
 .text.CLOCK_GetOsc0ErClkUndivFreq
                0x00003f98       0x48 ./drivers/fsl_clock.o
                0x00003f98                CLOCK_GetOsc0ErClkUndivFreq
 .text.CLOCK_GetOsc0ErClkDivFreq
                0x00003fe0       0x58 ./drivers/fsl_clock.o
                0x00003fe0                CLOCK_GetOsc0ErClkDivFreq
 .text.CLOCK_GetEr32kClkFreq
                0x00004038       0x80 ./drivers/fsl_clock.o
                0x00004038                CLOCK_GetEr32kClkFreq
 .text.CLOCK_GetPllFllSelClkFreq
                0x000040b8       0x7c ./drivers/fsl_clock.o
                0x000040b8                CLOCK_GetPllFllSelClkFreq
 .text.CLOCK_GetCoreSysClkFreq
                0x00004134       0x28 ./drivers/fsl_clock.o
                0x00004134                CLOCK_GetCoreSysClkFreq
 .text.CLOCK_GetFreq
                0x0000415c      0x150 ./drivers/fsl_clock.o
                0x0000415c                CLOCK_GetFreq
 .text.CLOCK_SetSimConfig
                0x000042ac       0x44 ./drivers/fsl_clock.o
                0x000042ac                CLOCK_SetSimConfig
 .text.CLOCK_GetOutClkFreq
                0x000042f0       0x90 ./drivers/fsl_clock.o
                0x000042f0                CLOCK_GetOutClkFreq
 .text.CLOCK_GetFllFreq
                0x00004380       0x78 ./drivers/fsl_clock.o
                0x00004380                CLOCK_GetFllFreq
 .text.CLOCK_GetInternalRefClkFreq
                0x000043f8       0x24 ./drivers/fsl_clock.o
                0x000043f8                CLOCK_GetInternalRefClkFreq
 .text.CLOCK_GetFixedFreqClkFreq
                0x0000441c       0x30 ./drivers/fsl_clock.o
                0x0000441c                CLOCK_GetFixedFreqClkFreq
 .text.CLOCK_GetPll0Freq
                0x0000444c       0x5c ./drivers/fsl_clock.o
                0x0000444c                CLOCK_GetPll0Freq
 .text.CLOCK_GetExtPllFreq
                0x000044a8       0x18 ./drivers/fsl_clock.o
                0x000044a8                CLOCK_GetExtPllFreq
 .text.CLOCK_SetExternalRefClkConfig
                0x000044c0       0x90 ./drivers/fsl_clock.o
                0x000044c0                CLOCK_SetExternalRefClkConfig
 .text.CLOCK_SetInternalRefClkConfig
                0x00004550      0x104 ./drivers/fsl_clock.o
                0x00004550                CLOCK_SetInternalRefClkConfig
 .text.CLOCK_EnablePll0
                0x00004654       0x94 ./drivers/fsl_clock.o
                0x00004654                CLOCK_EnablePll0
 .text.CLOCK_InitOsc0
                0x000046e8       0x8c ./drivers/fsl_clock.o
                0x000046e8                CLOCK_InitOsc0
 .text.CLOCK_SetPbeMode
                0x00004774       0xd0 ./drivers/fsl_clock.o
                0x00004774                CLOCK_SetPbeMode
 .text.CLOCK_BootToPeeMode
                0x00004844       0x74 ./drivers/fsl_clock.o
                0x00004844                CLOCK_BootToPeeMode
 .text.__assert_func
                0x000048b8       0x28 ./drivers/fsl_common.o
                0x000048b8                __assert_func
 .text.DSPI_IsMaster
                0x000048e0       0x1c ./drivers/fsl_dspi.o
 .text.DSPI_CommonIRQHandler
                0x000048fc       0x3c ./drivers/fsl_dspi.o
 .text.SPI0_DriverIRQHandler
                0x00004938       0x40 ./drivers/fsl_dspi.o
                0x00004938                SPI0_DriverIRQHandler
 .text.SPI1_DriverIRQHandler
                0x00004978       0x40 ./drivers/fsl_dspi.o
                0x00004978                SPI1_DriverIRQHandler
 .text.SPI2_DriverIRQHandler
                0x000049b8       0x40 ./drivers/fsl_dspi.o
                0x000049b8                SPI2_DriverIRQHandler
 .text.EDMA_GetChannelStatusFlags
                0x000049f8       0x84 ./drivers/fsl_edma.o
                0x000049f8                EDMA_GetChannelStatusFlags
 .text.EDMA_HandleIRQ
                0x00004a7c      0x14c ./drivers/fsl_edma.o
                0x00004a7c                EDMA_HandleIRQ
 .text.DMA0_DMA16_IRQHandler
                0x00004bc8       0x48 ./drivers/fsl_edma.o
                0x00004bc8                DMA0_DMA16_IRQHandler
 .text.DMA1_DMA17_IRQHandler
                0x00004c10       0x48 ./drivers/fsl_edma.o
                0x00004c10                DMA1_DMA17_IRQHandler
 .text.DMA2_DMA18_IRQHandler
                0x00004c58       0x48 ./drivers/fsl_edma.o
                0x00004c58                DMA2_DMA18_IRQHandler
 .text.DMA3_DMA19_IRQHandler
                0x00004ca0       0x48 ./drivers/fsl_edma.o
                0x00004ca0                DMA3_DMA19_IRQHandler
 .text.DMA4_DMA20_IRQHandler
                0x00004ce8       0x48 ./drivers/fsl_edma.o
                0x00004ce8                DMA4_DMA20_IRQHandler
 .text.DMA5_DMA21_IRQHandler
                0x00004d30       0x48 ./drivers/fsl_edma.o
                0x00004d30                DMA5_DMA21_IRQHandler
 .text.DMA6_DMA22_IRQHandler
                0x00004d78       0x48 ./drivers/fsl_edma.o
                0x00004d78                DMA6_DMA22_IRQHandler
 .text.DMA7_DMA23_IRQHandler
                0x00004dc0       0x48 ./drivers/fsl_edma.o
                0x00004dc0                DMA7_DMA23_IRQHandler
 .text.DMA8_DMA24_IRQHandler
                0x00004e08       0x48 ./drivers/fsl_edma.o
                0x00004e08                DMA8_DMA24_IRQHandler
 .text.DMA9_DMA25_IRQHandler
                0x00004e50       0x48 ./drivers/fsl_edma.o
                0x00004e50                DMA9_DMA25_IRQHandler
 .text.DMA10_DMA26_IRQHandler
                0x00004e98       0x48 ./drivers/fsl_edma.o
                0x00004e98                DMA10_DMA26_IRQHandler
 .text.DMA11_DMA27_IRQHandler
                0x00004ee0       0x48 ./drivers/fsl_edma.o
                0x00004ee0                DMA11_DMA27_IRQHandler
 .text.DMA12_DMA28_IRQHandler
                0x00004f28       0x48 ./drivers/fsl_edma.o
                0x00004f28                DMA12_DMA28_IRQHandler
 .text.DMA13_DMA29_IRQHandler
                0x00004f70       0x48 ./drivers/fsl_edma.o
                0x00004f70                DMA13_DMA29_IRQHandler
 .text.DMA14_DMA30_IRQHandler
                0x00004fb8       0x48 ./drivers/fsl_edma.o
                0x00004fb8                DMA14_DMA30_IRQHandler
 .text.DMA15_DMA31_IRQHandler
                0x00005000       0x48 ./drivers/fsl_edma.o
                0x00005000                DMA15_DMA31_IRQHandler
 .text.ENET_EnableSleepMode
                0x00005048       0x38 ./drivers/fsl_enet.o
 .text.ENET_TransmitIRQHandler
                0x00005080       0x60 ./drivers/fsl_enet.o
                0x00005080                ENET_TransmitIRQHandler
 .text.ENET_ReceiveIRQHandler
                0x000050e0       0x60 ./drivers/fsl_enet.o
                0x000050e0                ENET_ReceiveIRQHandler
 .text.ENET_ErrorIRQHandler
                0x00005140       0x98 ./drivers/fsl_enet.o
                0x00005140                ENET_ErrorIRQHandler
 .text.ENET_Transmit_IRQHandler
                0x000051d8       0x1c ./drivers/fsl_enet.o
                0x000051d8                ENET_Transmit_IRQHandler
 .text.ENET_Receive_IRQHandler
                0x000051f4       0x1c ./drivers/fsl_enet.o
                0x000051f4                ENET_Receive_IRQHandler
 .text.ENET_Error_IRQHandler
                0x00005210       0x1c ./drivers/fsl_enet.o
                0x00005210                ENET_Error_IRQHandler
 .text.ENET_1588_Timer_IRQHandler
                0x0000522c       0x10 ./drivers/fsl_enet.o
                0x0000522c                ENET_1588_Timer_IRQHandler
 .text.FLEXCAN_ClearStatusFlags
                0x0000523c       0x1c ./drivers/fsl_flexcan.o
 .text.FLEXCAN_GetMbStatusFlags
                0x00005258       0x20 ./drivers/fsl_flexcan.o
 .text.FLEXCAN_ClearMbStatusFlags
                0x00005278       0x1c ./drivers/fsl_flexcan.o
 .text.FLEXCAN_DisableMbInterrupts
                0x00005294       0x24 ./drivers/fsl_flexcan.o
 .text.FLEXCAN_IsMbOccupied
                0x000052b8       0x50 ./drivers/fsl_flexcan.o
 .text.FLEXCAN_IsMbIntEnabled
                0x00005308       0x4c ./drivers/fsl_flexcan.o
 .text.FLEXCAN_SetTxMbConfig
                0x00005354       0xb4 ./drivers/fsl_flexcan.o
                0x00005354                FLEXCAN_SetTxMbConfig
 .text.FLEXCAN_ReadRxMb
                0x00005408      0x140 ./drivers/fsl_flexcan.o
                0x00005408                FLEXCAN_ReadRxMb
 .text.FlEXCAN_ReadRxFifo
                0x00005548       0xd8 ./drivers/fsl_flexcan.o
                0x00005548                FlEXCAN_ReadRxFifo
 .text.FLEXCAN_TransferAbortSend
                0x00005620       0xac ./drivers/fsl_flexcan.o
                0x00005620                FLEXCAN_TransferAbortSend
 .text.FLEXCAN_TransferAbortReceive
                0x000056cc       0xa0 ./drivers/fsl_flexcan.o
                0x000056cc                FLEXCAN_TransferAbortReceive
 .text.FLEXCAN_TransferAbortReceiveFifo
                0x0000576c       0x54 ./drivers/fsl_flexcan.o
                0x0000576c                FLEXCAN_TransferAbortReceiveFifo
 .text.FLEXCAN_TransferHandleIRQ
                0x000057c0      0x22c ./drivers/fsl_flexcan.o
                0x000057c0                FLEXCAN_TransferHandleIRQ
 .text.CAN0_DriverIRQHandler
                0x000059ec       0x40 ./drivers/fsl_flexcan.o
                0x000059ec                CAN0_DriverIRQHandler
 .text.CAN1_DriverIRQHandler
                0x00005a2c       0x40 ./drivers/fsl_flexcan.o
                0x00005a2c                CAN1_DriverIRQHandler
 .text.NVIC_EnableIRQ
                0x00005a6c       0x34 ./drivers/fsl_i2c.o
 .text.CLOCK_EnableClock
                0x00005aa0       0x38 ./drivers/fsl_i2c.o
 .text.EnableIRQ
                0x00005ad8       0x1c ./drivers/fsl_i2c.o
 .text.I2C_MasterClearStatusFlags
                0x00005af4       0x64 ./drivers/fsl_i2c.o
 .text.I2C_GetInstance
                0x00005b58       0x58 ./drivers/fsl_i2c.o
                0x00005b58                I2C_GetInstance
 .text.I2C_InitTransferStateMachine
                0x00005bb0       0xc4 ./drivers/fsl_i2c.o
 .text.I2C_CheckAndClearError
                0x00005c74       0x44 ./drivers/fsl_i2c.o
 .text.I2C_MasterTransferRunStateMachine
                0x00005cb8      0x22c ./drivers/fsl_i2c.o
 .text.I2C_TransferCommonIRQHandler
                0x00005ee4       0x4c ./drivers/fsl_i2c.o
 .text.I2C_MasterInit
                0x00005f30       0xe8 ./drivers/fsl_i2c.o
                0x00005f30                I2C_MasterInit
 .text.I2C_MasterGetDefaultConfig
                0x00006018       0x54 ./drivers/fsl_i2c.o
                0x00006018                I2C_MasterGetDefaultConfig
 .text.I2C_EnableInterrupts
                0x0000606c       0x4c ./drivers/fsl_i2c.o
                0x0000606c                I2C_EnableInterrupts
 .text.I2C_DisableInterrupts
                0x000060b8       0x4c ./drivers/fsl_i2c.o
                0x000060b8                I2C_DisableInterrupts
 .text.I2C_MasterSetBaudRate
                0x00006104       0xe0 ./drivers/fsl_i2c.o
                0x00006104                I2C_MasterSetBaudRate
 .text.I2C_MasterStart
                0x000061e4       0x64 ./drivers/fsl_i2c.o
                0x000061e4                I2C_MasterStart
 .text.I2C_MasterRepeatedStart
                0x00006248       0x9c ./drivers/fsl_i2c.o
                0x00006248                I2C_MasterRepeatedStart
 .text.I2C_MasterStop
                0x000062e4       0x58 ./drivers/fsl_i2c.o
                0x000062e4                I2C_MasterStop
 .text.I2C_MasterGetStatusFlags
                0x0000633c       0x4c ./drivers/fsl_i2c.o
                0x0000633c                I2C_MasterGetStatusFlags
 .text.I2C_MasterTransferCreateHandle
                0x00006388       0x84 ./drivers/fsl_i2c.o
                0x00006388                I2C_MasterTransferCreateHandle
 .text.I2C_MasterTransferNonBlocking
                0x0000640c       0x7c ./drivers/fsl_i2c.o
                0x0000640c                I2C_MasterTransferNonBlocking
 .text.I2C_MasterTransferHandleIRQ
                0x00006488       0xb8 ./drivers/fsl_i2c.o
                0x00006488                I2C_MasterTransferHandleIRQ
 .text.I2C0_DriverIRQHandler
                0x00006540       0x1c ./drivers/fsl_i2c.o
                0x00006540                I2C0_DriverIRQHandler
 .text.I2C1_DriverIRQHandler
                0x0000655c       0x1c ./drivers/fsl_i2c.o
                0x0000655c                I2C1_DriverIRQHandler
 .text.I2C2_DriverIRQHandler
                0x00006578       0x1c ./drivers/fsl_i2c.o
                0x00006578                I2C2_DriverIRQHandler
 .text.I2C3_DriverIRQHandler
                0x00006594       0x1c ./drivers/fsl_i2c.o
                0x00006594                I2C3_DriverIRQHandler
 .text.CLOCK_EnableClock
                0x000065b0       0x38 ./drivers/fsl_lpuart.o
 .text.LPUART_GetInstance
                0x000065e8       0x54 ./drivers/fsl_lpuart.o
                0x000065e8                LPUART_GetInstance
 .text.LPUART_Init
                0x0000663c      0x1fc ./drivers/fsl_lpuart.o
                0x0000663c                LPUART_Init
 .text.LPUART_GetDefaultConfig
                0x00006838       0x50 ./drivers/fsl_lpuart.o
                0x00006838                LPUART_GetDefaultConfig
 .text.LPUART_GetStatusFlags
                0x00006888       0x1c ./drivers/fsl_lpuart.o
                0x00006888                LPUART_GetStatusFlags
 .text.LPUART_ClearStatusFlags
                0x000068a4       0x74 ./drivers/fsl_lpuart.o
                0x000068a4                LPUART_ClearStatusFlags
 .text.LPUART_WriteBlocking
                0x00006918       0x40 ./drivers/fsl_lpuart.o
                0x00006918                LPUART_WriteBlocking
 .text.LPUART_ReadBlocking
                0x00006958       0xac ./drivers/fsl_lpuart.o
                0x00006958                LPUART_ReadBlocking
 .text.LPUART0_DriverIRQHandler
                0x00006a04       0x24 ./drivers/fsl_lpuart.o
                0x00006a04                LPUART0_DriverIRQHandler
 .text.SAI_TxClearStatusFlags
                0x00006a28       0x28 ./drivers/fsl_sai.o
 .text.SAI_RxClearStatusFlags
                0x00006a50       0x2c ./drivers/fsl_sai.o
 .text.SAI_TxDisableInterrupts
                0x00006a7c       0x28 ./drivers/fsl_sai.o
 .text.SAI_RxDisableInterrupts
                0x00006aa4       0x2c ./drivers/fsl_sai.o
 .text.SAI_WriteNonBlocking
                0x00006ad0       0x98 ./drivers/fsl_sai.o
 .text.SAI_ReadNonBlocking
                0x00006b68       0x7c ./drivers/fsl_sai.o
 .text.SAI_TxEnable
                0x00006be4       0x6c ./drivers/fsl_sai.o
                0x00006be4                SAI_TxEnable
 .text.SAI_RxEnable
                0x00006c50       0x70 ./drivers/fsl_sai.o
                0x00006c50                SAI_RxEnable
 .text.SAI_TransferAbortSend
                0x00006cc0       0x68 ./drivers/fsl_sai.o
                0x00006cc0                SAI_TransferAbortSend
 .text.SAI_TransferAbortReceive
                0x00006d28       0x68 ./drivers/fsl_sai.o
                0x00006d28                SAI_TransferAbortReceive
 .text.SAI_TransferTxHandleIRQ
                0x00006d90      0x1c4 ./drivers/fsl_sai.o
                0x00006d90                SAI_TransferTxHandleIRQ
 .text.SAI_TransferRxHandleIRQ
                0x00006f54      0x1c0 ./drivers/fsl_sai.o
                0x00006f54                SAI_TransferRxHandleIRQ
 .text.I2S0_Tx_DriverIRQHandler
                0x00007114       0x40 ./drivers/fsl_sai.o
                0x00007114                I2S0_Tx_DriverIRQHandler
 .text.I2S0_Rx_DriverIRQHandler
                0x00007154       0x40 ./drivers/fsl_sai.o
                0x00007154                I2S0_Rx_DriverIRQHandler
 .text.SDHC_GetInterruptStatusFlags
                0x00007194       0x18 ./drivers/fsl_sdhc.o
 .text.SDHC_ClearInterruptStatusFlags
                0x000071ac       0x1c ./drivers/fsl_sdhc.o
 .text.SDHC_GetCommandResponse
                0x000071c8       0x3c ./drivers/fsl_sdhc.o
 .text.SDHC_WriteData
                0x00007204       0x1c ./drivers/fsl_sdhc.o
 .text.SDHC_ReadData
                0x00007220       0x18 ./drivers/fsl_sdhc.o
 .text.SDHC_ReceiveCommandResponse
                0x00007238       0xdc ./drivers/fsl_sdhc.o
 .text.SDHC_ReadDataPort
                0x00007314       0xac ./drivers/fsl_sdhc.o
 .text.SDHC_WriteDataPort
                0x000073c0       0xb0 ./drivers/fsl_sdhc.o
 .text.SDHC_TransferHandleCardDetect
                0x00007470       0x60 ./drivers/fsl_sdhc.o
 .text.SDHC_TransferHandleCommand
                0x000074d0       0x98 ./drivers/fsl_sdhc.o
 .text.SDHC_TransferHandleData
                0x00007568       0xf8 ./drivers/fsl_sdhc.o
 .text.SDHC_TransferHandleSdioInterrupt
                0x00007660       0x20 ./drivers/fsl_sdhc.o
 .text.SDHC_TransferHandleSdioBlockGap
                0x00007680       0x20 ./drivers/fsl_sdhc.o
 .text.SDHC_TransferHandleIRQ
                0x000076a0       0xbc ./drivers/fsl_sdhc.o
                0x000076a0                SDHC_TransferHandleIRQ
 .text.SDHC_DriverIRQHandler
                0x0000775c       0x40 ./drivers/fsl_sdhc.o
                0x0000775c                SDHC_DriverIRQHandler
 .text.CLOCK_EnableClock
                0x0000779c       0x38 ./drivers/fsl_uart.o
 .text.UART_GetInstance
                0x000077d4       0x60 ./drivers/fsl_uart.o
                0x000077d4                UART_GetInstance
 .text.UART_Init
                0x00007834      0x230 ./drivers/fsl_uart.o
                0x00007834                UART_Init
 .text.UART_GetDefaultConfig
                0x00007a64       0x5c ./drivers/fsl_uart.o
                0x00007a64                UART_GetDefaultConfig
 .text.UART_GetStatusFlags
                0x00007ac0       0x48 ./drivers/fsl_uart.o
                0x00007ac0                UART_GetStatusFlags
 .text.UART_WriteBlocking
                0x00007b08       0x40 ./drivers/fsl_uart.o
                0x00007b08                UART_WriteBlocking
 .text.UART_ReadBlocking
                0x00007b48       0x84 ./drivers/fsl_uart.o
                0x00007b48                UART_ReadBlocking
 .text.UART0_DriverIRQHandler
                0x00007bcc       0x24 ./drivers/fsl_uart.o
                0x00007bcc                UART0_DriverIRQHandler
 .text.UART0_RX_TX_DriverIRQHandler
                0x00007bf0        0xc ./drivers/fsl_uart.o
                0x00007bf0                UART0_RX_TX_DriverIRQHandler
 .text.UART1_DriverIRQHandler
                0x00007bfc       0x24 ./drivers/fsl_uart.o
                0x00007bfc                UART1_DriverIRQHandler
 .text.UART1_RX_TX_DriverIRQHandler
                0x00007c20        0xc ./drivers/fsl_uart.o
                0x00007c20                UART1_RX_TX_DriverIRQHandler
 .text.UART2_DriverIRQHandler
                0x00007c2c       0x24 ./drivers/fsl_uart.o
                0x00007c2c                UART2_DriverIRQHandler
 .text.UART2_RX_TX_DriverIRQHandler
                0x00007c50        0xc ./drivers/fsl_uart.o
                0x00007c50                UART2_RX_TX_DriverIRQHandler
 .text.UART3_DriverIRQHandler
                0x00007c5c       0x24 ./drivers/fsl_uart.o
                0x00007c5c                UART3_DriverIRQHandler
 .text.UART3_RX_TX_DriverIRQHandler
                0x00007c80        0xc ./drivers/fsl_uart.o
                0x00007c80                UART3_RX_TX_DriverIRQHandler
 .text.UART4_DriverIRQHandler
                0x00007c8c       0x24 ./drivers/fsl_uart.o
                0x00007c8c                UART4_DriverIRQHandler
 .text.UART4_RX_TX_DriverIRQHandler
                0x00007cb0        0xc ./drivers/fsl_uart.o
                0x00007cb0                UART4_RX_TX_DriverIRQHandler
 .text.BOARD_InitDebugConsole
                0x00007cbc       0x28 ./board/board.o
                0x00007cbc                BOARD_InitDebugConsole
 .text.CLOCK_SetXtal0Freq
                0x00007ce4       0x20 ./board/clock_config.o
 .text.CLOCK_SetSimSafeDivs
                0x00007d04       0x24 ./board/clock_config.o
 .text.BOARD_BootClockRUN
                0x00007d28       0x54 ./board/clock_config.o
                0x00007d28                BOARD_BootClockRUN
 .text.CLOCK_EnableClock
                0x00007d7c       0x38 ./board/pin_mux.o
 .text.PORT_SetPinMux
                0x00007db4       0x3c ./board/pin_mux.o
 .text.BOARD_InitPins
                0x00007df0       0x2c ./board/pin_mux.o
                0x00007df0                BOARD_InitPins
 .text.modf     0x00007e1c       0xb0 c:/program files (x86)/gnu tools arm embedded/5.4 2016q2/bin/../lib/gcc/arm-none-eabi/5.4.1/../../../../arm-none-eabi/lib/armv7e-m/fpu\libm.a(lib_a-s_modf.o)
                0x00007e1c                modf
 *fill*         0x00007ecc        0x4 
 .text.pow      0x00007ed0      0x338 c:/program files (x86)/gnu tools arm embedded/5.4 2016q2/bin/../lib/gcc/arm-none-eabi/5.4.1/../../../../arm-none-eabi/lib/armv7e-m/fpu\libm.a(lib_a-w_pow.o)
                0x00007ed0                pow
 .text.__ieee754_pow
                0x00008208      0xb10 c:/program files (x86)/gnu tools arm embedded/5.4 2016q2/bin/../lib/gcc/arm-none-eabi/5.4.1/../../../../arm-none-eabi/lib/armv7e-m/fpu\libm.a(lib_a-e_pow.o)
                0x00008208                __ieee754_pow
 .text.__ieee754_sqrt
                0x00008d18      0x1a0 c:/program files (x86)/gnu tools arm embedded/5.4 2016q2/bin/../lib/gcc/arm-none-eabi/5.4.1/../../../../arm-none-eabi/lib/armv7e-m/fpu\libm.a(lib_a-e_sqrt.o)
                0x00008d18                __ieee754_sqrt
 .text.fabs     0x00008eb8       0x10 c:/program files (x86)/gnu tools arm embedded/5.4 2016q2/bin/../lib/gcc/arm-none-eabi/5.4.1/../../../../arm-none-eabi/lib/armv7e-m/fpu\libm.a(lib_a-s_fabs.o)
                0x00008eb8                fabs
 .text.finite   0x00008ec8       0x10 c:/program files (x86)/gnu tools arm embedded/5.4 2016q2/bin/../lib/gcc/arm-none-eabi/5.4.1/../../../../arm-none-eabi/lib/armv7e-m/fpu\libm.a(lib_a-s_finite.o)
                0x00008ec8                finite
 .text.matherr  0x00008ed8        0x4 c:/program files (x86)/gnu tools arm embedded/5.4 2016q2/bin/../lib/gcc/arm-none-eabi/5.4.1/../../../../arm-none-eabi/lib/armv7e-m/fpu\libm.a(lib_a-s_matherr.o)
                0x00008ed8                matherr
 *fill*         0x00008edc        0x4 
 .text.nan      0x00008ee0       0x10 c:/program files (x86)/gnu tools arm embedded/5.4 2016q2/bin/../lib/gcc/arm-none-eabi/5.4.1/../../../../arm-none-eabi/lib/armv7e-m/fpu\libm.a(lib_a-s_nan.o)
                0x00008ee0                nan
 .text.rint     0x00008ef0      0x128 c:/program files (x86)/gnu tools arm embedded/5.4 2016q2/bin/../lib/gcc/arm-none-eabi/5.4.1/../../../../arm-none-eabi/lib/armv7e-m/fpu\libm.a(lib_a-s_rint.o)
                0x00008ef0                rint
 .text.scalbn   0x00009018      0x10c c:/program files (x86)/gnu tools arm embedded/5.4 2016q2/bin/../lib/gcc/arm-none-eabi/5.4.1/../../../../arm-none-eabi/lib/armv7e-m/fpu\libm.a(lib_a-s_scalbn.o)
                0x00009018                scalbn
 .text.copysign
                0x00009124       0x1c c:/program files (x86)/gnu tools arm embedded/5.4 2016q2/bin/../lib/gcc/arm-none-eabi/5.4.1/../../../../arm-none-eabi/lib/armv7e-m/fpu\libm.a(lib_a-s_copysign.o)
                0x00009124                copysign
 .text.__errno  0x00009140        0xc c:/program files (x86)/gnu tools arm embedded/5.4 2016q2/bin/../lib/gcc/arm-none-eabi/5.4.1/../../../../arm-none-eabi/lib/armv7e-m/fpu\libg_nano.a(lib_a-errno.o)
                0x00009140                __errno
 .text.exit     0x0000914c       0x28 c:/program files (x86)/gnu tools arm embedded/5.4 2016q2/bin/../lib/gcc/arm-none-eabi/5.4.1/../../../../arm-none-eabi/lib/armv7e-m/fpu\libg_nano.a(lib_a-exit.o)
                0x0000914c                exit
 .text.__libc_init_array
                0x00009174       0x4c c:/program files (x86)/gnu tools arm embedded/5.4 2016q2/bin/../lib/gcc/arm-none-eabi/5.4.1/../../../../arm-none-eabi/lib/armv7e-m/fpu\libg_nano.a(lib_a-init.o)
                0x00009174                __libc_init_array
 .text.memcpy   0x000091c0       0x16 c:/program files (x86)/gnu tools arm embedded/5.4 2016q2/bin/../lib/gcc/arm-none-eabi/5.4.1/../../../../arm-none-eabi/lib/armv7e-m/fpu\libg_nano.a(lib_a-memcpy-stub.o)
                0x000091c0                memcpy
 .text.memset   0x000091d6       0x10 c:/program files (x86)/gnu tools arm embedded/5.4 2016q2/bin/../lib/gcc/arm-none-eabi/5.4.1/../../../../arm-none-eabi/lib/armv7e-m/fpu\libg_nano.a(lib_a-memset.o)
                0x000091d6                memset
 *fill*         0x000091e6        0x2 
 .text._exit    0x000091e8        0x4 c:/program files (x86)/gnu tools arm embedded/5.4 2016q2/bin/../lib/gcc/arm-none-eabi/5.4.1/../../../../arm-none-eabi/lib/armv7e-m/fpu\libnosys.a(_exit.o)
                0x000091e8                _exit
 *(.rodata)
 .rodata        0x000091ec       0x56 ./source/FRDM-K66F_AUDIO.o
 *fill*         0x00009242        0x2 
 .rodata        0x00009244       0xb7 ./drivers/fsl_clock.o
 *fill*         0x000092fb        0x1 
 .rodata        0x000092fc       0x3e ./drivers/fsl_common.o
 *fill*         0x0000933a        0x2 
 .rodata        0x0000933c       0xa0 ./drivers/fsl_dspi.o
 .rodata        0x000093dc      0x236 ./drivers/fsl_edma.o
 *fill*         0x00009612        0x2 
 .rodata        0x00009614      0x2f0 ./drivers/fsl_enet.o
 .rodata        0x00009904      0x2cb ./drivers/fsl_flexcan.o
 *fill*         0x00009bcf        0x1 
 .rodata        0x00009bd0       0xca ./drivers/fsl_i2c.o
 *fill*         0x00009c9a        0x2 
 .rodata        0x00009c9c       0x4f ./drivers/fsl_lpuart.o
 *fill*         0x00009ceb        0x1 
 .rodata        0x00009cec       0x6e ./drivers/fsl_sai.o
 *fill*         0x00009d5a        0x2 
 .rodata        0x00009d5c      0x19c ./drivers/fsl_sdhc.o
 .rodata        0x00009ef8       0xc3 ./drivers/fsl_uart.o
 *(.rodata*)
 *fill*         0x00009fbb        0x1 
 .rodata.__func__.7870
                0x00009fbc       0x12 ./source/FRDM-K66F_AUDIO.o
 *fill*         0x00009fce        0x2 
 .rodata.__func__.7218
                0x00009fd0       0x17 ./drivers/fsl_clock.o
 *fill*         0x00009fe7        0x1 
 .rodata.__func__.7263
                0x00009fe8       0x1c ./drivers/fsl_clock.o
 .rodata.__func__.7267
                0x0000a004       0x1a ./drivers/fsl_clock.o
 *fill*         0x0000a01e        0x2 
 .rodata.__func__.7275
                0x0000a020       0x16 ./drivers/fsl_clock.o
 *fill*         0x0000a036        0x2 
 .rodata.fllFactorTable.7369
                0x0000a038       0x10 ./drivers/fsl_clock.o
 .rodata.__func__.7437
                0x0000a048       0x11 ./drivers/fsl_clock.o
 *fill*         0x0000a059        0x3 
 .rodata.__func__.7640
                0x0000a05c       0x14 ./drivers/fsl_clock.o
 .rodata.__func__.7869
                0x0000a070       0x16 ./drivers/fsl_dspi.o
 *fill*         0x0000a086        0x2 
 .rodata.__func__.7873
                0x0000a088       0x16 ./drivers/fsl_dspi.o
 *fill*         0x0000a09e        0x2 
 .rodata.__func__.7877
                0x0000a0a0       0x16 ./drivers/fsl_dspi.o
 *fill*         0x0000a0b6        0x2 
 .rodata.__func__.7617
                0x0000a0b8       0x1b ./drivers/fsl_edma.o
 *fill*         0x0000a0d3        0x1 
 .rodata.__func__.7703
                0x0000a0d4        0xf ./drivers/fsl_edma.o
 *fill*         0x0000a0e3        0x1 
 .rodata.__func__.7651
                0x0000a0e4       0x18 ./drivers/fsl_enet.o
 .rodata.__func__.7656
                0x0000a0fc       0x17 ./drivers/fsl_enet.o
 *fill*         0x0000a113        0x1 
 .rodata.__func__.7661
                0x0000a114       0x15 ./drivers/fsl_enet.o
 *fill*         0x0000a129        0x3 
 .rodata.__func__.7541
                0x0000a12c       0x17 ./drivers/fsl_flexcan.o
 *fill*         0x0000a143        0x1 
 .rodata.__func__.7605
                0x0000a144       0x16 ./drivers/fsl_flexcan.o
 *fill*         0x0000a15a        0x2 
 .rodata.__func__.7654
                0x0000a15c       0x11 ./drivers/fsl_flexcan.o
 *fill*         0x0000a16d        0x3 
 .rodata.__func__.7661
                0x0000a170       0x13 ./drivers/fsl_flexcan.o
 *fill*         0x0000a183        0x1 
 .rodata.__func__.7718
                0x0000a184       0x1a ./drivers/fsl_flexcan.o
 *fill*         0x0000a19e        0x2 
 .rodata.__func__.7724
                0x0000a1a0       0x1d ./drivers/fsl_flexcan.o
 *fill*         0x0000a1bd        0x3 
 .rodata.__func__.7729
                0x0000a1c0       0x21 ./drivers/fsl_flexcan.o
 *fill*         0x0000a1e1        0x3 
 .rodata.__func__.7734
                0x0000a1e4       0x1a ./drivers/fsl_flexcan.o
 *fill*         0x0000a1fe        0x2 
 .rodata.__func__.7756
                0x0000a200       0x16 ./drivers/fsl_flexcan.o
 *fill*         0x0000a216        0x2 
 .rodata.__func__.7760
                0x0000a218       0x16 ./drivers/fsl_flexcan.o
 *fill*         0x0000a22e        0x2 
 .rodata.s_i2cDividerTable
                0x0000a230       0x80 ./drivers/fsl_i2c.o
                0x0000a230                s_i2cDividerTable
 .rodata.s_i2cBases
                0x0000a2b0       0x10 ./drivers/fsl_i2c.o
 .rodata.s_i2cIrqs
                0x0000a2c0        0x4 ./drivers/fsl_i2c.o
                0x0000a2c0                s_i2cIrqs
 .rodata.s_i2cClocks
                0x0000a2c4       0x10 ./drivers/fsl_i2c.o
                0x0000a2c4                s_i2cClocks
 .rodata.__func__.7443
                0x0000a2d4       0x10 ./drivers/fsl_i2c.o
 .rodata.__func__.7484
                0x0000a2e4        0xf ./drivers/fsl_i2c.o
 *fill*         0x0000a2f3        0x1 
 .rodata.__func__.7493
                0x0000a2f4       0x1b ./drivers/fsl_i2c.o
 *fill*         0x0000a30f        0x1 
 .rodata.__func__.7611
                0x0000a310       0x1f ./drivers/fsl_i2c.o
 *fill*         0x0000a32f        0x1 
 .rodata.__func__.7618
                0x0000a330       0x1e ./drivers/fsl_i2c.o
 *fill*         0x0000a34e        0x2 
 .rodata.__func__.7635
                0x0000a350       0x1c ./drivers/fsl_i2c.o
 .rodata.__func__.7403
                0x0000a36c       0x13 ./drivers/fsl_lpuart.o
 *fill*         0x0000a37f        0x1 
 .rodata.__func__.7437
                0x0000a380        0xc ./drivers/fsl_lpuart.o
 .rodata.__func__.7459
                0x0000a38c       0x18 ./drivers/fsl_lpuart.o
 .rodata.__func__.7716
                0x0000a3a4       0x16 ./drivers/fsl_sai.o
 *fill*         0x0000a3ba        0x2 
 .rodata.__func__.7721
                0x0000a3bc       0x19 ./drivers/fsl_sai.o
 *fill*         0x0000a3d5        0x3 
 .rodata.__func__.7726
                0x0000a3d8       0x18 ./drivers/fsl_sai.o
 .rodata.__func__.7734
                0x0000a3f0       0x18 ./drivers/fsl_sai.o
 .rodata.__func__.7741
                0x0000a408       0x19 ./drivers/fsl_sai.o
 *fill*         0x0000a421        0x3 
 .rodata.__func__.7745
                0x0000a424       0x19 ./drivers/fsl_sai.o
 *fill*         0x0000a43d        0x3 
 .rodata.__func__.7685
                0x0000a440       0x1c ./drivers/fsl_sdhc.o
 .rodata.__func__.7524
                0x0000a45c       0x18 ./drivers/fsl_sdhc.o
 .rodata.__func__.7694
                0x0000a474       0x12 ./drivers/fsl_sdhc.o
 *fill*         0x0000a486        0x2 
 .rodata.__func__.7721
                0x0000a488       0x13 ./drivers/fsl_sdhc.o
 *fill*         0x0000a49b        0x1 
 .rodata.__func__.7783
                0x0000a49c       0x1e ./drivers/fsl_sdhc.o
 *fill*         0x0000a4ba        0x2 
 .rodata.__func__.7789
                0x0000a4bc       0x1b ./drivers/fsl_sdhc.o
 *fill*         0x0000a4d7        0x1 
 .rodata.__func__.7795
                0x0000a4d8       0x18 ./drivers/fsl_sdhc.o
 .rodata.__func__.7932
                0x0000a4f0       0x17 ./drivers/fsl_sdhc.o
 *fill*         0x0000a507        0x1 
 .rodata.__func__.7937
                0x0000a508       0x16 ./drivers/fsl_sdhc.o
 *fill*         0x0000a51e        0x2 
 .rodata.s_uartBases
                0x0000a520       0x14 ./drivers/fsl_uart.o
 .rodata.s_uartClock
                0x0000a534       0x14 ./drivers/fsl_uart.o
 .rodata.__func__.7412
                0x0000a548       0x11 ./drivers/fsl_uart.o
 *fill*         0x0000a559        0x3 
 .rodata.__func__.7426
                0x0000a55c        0xa ./drivers/fsl_uart.o
 *fill*         0x0000a566        0x2 
 .rodata.__func__.7442
                0x0000a568       0x16 ./drivers/fsl_uart.o
 *fill*         0x0000a57e        0x2 
 .rodata.g_defaultClockConfigRun
                0x0000a580       0x20 ./board/clock_config.o
                0x0000a580                g_defaultClockConfigRun
 .rodata.str1.4
                0x0000a5a0        0x4 c:/program files (x86)/gnu tools arm embedded/5.4 2016q2/bin/../lib/gcc/arm-none-eabi/5.4.1/../../../../arm-none-eabi/lib/armv7e-m/fpu\libm.a(lib_a-w_pow.o)
 .rodata.str1.4
                0x0000a5a4        0x4 c:/program files (x86)/gnu tools arm embedded/5.4 2016q2/bin/../lib/gcc/arm-none-eabi/5.4.1/../../../../arm-none-eabi/lib/armv7e-m/fpu\libm.a(lib_a-e_pow.o)
                                  0x1 (size before relaxing)
 .rodata.TWO52  0x0000a5a8       0x10 c:/program files (x86)/gnu tools arm embedded/5.4 2016q2/bin/../lib/gcc/arm-none-eabi/5.4.1/../../../../arm-none-eabi/lib/armv7e-m/fpu\libm.a(lib_a-s_rint.o)
 .rodata.str1.1
                0x0000a5b8        0x2 c:/program files (x86)/gnu tools arm embedded/5.4 2016q2/bin/../lib/gcc/arm-none-eabi/5.4.1/../../../../arm-none-eabi/lib/armv7e-m/fpu\libg_nano.a(lib_a-impure.o)
 *fill*         0x0000a5ba        0x2 
 .rodata._global_impure_ptr
                0x0000a5bc        0x4 c:/program files (x86)/gnu tools arm embedded/5.4 2016q2/bin/../lib/gcc/arm-none-eabi/5.4.1/../../../../arm-none-eabi/lib/armv7e-m/fpu\libg_nano.a(lib_a-impure.o)
                0x0000a5bc                _global_impure_ptr
 *(.glue_7)
 .glue_7        0x0000a5c0        0x0 linker stubs
 *(.glue_7t)
 .glue_7t       0x0000a5c0        0x0 linker stubs
 *(.eh_frame)
 .eh_frame      0x0000a5c0        0x0 c:/program files (x86)/gnu tools arm embedded/5.4 2016q2/bin/../lib/gcc/arm-none-eabi/5.4.1/armv7e-m/fpu/crtbegin.o
 *(.init)
 .init          0x0000a5c0        0x4 c:/program files (x86)/gnu tools arm embedded/5.4 2016q2/bin/../lib/gcc/arm-none-eabi/5.4.1/armv7e-m/fpu/crti.o
                0x0000a5c0                _init
 .init          0x0000a5c4        0x8 c:/program files (x86)/gnu tools arm embedded/5.4 2016q2/bin/../lib/gcc/arm-none-eabi/5.4.1/armv7e-m/fpu/crtn.o
 *(.fini)
 .fini          0x0000a5cc        0x4 c:/program files (x86)/gnu tools arm embedded/5.4 2016q2/bin/../lib/gcc/arm-none-eabi/5.4.1/armv7e-m/fpu/crti.o
                0x0000a5cc                _fini
 .fini          0x0000a5d0        0x8 c:/program files (x86)/gnu tools arm embedded/5.4 2016q2/bin/../lib/gcc/arm-none-eabi/5.4.1/armv7e-m/fpu/crtn.o
                0x0000a5d8                . = ALIGN (0x4)

.vfp11_veneer   0x0000a5d8        0x0
 .vfp11_veneer  0x0000a5d8        0x0 linker stubs

.v4_bx          0x0000a5d8        0x0
 .v4_bx         0x0000a5d8        0x0 linker stubs

.iplt           0x0000a5d8        0x0
 .iplt          0x0000a5d8        0x0 c:/program files (x86)/gnu tools arm embedded/5.4 2016q2/bin/../lib/gcc/arm-none-eabi/5.4.1/armv7e-m/fpu/crtbegin.o

.ARM.extab
 *(.ARM.extab* .gnu.linkonce.armextab.*)

.ARM            0x0000a5d8        0x8
                0x0000a5d8                __exidx_start = .
 *(.ARM.exidx*)
 .ARM.exidx     0x0000a5d8        0x8 c:/program files (x86)/gnu tools arm embedded/5.4 2016q2/bin/../lib/gcc/arm-none-eabi/5.4.1/../../../../arm-none-eabi/lib/armv7e-m/fpu/crt0.o
 .ARM.exidx     0x0000a5e0        0x0 c:/program files (x86)/gnu tools arm embedded/5.4 2016q2/bin/../lib/gcc/arm-none-eabi/5.4.1/armv7e-m/fpu\libgcc.a(_udivmoddi4.o)
                                  0x8 (size before relaxing)
                0x0000a5e0                __exidx_end = .

.rel.dyn        0x0000a5e0        0x0
 .rel.iplt      0x0000a5e0        0x0 c:/program files (x86)/gnu tools arm embedded/5.4 2016q2/bin/../lib/gcc/arm-none-eabi/5.4.1/armv7e-m/fpu/crtbegin.o

.ctors          0x0000a5e0        0x0
                0x0000a5e0                __CTOR_LIST__ = .
 *crtbegin.o(.ctors)
 *crtbegin?.o(.ctors)
 *(EXCLUDE_FILE(*crtend.o *crtend?.o) .ctors)
 *(SORT(.ctors.*))
 *(.ctors)
                0x0000a5e0                __CTOR_END__ = .

.dtors          0x0000a5e0        0x0
                0x0000a5e0                __DTOR_LIST__ = .
 *crtbegin.o(.dtors)
 *crtbegin?.o(.dtors)
 *(EXCLUDE_FILE(*crtend.o *crtend?.o) .dtors)
 *(SORT(.dtors.*))
 *(.dtors)
                0x0000a5e0                __DTOR_END__ = .

.preinit_array  0x0000a5e0        0x0
                0x0000a5e0                PROVIDE (__preinit_array_start, .)
 *(.preinit_array*)
                0x0000a5e0                PROVIDE (__preinit_array_end, .)

.init_array     0x0000a5e0        0x4
                0x0000a5e0                PROVIDE (__init_array_start, .)
 *(SORT(.init_array.*))
 *(.init_array*)
 .init_array    0x0000a5e0        0x4 c:/program files (x86)/gnu tools arm embedded/5.4 2016q2/bin/../lib/gcc/arm-none-eabi/5.4.1/armv7e-m/fpu/crtbegin.o
                0x0000a5e4                PROVIDE (__init_array_end, .)

.fini_array     0x0000a5e4        0x4
                [!provide]                PROVIDE (__fini_array_start, .)
 *(SORT(.fini_array.*))
 *(.fini_array*)
 .fini_array    0x0000a5e4        0x4 c:/program files (x86)/gnu tools arm embedded/5.4 2016q2/bin/../lib/gcc/arm-none-eabi/5.4.1/armv7e-m/fpu/crtbegin.o
                [!provide]                PROVIDE (__fini_array_end, .)
                0x0000a5e8                __etext = .
                0x0000a5e8                __DATA_ROM = .

.interrupts_ram
                0x1fff0000        0x0
                0x1fff0000                . = ALIGN (0x4)
                0x1fff0000                __VECTOR_RAM__ = .
                0x1fff0000                __interrupts_ram_start__ = .
 *(.m_interrupts_ram)
                0x1fff0000                . = (. + M_VECTOR_RAM_SIZE)
                0x1fff0000                . = ALIGN (0x4)
                0x1fff0000                __interrupts_ram_end__ = .
                0x00000000                __VECTOR_RAM = DEFINED (__ram_vector_table__)?__VECTOR_RAM__:ORIGIN (m_interrupts)
                0x00000000                __RAM_VECTOR_TABLE_SIZE_BYTES = DEFINED (__ram_vector_table__)?(__interrupts_ram_end__ - __interrupts_ram_start__):0x0

.data           0x1fff0000       0x78 load address 0x0000a5e8
                0x1fff0000                . = ALIGN (0x4)
                0x1fff0000                __DATA_RAM = .
                0x1fff0000                __data_start__ = .
 *(.data)
 *(.data*)
 .data.SystemCoreClock
                0x1fff0000        0x4 ./startup/system_MK66F18.o
                0x1fff0000                SystemCoreClock
 .data.s_slowIrcFreq
                0x1fff0004        0x4 ./drivers/fsl_clock.o
 .data.s_fastIrcFreq
                0x1fff0008        0x4 ./drivers/fsl_clock.o
 .data.__fdlib_version
                0x1fff000c        0x1 c:/program files (x86)/gnu tools arm embedded/5.4 2016q2/bin/../lib/gcc/arm-none-eabi/5.4.1/../../../../arm-none-eabi/lib/armv7e-m/fpu\libm.a(lib_a-s_lib_ver.o)
                0x1fff000c                __fdlib_version
 *fill*         0x1fff000d        0x3 
 .data.impure_data
                0x1fff0010       0x60 c:/program files (x86)/gnu tools arm embedded/5.4 2016q2/bin/../lib/gcc/arm-none-eabi/5.4.1/../../../../arm-none-eabi/lib/armv7e-m/fpu\libg_nano.a(lib_a-impure.o)
 .data._impure_ptr
                0x1fff0070        0x4 c:/program files (x86)/gnu tools arm embedded/5.4 2016q2/bin/../lib/gcc/arm-none-eabi/5.4.1/../../../../arm-none-eabi/lib/armv7e-m/fpu\libg_nano.a(lib_a-impure.o)
                0x1fff0070                _impure_ptr
 *(.jcr*)
 .jcr           0x1fff0074        0x0 c:/program files (x86)/gnu tools arm embedded/5.4 2016q2/bin/../lib/gcc/arm-none-eabi/5.4.1/armv7e-m/fpu/crtbegin.o
 .jcr           0x1fff0074        0x4 c:/program files (x86)/gnu tools arm embedded/5.4 2016q2/bin/../lib/gcc/arm-none-eabi/5.4.1/armv7e-m/fpu/crtend.o
                0x1fff0078                . = ALIGN (0x4)
                0x1fff0078                __data_end__ = .
                0x0000a660                __DATA_END = (__DATA_ROM + (__data_end__ - __data_start__))
                0x00200000                text_end = (ORIGIN (m_text) + LENGTH (m_text))
                0x00000001                ASSERT ((__DATA_END <= text_end), region m_text overflowed with text and data)
                0x00000800                USB_RAM_GAP = DEFINED (__usb_ram_size__)?__usb_ram_size__:0x800

.igot.plt       0x1fff0078        0x0 load address 0x0000a660
 .igot.plt      0x1fff0078        0x0 c:/program files (x86)/gnu tools arm embedded/5.4 2016q2/bin/../lib/gcc/arm-none-eabi/5.4.1/armv7e-m/fpu/crtbegin.o

.bss            0x1fff0078     0x2674 load address 0x0000a660
                0x1fff0078                . = ALIGN (0x4)
                0x1fff0078                __START_BSS = .
                0x1fff0078                __bss_start__ = .
 *(.bss)
 .bss           0x1fff0078       0x1c c:/program files (x86)/gnu tools arm embedded/5.4 2016q2/bin/../lib/gcc/arm-none-eabi/5.4.1/armv7e-m/fpu/crtbegin.o
 *(.bss*)
 .bss.s_debugConsole
                0x1fff0094       0x10 ./utilities/fsl_debug_console.o
 .bss.completionFlag
                0x1fff00a4        0x1 ./source/FRDM-K66F_AUDIO.o
                0x1fff00a4                completionFlag
 .bss.nakFlag   0x1fff00a5        0x1 ./source/FRDM-K66F_AUDIO.o
                0x1fff00a5                nakFlag
 .bss.screenactive
                0x1fff00a6        0x1 ./source/FRDM-K66F_AUDIO.o
                0x1fff00a6                screenactive
 .bss.CaptureActive
                0x1fff00a7        0x1 ./source/FRDM-K66F_AUDIO.o
                0x1fff00a7                CaptureActive
 .bss.CurrentSample
                0x1fff00a8        0x1 ./source/FRDM-K66F_AUDIO.o
                0x1fff00a8                CurrentSample
 *fill*         0x1fff00a9        0x3 
 .bss.s_extPllFreq
                0x1fff00ac        0x4 ./drivers/fsl_clock.o
 .bss.g_dspiHandle
                0x1fff00b0        0xc ./drivers/fsl_dspi.o
 .bss.s_dspiMasterIsr
                0x1fff00bc        0x4 ./drivers/fsl_dspi.o
 .bss.s_dspiSlaveIsr
                0x1fff00c0        0x4 ./drivers/fsl_dspi.o
 .bss.s_EDMAHandle
                0x1fff00c4       0x80 ./drivers/fsl_edma.o
 .bss.s_ENETHandle
                0x1fff0144        0x4 ./drivers/fsl_enet.o
 .bss.s_flexcanHandle
                0x1fff0148        0x8 ./drivers/fsl_flexcan.o
 .bss.s_i2cHandle
                0x1fff0150       0x10 ./drivers/fsl_i2c.o
 .bss.s_i2cMasterIsr
                0x1fff0160        0x4 ./drivers/fsl_i2c.o
 .bss.s_i2cSlaveIsr
                0x1fff0164        0x4 ./drivers/fsl_i2c.o
 .bss.s_lpuartHandle
                0x1fff0168        0x4 ./drivers/fsl_lpuart.o
 .bss.s_lpuartIsr
                0x1fff016c        0x4 ./drivers/fsl_lpuart.o
 .bss.s_sdhcHandle
                0x1fff0170        0x4 ./drivers/fsl_sdhc.o
 .bss.s_uartHandle
                0x1fff0174       0x14 ./drivers/fsl_uart.o
 .bss.s_uartIsr
                0x1fff0188        0x4 ./drivers/fsl_uart.o
                0x1fff0200                . = ALIGN (0x200)
 *fill*         0x1fff018c       0x74 
                0x1fff0200                USB_RAM_START = .
                0x1fff0a00                . = (. + USB_RAM_GAP)
 *fill*         0x1fff0200      0x800 
 *(COMMON)
 COMMON         0x1fff0a00     0x100c ./source/eGFX/eGFX_Driver_FRDM-OLED_NHD-2.712864.o
                0x1fff0a00                BackBufferStore
                0x1fff1a00                eGFX_BackBuffer
 COMMON         0x1fff1a0c      0xcd0 ./source/FRDM-K66F_AUDIO.o
                0x1fff1a0c                Backbuffer
                0x1fff1a10                rxFinished
                0x1fff1a14                MicBuffer2
                0x1fff1c14                Activebuffer
                0x1fff1c18                g_m_handle
                0x1fff1c40                user_config
                0x1fff1c48                g_saiTxHandle
                0x1fff1c8c                pingpongbuff2
                0x1fff208c                g_saiRxHandle
                0x1fff20d0                sendXfer
                0x1fff20d8                txFinished
                0x1fff20dc                pingpongbuff1
                0x1fff24dc                MicBuffer1
 COMMON         0x1fff26dc        0x8 ./drivers/fsl_clock.o
                0x1fff26dc                g_xtal32Freq
                0x1fff26e0                g_xtal0Freq
 COMMON         0x1fff26e4        0x8 ./drivers/fsl_sai.o
                0x1fff26e4                s_saiHandle
                0x1fff26ec                . = ALIGN (0x4)
                0x1fff26ec                __bss_end__ = .
                0x1fff26ec                __END_BSS = .

.heap           0x20000000      0x400
                0x20000000                . = ALIGN (0x8)
                0x20000000                __end__ = .
                0x20000000                PROVIDE (end, .)
                0x20000000                __HeapBase = .
                0x20000400                . = (. + HEAP_SIZE)
 *fill*         0x20000000      0x400 
                0x20000400                __HeapLimit = .
                0x20000400                __heap_limit = .

.stack          0x20000400      0x400
                0x20000400                . = ALIGN (0x8)
                0x20000800                . = (. + STACK_SIZE)
 *fill*         0x20000400      0x400 

m_usb_bdt       0x1fff0200        0x0
 *(m_usb_bdt)
                0x1fff0200                USB_RAM_BDT_END = .

m_usb_global
 *(m_usb_global)
                0x20030000                __StackTop = (ORIGIN (m_data_2) + LENGTH (m_data_2))
                0x2002fc00                __StackLimit = (__StackTop - STACK_SIZE)
                0x20030000                PROVIDE (__stack, __StackTop)

.ARM.attributes
                0x00000000       0x30
 *(.ARM.attributes)
 .ARM.attributes
                0x00000000       0x22 c:/program files (x86)/gnu tools arm embedded/5.4 2016q2/bin/../lib/gcc/arm-none-eabi/5.4.1/armv7e-m/fpu/crti.o
 .ARM.attributes
                0x00000022       0x34 c:/program files (x86)/gnu tools arm embedded/5.4 2016q2/bin/../lib/gcc/arm-none-eabi/5.4.1/armv7e-m/fpu/crtbegin.o
 .ARM.attributes
                0x00000056       0x20 c:/program files (x86)/gnu tools arm embedded/5.4 2016q2/bin/../lib/gcc/arm-none-eabi/5.4.1/../../../../arm-none-eabi/lib/armv7e-m/fpu/crt0.o
 .ARM.attributes
                0x00000076       0x39 ./utilities/fsl_debug_console.o
 .ARM.attributes
                0x000000af       0x1f ./startup/startup_MK66F18.o
 .ARM.attributes
                0x000000ce       0x39 ./startup/system_MK66F18.o
 .ARM.attributes
                0x00000107       0x39 ./source/eGFX/eGFX.o
 .ARM.attributes
                0x00000140       0x39 ./source/eGFX/eGFX_Driver_FRDM-OLED_NHD-2.712864.o
 .ARM.attributes
                0x00000179       0x39 ./source/FRDM-K66F_AUDIO.o
 .ARM.attributes
                0x000001b2       0x39 ./source/main.o
 .ARM.attributes
                0x000001eb       0x39 ./drivers/fsl_clock.o
 .ARM.attributes
                0x00000224       0x39 ./drivers/fsl_common.o
 .ARM.attributes
                0x0000025d       0x39 ./drivers/fsl_dspi.o
 .ARM.attributes
                0x00000296       0x39 ./drivers/fsl_edma.o
 .ARM.attributes
                0x000002cf       0x39 ./drivers/fsl_enet.o
 .ARM.attributes
                0x00000308       0x39 ./drivers/fsl_flexcan.o
 .ARM.attributes
                0x00000341       0x39 ./drivers/fsl_i2c.o
 .ARM.attributes
                0x0000037a       0x39 ./drivers/fsl_lpuart.o
 .ARM.attributes
                0x000003b3       0x39 ./drivers/fsl_sai.o
 .ARM.attributes
                0x000003ec       0x39 ./drivers/fsl_sdhc.o
 .ARM.attributes
                0x00000425       0x39 ./drivers/fsl_uart.o
 .ARM.attributes
                0x0000045e       0x39 ./board/board.o
 .ARM.attributes
                0x00000497       0x39 ./board/clock_config.o
 .ARM.attributes
                0x000004d0       0x39 ./board/pin_mux.o
 .ARM.attributes
                0x00000509       0x34 c:/program files (x86)/gnu tools arm embedded/5.4 2016q2/bin/../lib/gcc/arm-none-eabi/5.4.1/../../../../arm-none-eabi/lib/armv7e-m/fpu\libm.a(lib_a-s_modf.o)
 .ARM.attributes
                0x0000053d       0x34 c:/program files (x86)/gnu tools arm embedded/5.4 2016q2/bin/../lib/gcc/arm-none-eabi/5.4.1/../../../../arm-none-eabi/lib/armv7e-m/fpu\libm.a(lib_a-w_pow.o)
 .ARM.attributes
                0x00000571       0x34 c:/program files (x86)/gnu tools arm embedded/5.4 2016q2/bin/../lib/gcc/arm-none-eabi/5.4.1/../../../../arm-none-eabi/lib/armv7e-m/fpu\libm.a(lib_a-e_pow.o)
 .ARM.attributes
                0x000005a5       0x34 c:/program files (x86)/gnu tools arm embedded/5.4 2016q2/bin/../lib/gcc/arm-none-eabi/5.4.1/../../../../arm-none-eabi/lib/armv7e-m/fpu\libm.a(lib_a-e_sqrt.o)
 .ARM.attributes
                0x000005d9       0x34 c:/program files (x86)/gnu tools arm embedded/5.4 2016q2/bin/../lib/gcc/arm-none-eabi/5.4.1/../../../../arm-none-eabi/lib/armv7e-m/fpu\libm.a(lib_a-s_fabs.o)
 .ARM.attributes
                0x0000060d       0x34 c:/program files (x86)/gnu tools arm embedded/5.4 2016q2/bin/../lib/gcc/arm-none-eabi/5.4.1/../../../../arm-none-eabi/lib/armv7e-m/fpu\libm.a(lib_a-s_finite.o)
 .ARM.attributes
                0x00000641       0x34 c:/program files (x86)/gnu tools arm embedded/5.4 2016q2/bin/../lib/gcc/arm-none-eabi/5.4.1/../../../../arm-none-eabi/lib/armv7e-m/fpu\libm.a(lib_a-s_lib_ver.o)
 .ARM.attributes
                0x00000675       0x34 c:/program files (x86)/gnu tools arm embedded/5.4 2016q2/bin/../lib/gcc/arm-none-eabi/5.4.1/../../../../arm-none-eabi/lib/armv7e-m/fpu\libm.a(lib_a-s_matherr.o)
 .ARM.attributes
                0x000006a9       0x34 c:/program files (x86)/gnu tools arm embedded/5.4 2016q2/bin/../lib/gcc/arm-none-eabi/5.4.1/../../../../arm-none-eabi/lib/armv7e-m/fpu\libm.a(lib_a-s_nan.o)
 .ARM.attributes
                0x000006dd       0x34 c:/program files (x86)/gnu tools arm embedded/5.4 2016q2/bin/../lib/gcc/arm-none-eabi/5.4.1/../../../../arm-none-eabi/lib/armv7e-m/fpu\libm.a(lib_a-s_rint.o)
 .ARM.attributes
                0x00000711       0x34 c:/program files (x86)/gnu tools arm embedded/5.4 2016q2/bin/../lib/gcc/arm-none-eabi/5.4.1/../../../../arm-none-eabi/lib/armv7e-m/fpu\libm.a(lib_a-s_scalbn.o)
 .ARM.attributes
                0x00000745       0x34 c:/program files (x86)/gnu tools arm embedded/5.4 2016q2/bin/../lib/gcc/arm-none-eabi/5.4.1/../../../../arm-none-eabi/lib/armv7e-m/fpu\libm.a(lib_a-s_copysign.o)
 .ARM.attributes
                0x00000779       0x22 c:/program files (x86)/gnu tools arm embedded/5.4 2016q2/bin/../lib/gcc/arm-none-eabi/5.4.1/armv7e-m/fpu\libgcc.a(_arm_addsubdf3.o)
 .ARM.attributes
                0x0000079b       0x22 c:/program files (x86)/gnu tools arm embedded/5.4 2016q2/bin/../lib/gcc/arm-none-eabi/5.4.1/armv7e-m/fpu\libgcc.a(_arm_muldivdf3.o)
 .ARM.attributes
                0x000007bd       0x22 c:/program files (x86)/gnu tools arm embedded/5.4 2016q2/bin/../lib/gcc/arm-none-eabi/5.4.1/armv7e-m/fpu\libgcc.a(_arm_cmpdf2.o)
 .ARM.attributes
                0x000007df       0x22 c:/program files (x86)/gnu tools arm embedded/5.4 2016q2/bin/../lib/gcc/arm-none-eabi/5.4.1/armv7e-m/fpu\libgcc.a(_arm_unorddf2.o)
 .ARM.attributes
                0x00000801       0x22 c:/program files (x86)/gnu tools arm embedded/5.4 2016q2/bin/../lib/gcc/arm-none-eabi/5.4.1/armv7e-m/fpu\libgcc.a(_arm_fixdfsi.o)
 .ARM.attributes
                0x00000823       0x22 c:/program files (x86)/gnu tools arm embedded/5.4 2016q2/bin/../lib/gcc/arm-none-eabi/5.4.1/armv7e-m/fpu\libgcc.a(_arm_fixunsdfsi.o)
 .ARM.attributes
                0x00000845       0x22 c:/program files (x86)/gnu tools arm embedded/5.4 2016q2/bin/../lib/gcc/arm-none-eabi/5.4.1/armv7e-m/fpu\libgcc.a(_aeabi_ldivmod.o)
 .ARM.attributes
                0x00000867       0x22 c:/program files (x86)/gnu tools arm embedded/5.4 2016q2/bin/../lib/gcc/arm-none-eabi/5.4.1/armv7e-m/fpu\libgcc.a(_aeabi_uldivmod.o)
 .ARM.attributes
                0x00000889       0x34 c:/program files (x86)/gnu tools arm embedded/5.4 2016q2/bin/../lib/gcc/arm-none-eabi/5.4.1/armv7e-m/fpu\libgcc.a(_fixdfdi.o)
 .ARM.attributes
                0x000008bd       0x34 c:/program files (x86)/gnu tools arm embedded/5.4 2016q2/bin/../lib/gcc/arm-none-eabi/5.4.1/armv7e-m/fpu\libgcc.a(_fixunsdfdi.o)
 .ARM.attributes
                0x000008f1       0x34 c:/program files (x86)/gnu tools arm embedded/5.4 2016q2/bin/../lib/gcc/arm-none-eabi/5.4.1/armv7e-m/fpu\libgcc.a(_udivmoddi4.o)
 .ARM.attributes
                0x00000925       0x22 c:/program files (x86)/gnu tools arm embedded/5.4 2016q2/bin/../lib/gcc/arm-none-eabi/5.4.1/armv7e-m/fpu\libgcc.a(_dvmd_tls.o)
 .ARM.attributes
                0x00000947       0x34 c:/program files (x86)/gnu tools arm embedded/5.4 2016q2/bin/../lib/gcc/arm-none-eabi/5.4.1/../../../../arm-none-eabi/lib/armv7e-m/fpu\libg_nano.a(lib_a-errno.o)
 .ARM.attributes
                0x0000097b       0x34 c:/program files (x86)/gnu tools arm embedded/5.4 2016q2/bin/../lib/gcc/arm-none-eabi/5.4.1/../../../../arm-none-eabi/lib/armv7e-m/fpu\libg_nano.a(lib_a-exit.o)
 .ARM.attributes
                0x000009af       0x34 c:/program files (x86)/gnu tools arm embedded/5.4 2016q2/bin/../lib/gcc/arm-none-eabi/5.4.1/../../../../arm-none-eabi/lib/armv7e-m/fpu\libg_nano.a(lib_a-impure.o)
 .ARM.attributes
                0x000009e3       0x34 c:/program files (x86)/gnu tools arm embedded/5.4 2016q2/bin/../lib/gcc/arm-none-eabi/5.4.1/../../../../arm-none-eabi/lib/armv7e-m/fpu\libg_nano.a(lib_a-init.o)
 .ARM.attributes
                0x00000a17       0x34 c:/program files (x86)/gnu tools arm embedded/5.4 2016q2/bin/../lib/gcc/arm-none-eabi/5.4.1/../../../../arm-none-eabi/lib/armv7e-m/fpu\libg_nano.a(lib_a-memcpy-stub.o)
 .ARM.attributes
                0x00000a4b       0x34 c:/program files (x86)/gnu tools arm embedded/5.4 2016q2/bin/../lib/gcc/arm-none-eabi/5.4.1/../../../../arm-none-eabi/lib/armv7e-m/fpu\libg_nano.a(lib_a-memset.o)
 .ARM.attributes
                0x00000a7f       0x1b c:/program files (x86)/gnu tools arm embedded/5.4 2016q2/bin/../lib/gcc/arm-none-eabi/5.4.1/../../../../arm-none-eabi/lib/armv7e-m/fpu\libg_nano.a(lib_a-strlen.o)
 .ARM.attributes
                0x00000a9a       0x34 c:/program files (x86)/gnu tools arm embedded/5.4 2016q2/bin/../lib/gcc/arm-none-eabi/5.4.1/../../../../arm-none-eabi/lib/armv7e-m/fpu\libnosys.a(_exit.o)
 .ARM.attributes
                0x00000ace       0x34 c:/program files (x86)/gnu tools arm embedded/5.4 2016q2/bin/../lib/gcc/arm-none-eabi/5.4.1/armv7e-m/fpu/crtend.o
 .ARM.attributes
                0x00000b02       0x22 c:/program files (x86)/gnu tools arm embedded/5.4 2016q2/bin/../lib/gcc/arm-none-eabi/5.4.1/armv7e-m/fpu/crtn.o
                0x00000001                ASSERT ((__StackLimit >= __HeapLimit), region m_data_2 overflowed with stack and heap)
OUTPUT(MonkeyListen-FRDM-K66.elf elf32-littlearm)

.debug_info     0x00000000    0x1bafc
 .debug_info    0x00000000     0x11b8 ./utilities/fsl_debug_console.o
 .debug_info    0x000011b8       0x86 ./startup/startup_MK66F18.o
 .debug_info    0x0000123e      0x9d5 ./startup/system_MK66F18.o
 .debug_info    0x00001c13     0x2a61 ./source/eGFX/eGFX.o
 .debug_info    0x00004674      0xb79 ./source/eGFX/eGFX_Driver_FRDM-OLED_NHD-2.712864.o
 .debug_info    0x000051ed     0x16a4 ./source/FRDM-K66F_AUDIO.o
 .debug_info    0x00006891      0x16e ./source/main.o
 .debug_info    0x000069ff     0x214c ./drivers/fsl_clock.o
 .debug_info    0x00008b4b      0x662 ./drivers/fsl_common.o
 .debug_info    0x000091ad     0x2212 ./drivers/fsl_dspi.o
 .debug_info    0x0000b3bf     0x23c5 ./drivers/fsl_edma.o
 .debug_info    0x0000d784     0x226b ./drivers/fsl_enet.o
 .debug_info    0x0000f9ef     0x2001 ./drivers/fsl_flexcan.o
 .debug_info    0x000119f0     0x1cff ./drivers/fsl_i2c.o
 .debug_info    0x000136ef     0x1858 ./drivers/fsl_lpuart.o
 .debug_info    0x00014f47     0x1c75 ./drivers/fsl_sai.o
 .debug_info    0x00016bbc     0x232b ./drivers/fsl_sdhc.o
 .debug_info    0x00018ee7     0x1a84 ./drivers/fsl_uart.o
 .debug_info    0x0001a96b      0x391 ./board/board.o
 .debug_info    0x0001acfc      0x953 ./board/clock_config.o
 .debug_info    0x0001b64f      0x4ad ./board/pin_mux.o

.debug_abbrev   0x00000000     0x3117
 .debug_abbrev  0x00000000      0x2a2 ./utilities/fsl_debug_console.o
 .debug_abbrev  0x000002a2       0x14 ./startup/startup_MK66F18.o
 .debug_abbrev  0x000002b6      0x11a ./startup/system_MK66F18.o
 .debug_abbrev  0x000003d0      0x2a6 ./source/eGFX/eGFX.o
 .debug_abbrev  0x00000676      0x218 ./source/eGFX/eGFX_Driver_FRDM-OLED_NHD-2.712864.o
 .debug_abbrev  0x0000088e      0x310 ./source/FRDM-K66F_AUDIO.o
 .debug_abbrev  0x00000b9e       0xa2 ./source/main.o
 .debug_abbrev  0x00000c40      0x2df ./drivers/fsl_clock.o
 .debug_abbrev  0x00000f1f      0x176 ./drivers/fsl_common.o
 .debug_abbrev  0x00001095      0x310 ./drivers/fsl_dspi.o
 .debug_abbrev  0x000013a5      0x3c3 ./drivers/fsl_edma.o
 .debug_abbrev  0x00001768      0x2cd ./drivers/fsl_enet.o
 .debug_abbrev  0x00001a35      0x2fc ./drivers/fsl_flexcan.o
 .debug_abbrev  0x00001d31      0x332 ./drivers/fsl_i2c.o
 .debug_abbrev  0x00002063      0x391 ./drivers/fsl_lpuart.o
 .debug_abbrev  0x000023f4      0x2ae ./drivers/fsl_sai.o
 .debug_abbrev  0x000026a2      0x2b1 ./drivers/fsl_sdhc.o
 .debug_abbrev  0x00002953      0x3c3 ./drivers/fsl_uart.o
 .debug_abbrev  0x00002d16      0x100 ./board/board.o
 .debug_abbrev  0x00002e16      0x1ba ./board/clock_config.o
 .debug_abbrev  0x00002fd0      0x147 ./board/pin_mux.o

.debug_aranges  0x00000000     0x16e0
 .debug_aranges
                0x00000000       0xa8 ./utilities/fsl_debug_console.o
 .debug_aranges
                0x000000a8       0x20 ./startup/startup_MK66F18.o
 .debug_aranges
                0x000000c8       0x28 ./startup/system_MK66F18.o
 .debug_aranges
                0x000000f0      0x300 ./source/eGFX/eGFX.o
 .debug_aranges
                0x000003f0      0x140 ./source/eGFX/eGFX_Driver_FRDM-OLED_NHD-2.712864.o
 .debug_aranges
                0x00000530       0x70 ./source/FRDM-K66F_AUDIO.o
 .debug_aranges
                0x000005a0       0x20 ./source/main.o
 .debug_aranges
                0x000005c0      0x218 ./drivers/fsl_clock.o
 .debug_aranges
                0x000007d8       0x28 ./drivers/fsl_common.o
 .debug_aranges
                0x00000800      0x1a8 ./drivers/fsl_dspi.o
 .debug_aranges
                0x000009a8      0x2c8 ./drivers/fsl_edma.o
 .debug_aranges
                0x00000c70      0x138 ./drivers/fsl_enet.o
 .debug_aranges
                0x00000da8      0x180 ./drivers/fsl_flexcan.o
 .debug_aranges
                0x00000f28      0x180 ./drivers/fsl_i2c.o
 .debug_aranges
                0x000010a8      0x130 ./drivers/fsl_lpuart.o
 .debug_aranges
                0x000011d8      0x160 ./drivers/fsl_sai.o
 .debug_aranges
                0x00001338      0x198 ./drivers/fsl_sdhc.o
 .debug_aranges
                0x000014d0      0x170 ./drivers/fsl_uart.o
 .debug_aranges
                0x00001640       0x20 ./board/board.o
 .debug_aranges
                0x00001660       0x50 ./board/clock_config.o
 .debug_aranges
                0x000016b0       0x30 ./board/pin_mux.o

.debug_ranges   0x00000000     0x1580
 .debug_ranges  0x00000000       0x98 ./utilities/fsl_debug_console.o
 .debug_ranges  0x00000098       0x18 ./startup/system_MK66F18.o
 .debug_ranges  0x000000b0      0x2f0 ./source/eGFX/eGFX.o
 .debug_ranges  0x000003a0      0x130 ./source/eGFX/eGFX_Driver_FRDM-OLED_NHD-2.712864.o
 .debug_ranges  0x000004d0       0x60 ./source/FRDM-K66F_AUDIO.o
 .debug_ranges  0x00000530       0x10 ./source/main.o
 .debug_ranges  0x00000540      0x208 ./drivers/fsl_clock.o
 .debug_ranges  0x00000748       0x18 ./drivers/fsl_common.o
 .debug_ranges  0x00000760      0x198 ./drivers/fsl_dspi.o
 .debug_ranges  0x000008f8      0x2b8 ./drivers/fsl_edma.o
 .debug_ranges  0x00000bb0      0x128 ./drivers/fsl_enet.o
 .debug_ranges  0x00000cd8      0x170 ./drivers/fsl_flexcan.o
 .debug_ranges  0x00000e48      0x170 ./drivers/fsl_i2c.o
 .debug_ranges  0x00000fb8      0x120 ./drivers/fsl_lpuart.o
 .debug_ranges  0x000010d8      0x150 ./drivers/fsl_sai.o
 .debug_ranges  0x00001228      0x188 ./drivers/fsl_sdhc.o
 .debug_ranges  0x000013b0      0x160 ./drivers/fsl_uart.o
 .debug_ranges  0x00001510       0x10 ./board/board.o
 .debug_ranges  0x00001520       0x40 ./board/clock_config.o
 .debug_ranges  0x00001560       0x20 ./board/pin_mux.o

.debug_macro    0x00000000    0x1b8bf
 .debug_macro   0x00000000      0x228 ./utilities/fsl_debug_console.o
 .debug_macro   0x00000228      0x880 ./utilities/fsl_debug_console.o
 .debug_macro   0x00000aa8       0x58 ./utilities/fsl_debug_console.o
 .debug_macro   0x00000b00       0x22 ./utilities/fsl_debug_console.o
 .debug_macro   0x00000b22       0x4c ./utilities/fsl_debug_console.o
 .debug_macro   0x00000b6e       0x8d ./utilities/fsl_debug_console.o
 .debug_macro   0x00000bfb       0x35 ./utilities/fsl_debug_console.o
 .debug_macro   0x00000c30       0x9c ./utilities/fsl_debug_console.o
 .debug_macro   0x00000ccc       0x16 ./utilities/fsl_debug_console.o
 .debug_macro   0x00000ce2      0x10e ./utilities/fsl_debug_console.o
 .debug_macro   0x00000df0       0x86 ./utilities/fsl_debug_console.o
 .debug_macro   0x00000e76       0x4a ./utilities/fsl_debug_console.o
 .debug_macro   0x00000ec0       0x52 ./utilities/fsl_debug_console.o
 .debug_macro   0x00000f12       0x1f ./utilities/fsl_debug_console.o
 .debug_macro   0x00000f31       0x43 ./utilities/fsl_debug_console.o
 .debug_macro   0x00000f74       0x20 ./utilities/fsl_debug_console.o
 .debug_macro   0x00000f94      0x187 ./utilities/fsl_debug_console.o
 .debug_macro   0x0000111b      0x330 ./utilities/fsl_debug_console.o
 .debug_macro   0x0000144b       0x16 ./utilities/fsl_debug_console.o
 .debug_macro   0x00001461       0x29 ./utilities/fsl_debug_console.o
 .debug_macro   0x0000148a      0x1e1 ./utilities/fsl_debug_console.o
 .debug_macro   0x0000166b       0x16 ./utilities/fsl_debug_console.o
 .debug_macro   0x00001681       0x22 ./utilities/fsl_debug_console.o
 .debug_macro   0x000016a3       0xfd ./utilities/fsl_debug_console.o
 .debug_macro   0x000017a0       0x5e ./utilities/fsl_debug_console.o
 .debug_macro   0x000017fe      0x1df ./utilities/fsl_debug_console.o
 .debug_macro   0x000019dd       0x16 ./utilities/fsl_debug_console.o
 .debug_macro   0x000019f3       0x35 ./utilities/fsl_debug_console.o
 .debug_macro   0x00001a28       0x10 ./utilities/fsl_debug_console.o
 .debug_macro   0x00001a38       0x58 ./utilities/fsl_debug_console.o
 .debug_macro   0x00001a90       0x3b ./utilities/fsl_debug_console.o
 .debug_macro   0x00001acb       0x50 ./utilities/fsl_debug_console.o
 .debug_macro   0x00001b1b      0xd40 ./utilities/fsl_debug_console.o
 .debug_macro   0x0000285b       0x40 ./utilities/fsl_debug_console.o
 .debug_macro   0x0000289b    0x14b7f ./utilities/fsl_debug_console.o
 .debug_macro   0x0001741a     0x14c9 ./utilities/fsl_debug_console.o
 .debug_macro   0x000188e3       0x2e ./utilities/fsl_debug_console.o
 .debug_macro   0x00018911       0x10 ./utilities/fsl_debug_console.o
 .debug_macro   0x00018921      0x188 ./utilities/fsl_debug_console.o
 .debug_macro   0x00018aa9       0x35 ./utilities/fsl_debug_console.o
 .debug_macro   0x00018ade       0x3a ./utilities/fsl_debug_console.o
 .debug_macro   0x00018b18       0x10 ./utilities/fsl_debug_console.o
 .debug_macro   0x00018b28       0xc6 ./startup/system_MK66F18.o
 .debug_macro   0x00018bee       0x87 ./startup/system_MK66F18.o
 .debug_macro   0x00018c75       0x44 ./startup/system_MK66F18.o
 .debug_macro   0x00018cb9      0x211 ./source/eGFX/eGFX.o
 .debug_macro   0x00018eca       0xe5 ./source/eGFX/eGFX.o
 .debug_macro   0x00018faf       0xa6 ./source/eGFX/eGFX.o
 .debug_macro   0x00019055       0x1c ./source/eGFX/eGFX.o
 .debug_macro   0x00019071       0x52 ./source/eGFX/eGFX.o
 .debug_macro   0x000190c3      0x382 ./source/eGFX/eGFX_Driver_FRDM-OLED_NHD-2.712864.o
 .debug_macro   0x00019445       0x35 ./source/eGFX/eGFX_Driver_FRDM-OLED_NHD-2.712864.o
 .debug_macro   0x0001947a       0x16 ./source/eGFX/eGFX_Driver_FRDM-OLED_NHD-2.712864.o
 .debug_macro   0x00019490      0x229 ./source/FRDM-K66F_AUDIO.o
 .debug_macro   0x000196b9       0x16 ./source/FRDM-K66F_AUDIO.o
 .debug_macro   0x000196cf      0x207 ./source/FRDM-K66F_AUDIO.o
 .debug_macro   0x000198d6       0x16 ./source/FRDM-K66F_AUDIO.o
 .debug_macro   0x000198ec       0x10 ./source/FRDM-K66F_AUDIO.o
 .debug_macro   0x000198fc       0x17 ./source/FRDM-K66F_AUDIO.o
 .debug_macro   0x00019913       0x10 ./source/FRDM-K66F_AUDIO.o
 .debug_macro   0x00019923       0x28 ./source/FRDM-K66F_AUDIO.o
 .debug_macro   0x0001994b      0x24c ./source/main.o
 .debug_macro   0x00019b97      0x27e ./drivers/fsl_clock.o
 .debug_macro   0x00019e15      0x1bf ./drivers/fsl_common.o
 .debug_macro   0x00019fd4      0x1bb ./drivers/fsl_dspi.o
 .debug_macro   0x0001a18f       0x40 ./drivers/fsl_dspi.o
 .debug_macro   0x0001a1cf      0x1c1 ./drivers/fsl_edma.o
 .debug_macro   0x0001a390       0x16 ./drivers/fsl_edma.o
 .debug_macro   0x0001a3a6      0x299 ./drivers/fsl_enet.o
 .debug_macro   0x0001a63f       0xac ./drivers/fsl_enet.o
 .debug_macro   0x0001a6eb      0x1c1 ./drivers/fsl_flexcan.o
 .debug_macro   0x0001a8ac       0xd1 ./drivers/fsl_flexcan.o
 .debug_macro   0x0001a97d      0x1bb ./drivers/fsl_i2c.o
 .debug_macro   0x0001ab38       0x10 ./drivers/fsl_i2c.o
 .debug_macro   0x0001ab48      0x1bc ./drivers/fsl_lpuart.o
 .debug_macro   0x0001ad04      0x1bb ./drivers/fsl_sai.o
 .debug_macro   0x0001aebf       0x11 ./drivers/fsl_sai.o
 .debug_macro   0x0001aed0      0x1eb ./drivers/fsl_sdhc.o
 .debug_macro   0x0001b0bb       0x64 ./drivers/fsl_sdhc.o
 .debug_macro   0x0001b11f      0x1c2 ./drivers/fsl_uart.o
 .debug_macro   0x0001b2e1      0x1ed ./board/board.o
 .debug_macro   0x0001b4ce       0x52 ./board/board.o
 .debug_macro   0x0001b520      0x1c9 ./board/clock_config.o
 .debug_macro   0x0001b6e9      0x1d6 ./board/pin_mux.o

.debug_line     0x00000000     0xc049
 .debug_line    0x00000000      0xb03 ./utilities/fsl_debug_console.o
 .debug_line    0x00000b03      0x17c ./startup/startup_MK66F18.o
 .debug_line    0x00000c7f      0x3f0 ./startup/system_MK66F18.o
 .debug_line    0x0000106f     0x1484 ./source/eGFX/eGFX.o
 .debug_line    0x000024f3      0x81c ./source/eGFX/eGFX_Driver_FRDM-OLED_NHD-2.712864.o
 .debug_line    0x00002d0f      0x6f1 ./source/FRDM-K66F_AUDIO.o
 .debug_line    0x00003400      0x5d2 ./source/main.o