Archive member included because of file (symbol)

C:/Users/ehughes/Documents/GitHub/MonkeyListen/CMSIS_DSP_3.2/Debug\libCMSIS_DSP_3.2.a(arm_cmplx_mag_q15.o)
                              ./Sources/main.o (arm_cmplx_mag_q15)
C:/Users/ehughes/Documents/GitHub/MonkeyListen/CMSIS_DSP_3.2/Debug\libCMSIS_DSP_3.2.a(arm_sqrt_q15.o)
                              C:/Users/ehughes/Documents/GitHub/MonkeyListen/CMSIS_DSP_3.2/Debug\libCMSIS_DSP_3.2.a(arm_cmplx_mag_q15.o) (arm_sqrt_q15)
C:/Users/ehughes/Documents/GitHub/MonkeyListen/CMSIS_DSP_3.2/Debug\libCMSIS_DSP_3.2.a(arm_rfft_q15.o)
                              ./Sources/main.o (arm_rfft_q15)
C:/Users/ehughes/Documents/GitHub/MonkeyListen/CMSIS_DSP_3.2/Debug\libCMSIS_DSP_3.2.a(arm_rfft_init_q15.o)
                              ./Sources/main.o (arm_rfft_init_q15)
C:/Users/ehughes/Documents/GitHub/MonkeyListen/CMSIS_DSP_3.2/Debug\libCMSIS_DSP_3.2.a(arm_cfft_radix4_q15.o)
                              C:/Users/ehughes/Documents/GitHub/MonkeyListen/CMSIS_DSP_3.2/Debug\libCMSIS_DSP_3.2.a(arm_rfft_q15.o) (arm_radix4_butterfly_q15)
C:/Users/ehughes/Documents/GitHub/MonkeyListen/CMSIS_DSP_3.2/Debug\libCMSIS_DSP_3.2.a(arm_cfft_radix4_init_q15.o)
                              C:/Users/ehughes/Documents/GitHub/MonkeyListen/CMSIS_DSP_3.2/Debug\libCMSIS_DSP_3.2.a(arm_rfft_init_q15.o) (arm_cfft_radix4_init_q15)
C:/Users/ehughes/Documents/GitHub/MonkeyListen/CMSIS_DSP_3.2/Debug\libCMSIS_DSP_3.2.a(arm_bitreversal.o)
                              C:/Users/ehughes/Documents/GitHub/MonkeyListen/CMSIS_DSP_3.2/Debug\libCMSIS_DSP_3.2.a(arm_rfft_q15.o) (arm_bitreversal_q15)
C:/Users/ehughes/Documents/GitHub/MonkeyListen/CMSIS_DSP_3.2/Debug\libCMSIS_DSP_3.2.a(arm_common_tables.o)
                              C:/Users/ehughes/Documents/GitHub/MonkeyListen/CMSIS_DSP_3.2/Debug\libCMSIS_DSP_3.2.a(arm_cfft_radix4_init_q15.o) (twiddleCoefQ15)
C:/Freescale/CW MCU v10.5/MCU/ARM_GCC_Support/ewl/lib/armv7e-m\libc.a(vsnprintf.o)
                              ./Sources/GFX/GFX.o (vsnprintf)
C:/Freescale/CW MCU v10.5/MCU/ARM_GCC_Support/ewl/lib/armv7e-m\libc.a(exit.o)
                              ./Project_Settings/Startup_Code/__arm_start.o (exit)
C:/Freescale/CW MCU v10.5/MCU/ARM_GCC_Support/ewl/lib/armv7e-m\libc.a(rand.o)
                              ./Sources/GFX/GFX_Driver_FRDM-OLED_NHD-2.712864.o (rand)
C:/Freescale/CW MCU v10.5/MCU/ARM_GCC_Support/ewl/lib/armv7e-m\libc.a(memcpy.o)
                              C:/Freescale/CW MCU v10.5/MCU/ARM_GCC_Support/ewl/lib/armv7e-m\libc.a(vsnprintf.o) (memcpy)
C:/Freescale/CW MCU v10.5/MCU/ARM_GCC_Support/ewl/lib/armv7e-m\libc.a(memset.o)
                              ./Project_Settings/Startup_Code/__arm_start.o (memset)
C:/Freescale/CW MCU v10.5/MCU/ARM_GCC_Support/ewl/lib/armv7e-m\libc.a(printformat_.o)
                              (__pformatter_)
C:/Freescale/CW MCU v10.5/MCU/ARM_GCC_Support/ewl/lib/armv7e-m\libc.a(scanformat_.o)
                              (__sformatter)
C:/Freescale/CW MCU v10.5/MCU/ARM_GCC_Support/ewl/lib/armv7e-m\libc.a(ctype_aeabi.o)
                              C:/Freescale/CW MCU v10.5/MCU/ARM_GCC_Support/ewl/lib/armv7e-m\libc.a(scanformat_.o) (isspace)
C:/Freescale/CW MCU v10.5/MCU/ARM_GCC_Support/ewl/lib/armv7e-m\libc.a(__strtoul.o)
                              C:/Freescale/CW MCU v10.5/MCU/ARM_GCC_Support/ewl/lib/armv7e-m\libc.a(scanformat_.o) (__strtoul)
C:/Freescale/CW MCU v10.5/MCU/ARM_GCC_Support/ewl/lib/armv7e-m\libc.a(__filll_mem.o)
                              C:/Freescale/CW MCU v10.5/MCU/ARM_GCC_Support/ewl/lib/armv7e-m\libc.a(memset.o) (__fill_mem)
C:/Freescale/CW MCU v10.5/MCU/ARM_GCC_Support/ewl/lib/armv7e-m\libc.a(memchr.o)
                              C:/Freescale/CW MCU v10.5/MCU/ARM_GCC_Support/ewl/lib/armv7e-m\libc.a(printformat_.o) (memchr)
C:/Freescale/CW MCU v10.5/MCU/ARM_GCC_Support/ewl/lib/armv7e-m\libc.a(strchr.o)
                              C:/Freescale/CW MCU v10.5/MCU/ARM_GCC_Support/ewl/lib/armv7e-m\libc.a(printformat_.o) (strchr)
C:/Freescale/CW MCU v10.5/MCU/ARM_GCC_Support/ewl/lib/armv7e-m\libc.a(strlen.o)
                              C:/Freescale/CW MCU v10.5/MCU/ARM_GCC_Support/ewl/lib/armv7e-m\libc.a(printformat_.o) (strlen)
c:/freescale/cw mcu v10.5/cross_tools/arm-none-eabi-gcc-4_7_3/bin/../lib/gcc/arm-none-eabi/4.7.3/armv7e-m\libgcc.a(_arm_addsubdf3.o)
                              ./Sources/GFX/GFX.o (__aeabi_dadd)
c:/freescale/cw mcu v10.5/cross_tools/arm-none-eabi-gcc-4_7_3/bin/../lib/gcc/arm-none-eabi/4.7.3/armv7e-m\libgcc.a(_arm_fixdfsi.o)
                              ./Sources/GFX/GFX.o (__aeabi_d2iz)
c:/freescale/cw mcu v10.5/cross_tools/arm-none-eabi-gcc-4_7_3/bin/../lib/gcc/arm-none-eabi/4.7.3/armv7e-m\libgcc.a(_arm_fixunsdfsi.o)
                              ./Sources/GFX/GFX.o (__aeabi_d2uiz)
c:/freescale/cw mcu v10.5/cross_tools/arm-none-eabi-gcc-4_7_3/bin/../lib/gcc/arm-none-eabi/4.7.3/armv7e-m\libgcc.a(_arm_addsubsf3.o)
[...]
Memory Configuration

Name             Origin             Length             Attributes
m_interrupts     0x00000000         0x000000f8         xr
m_cfmprotrom     0x00000400         0x00000010         xr
m_text           0x00000800         0x0001f800         xr
m_data           0x1fffe000         0x00002000         xrw
m_data2          0x20000000         0x00002000         xrw
*default*        0x00000000         0xffffffff

Linker script and memory map

LOAD ./Project_Settings/Startup_Code/kinetis_sysinit.o
LOAD ./Project_Settings/Startup_Code/__arm_start.o
LOAD ./Project_Settings/Startup_Code/__arm_end.o
LOAD ./Sources/GFX/GFX_FONT_5x7.o
LOAD ./Sources/GFX/GFX_FONT_3x5.o
LOAD ./Sources/GFX/GFX_Driver_FRDM-OLED_NHD-2.712864.o
LOAD ./Sources/GFX/GFX.o
LOAD ./Sources/cpu/arm_cm4.o
LOAD ./Sources/drivers/adc16/adc16.o
LOAD ./Sources/drivers/frdm-k20-def.o
LOAD ./Sources/drivers/mcg/mcg.o
LOAD ./Sources/main.o
                0x00002d6c                __pformatter = __pformatter_
                [0x00003164]                __sformatter = __sformatter
LOAD C:/Users/ehughes/Documents/GitHub/MonkeyListen/CMSIS_DSP_3.2/Debug\libCMSIS_DSP_3.2.a
START GROUP
LOAD C:/Freescale/CW MCU v10.5/MCU/ARM_GCC_Support/ewl/lib/armv7e-m\libc.a
LOAD C:/Freescale/CW MCU v10.5/MCU/ARM_GCC_Support/ewl/lib/armv7e-m\libm.a
LOAD c:/freescale/cw mcu v10.5/cross_tools/arm-none-eabi-gcc-4_7_3/bin/../lib/gcc/arm-none-eabi/4.7.3/armv7e-m\libgcc.a
LOAD C:/Freescale/CW MCU v10.5/MCU/ARM_GCC_Support/ewl/lib/armv7e-m\librt.a
LOAD C:/Freescale/CW MCU v10.5/MCU/ARM_GCC_Support/ewl/lib/armv7e-m\libuart.a
END GROUP
                0x20000000                _estack = 0x20000000
                0x20000000                __SP_INIT = _estack
                0x00000400                __heap_size = 0x400
                0x00000400                __stack_size = 0x400

.interrupts     0x00000000       0xf8
                0x00000000                __vector_table = .
                0x00000000                . = ALIGN (0x4)
 *(.vectortable)
 .vectortable   0x00000000       0xf8 ./Project_Settings/Startup_Code/kinetis_sysinit.o
                0x00000000                InterruptVector
                0x000000f8                . = ALIGN (0x4)

.cfmprotect     0x00000400        0x0
                0x00000400                . = ALIGN (0x4)
 *(.cfmconfig)
                0x00000400                . = ALIGN (0x4)

.text           0x00000800     0xeea8
                0x00000800                . = ALIGN (0x4)
 *(.text)
 .text          0x00000800      0x21c c:/freescale/cw mcu v10.5/cross_tools/arm-none-eabi-gcc-4_7_3/bin/../lib/gcc/arm-none-eabi/4.7.3/armv7e-m\libgcc.a(_arm_addsubsf3.o)
                0x00000800                __aeabi_frsub
                0x00000808                __subsf3
                0x00000808                __aeabi_fsub
                0x0000080c                __aeabi_fadd
                0x0000080c                __addsf3
                0x0000096c                __aeabi_ui2f
                0x0000096c                __floatunsisf
                0x00000974                __aeabi_i2f
                0x00000974                __floatsisf
                0x00000990                __aeabi_ul2f
                0x00000990                __floatundisf
                0x000009a0                __aeabi_l2f
                0x000009a0                __floatdisf
 .text          0x00000a1c      0x2a0 c:/freescale/cw mcu v10.5/cross_tools/arm-none-eabi-gcc-4_7_3/bin/../lib/gcc/arm-none-eabi/4.7.3/armv7e-m\libgcc.a(_arm_muldivsf3.o)
                0x00000a1c                __mulsf3
                0x00000a1c                __aeabi_fmul
                0x00000b84                __aeabi_fdiv
                0x00000b84                __divsf3
 .text          0x00000cbc       0x4c c:/freescale/cw mcu v10.5/cross_tools/arm-none-eabi-gcc-4_7_3/bin/../lib/gcc/arm-none-eabi/4.7.3/armv7e-m\libgcc.a(_arm_fixsfsi.o)
                0x00000cbc                __aeabi_f2iz
                0x00000cbc                __fixsfsi
 *(.text*)
 .text.Default_Handler
                0x00000d08        0x4 ./Project_Settings/Startup_Code/kinetis_sysinit.o
                0x00000d08                HardFault_Handler
                0x00000d08                PendSV_Handler
                0x00000d08                NMI_Handler
                0x00000d08                UsageFault_Handler
                0x00000d08                Default_Handler
                0x00000d08                MemManage_Handler
                0x00000d08                SVC_Handler
                0x00000d08                BusFault_Handler
                0x00000d08                DebugMonitor_Handler
 .text.__init_hardware
                0x00000d0c       0x2c ./Project_Settings/Startup_Code/kinetis_sysinit.o
                0x00000d0c                __init_hardware
 .text.__thumb_startup
                0x00000d38       0x40 ./Project_Settings/Startup_Code/__arm_start.o
                0x00000d38                __thumb_startup
 .text._ExitProcess
                0x00000d78        0x4 ./Project_Settings/Startup_Code/__arm_end.o
                0x00000d78                _ExitProcess
 .text.SetSSD1325_DataBusAsInputs
                0x00000d7c       0x5c ./Sources/GFX/GFX_Driver_FRDM-OLED_NHD-2.712864.o
                0x00000d7c                SetSSD1325_DataBusAsInputs
 .text.SetSSD1325_DataBusAsOutputs
                0x00000dd8       0x5c ./Sources/GFX/GFX_Driver_FRDM-OLED_NHD-2.712864.o
                0x00000dd8                SetSSD1325_DataBusAsOutputs
 .text.InitSSD1325_Interface
                0x00000e34       0x9c ./Sources/GFX/GFX_Driver_FRDM-OLED_NHD-2.712864.o
                0x00000e34                InitSSD1325_Interface
 .text.PutSSD1325_DataBits
                0x00000ed0      0x134 ./Sources/GFX/GFX_Driver_FRDM-OLED_NHD-2.712864.o
                0x00000ed0                PutSSD1325_DataBits
 .text.SSD1325_Write
                0x00001004       0x20 ./Sources/GFX/GFX_Driver_FRDM-OLED_NHD-2.712864.o
                0x00001004                SSD1325_Write
 .text.SSD1325_WriteCommandBytes
                0x00001024       0x70 ./Sources/GFX/GFX_Driver_FRDM-OLED_NHD-2.712864.o
                0x00001024                SSD1325_WriteCommandBytes
 .text.SSD1325_DisplayModeNormal
                0x00001094       0x18 ./Sources/GFX/GFX_Driver_FRDM-OLED_NHD-2.712864.o
                0x00001094                SSD1325_DisplayModeNormal
 .text.SSD1325_DisplayOn
                0x000010ac       0x18 ./Sources/GFX/GFX_Driver_FRDM-OLED_NHD-2.712864.o
                0x000010ac                SSD1325_DisplayOn
 .text.SSD1325_DisplayOff
                0x000010c4       0x18 ./Sources/GFX/GFX_Driver_FRDM-OLED_NHD-2.712864.o
                0x000010c4                SSD1325_DisplayOff
 .text.SSD1325_SetColumnStartEnd
                0x000010dc       0x20 ./Sources/GFX/GFX_Driver_FRDM-OLED_NHD-2.712864.o
                0x000010dc                SSD1325_SetColumnStartEnd
 .text.SSD1325_SetRowStartEnd
                0x000010fc       0x20 ./Sources/GFX/GFX_Driver_FRDM-OLED_NHD-2.712864.o
                0x000010fc                SSD1325_SetRowStartEnd
 .text.SSD1325_SetMuxRatio
                0x0000111c       0x1c ./Sources/GFX/GFX_Driver_FRDM-OLED_NHD-2.712864.o
                0x0000111c                SSD1325_SetMuxRatio
 .text.SSD1325_SetDisplayStartLine
                0x00001138       0x1c ./Sources/GFX/GFX_Driver_FRDM-OLED_NHD-2.712864.o
                0x00001138                SSD1325_SetDisplayStartLine
 .text.SSD1325_SetDisplayOffset
                0x00001154       0x1c ./Sources/GFX/GFX_Driver_FRDM-OLED_NHD-2.712864.o
                0x00001154                SSD1325_SetDisplayOffset
 .text.SSD1325_SetRemap
                0x00001170       0x1c ./Sources/GFX/GFX_Driver_FRDM-OLED_NHD-2.712864.o
                0x00001170                SSD1325_SetRemap
 .text.SSD1325_SetCurrentRange
                0x0000118c       0x18 ./Sources/GFX/GFX_Driver_FRDM-OLED_NHD-2.712864.o
                0x0000118c                SSD1325_SetCurrentRange
 .text.SSD1325_SetFrameFrequency
                0x000011a4       0x1c ./Sources/GFX/GFX_Driver_FRDM-OLED_NHD-2.712864.o
                0x000011a4                SSD1325_SetFrameFrequency
 .text.SSD1325_MasterConfig
                0x000011c0       0x20 ./Sources/GFX/GFX_Driver_FRDM-OLED_NHD-2.712864.o
                0x000011c0                SSD1325_MasterConfig
 .text.SSD1325_SetPhaseLength
                0x000011e0       0x1c ./Sources/GFX/GFX_Driver_FRDM-OLED_NHD-2.712864.o
                0x000011e0                SSD1325_SetPhaseLength
 .text.SSD1325_SetPrechargeVoltage
                0x000011fc       0x1c ./Sources/GFX/GFX_Driver_FRDM-OLED_NHD-2.712864.o
                0x000011fc                SSD1325_SetPrechargeVoltage
 .text.SSD1325_SetPrechargeCompensation
                0x00001218       0x38 ./Sources/GFX/GFX_Driver_FRDM-OLED_NHD-2.712864.o
                0x00001218                SSD1325_SetPrechargeCompensation
 .text.SSD1325_SetVCOMH
                0x00001250       0x1c ./Sources/GFX/GFX_Driver_FRDM-OLED_NHD-2.712864.o
                0x00001250                SSD1325_SetVCOMH
 .text.SSD1325_SetVSL
                0x0000126c       0x20 ./Sources/GFX/GFX_Driver_FRDM-OLED_NHD-2.712864.o
                0x0000126c                SSD1325_SetVSL
 .text.SSD1325_SetDisplayClock
                0x0000128c       0x1c ./Sources/GFX/GFX_Driver_FRDM-OLED_NHD-2.712864.o
                0x0000128c                SSD1325_SetDisplayClock
 .text.SSD1325_Set_GrayScaleTable
                0x000012a8       0x48 ./Sources/GFX/GFX_Driver_FRDM-OLED_NHD-2.712864.o
                0x000012a8                SSD1325_Set_GrayScaleTable
 .text.SSD1325_SetContrastCurrent
                0x000012f0       0x1c ./Sources/GFX/GFX_Driver_FRDM-OLED_NHD-2.712864.o
                0x000012f0                SSD1325_SetContrastCurrent
 .text.SSD1325_ScrollLeft
                0x0000130c       0x34 ./Sources/GFX/GFX_Driver_FRDM-OLED_NHD-2.712864.o
                0x0000130c                SSD1325_ScrollLeft
 .text.SSD_WriteColumn
                0x00001340       0x50 ./Sources/GFX/GFX_Driver_FRDM-OLED_NHD-2.712864.o
                0x00001340                SSD_WriteColumn
 .text.GFX_InitPhysicalScreen
                0x00001390       0x90 ./Sources/GFX/GFX_Driver_FRDM-OLED_NHD-2.712864.o
                0x00001390                GFX_InitPhysicalScreen
 .text.GFX_Init
                0x00001420       0x38 ./Sources/GFX/GFX.o
                0x00001420                GFX_Init
 .text.GFX_ImagePlane_Clear
                0x00001458       0x48 ./Sources/GFX/GFX.o
                0x00001458                GFX_ImagePlane_Clear
 .text.ADC_Cal  0x000014a0       0x98 ./Sources/drivers/adc16/adc16.o
                0x000014a0                ADC_Cal
 .text.InitADC_12Bit
                0x00001538       0xac ./Sources/drivers/adc16/adc16.o
                0x00001538                InitADC_12Bit
 .text.StartADC0_SingleEnded
                0x000015e4       0x28 ./Sources/drivers/adc16/adc16.o
                0x000015e4                StartADC0_SingleEnded
 .text.pll_init
                0x0000160c      0x2f4 ./Sources/drivers/mcg/mcg.o
                0x0000160c                pll_init
 .text.SysTick_Handler
                0x00001900       0x54 ./Sources/main.o
                0x00001900                SysTick_Handler
 .text.startup.main
                0x00001954      0x288 ./Sources/main.o
                0x00001954                main
 .text.arm_cmplx_mag_q15
                0x00001bdc      0x1e0 C:/Users/ehughes/Documents/GitHub/MonkeyListen/CMSIS_DSP_3.2/Debug\libCMSIS_DSP_3.2.a(arm_cmplx_mag_q15.o)
                0x00001bdc                arm_cmplx_mag_q15
 .text.arm_sqrt_q15
                0x00001dbc       0xf4 C:/Users/ehughes/Documents/GitHub/MonkeyListen/CMSIS_DSP_3.2/Debug\libCMSIS_DSP_3.2.a(arm_sqrt_q15.o)
                0x00001dbc                arm_sqrt_q15
 .text.arm_split_rfft_q15
                0x00001eb0      0x1ac C:/Users/ehughes/Documents/GitHub/MonkeyListen/CMSIS_DSP_3.2/Debug\libCMSIS_DSP_3.2.a(arm_rfft_q15.o)
                0x00001eb0                arm_split_rfft_q15
 .text.arm_rfft_q15
                0x0000205c      0x1a8 C:/Users/ehughes/Documents/GitHub/MonkeyListen/CMSIS_DSP_3.2/Debug\libCMSIS_DSP_3.2.a(arm_rfft_q15.o)
                0x0000205c                arm_rfft_q15
 .text.arm_rfft_init_q15
                0x00002204       0x88 C:/Users/ehughes/Documents/GitHub/MonkeyListen/CMSIS_DSP_3.2/Debug\libCMSIS_DSP_3.2.a(arm_rfft_init_q15.o)
                0x00002204                arm_rfft_init_q15
 .text.arm_radix4_butterfly_q15
                0x0000228c      0x3a8 C:/Users/ehughes/Documents/GitHub/MonkeyListen/CMSIS_DSP_3.2/Debug\libCMSIS_DSP_3.2.a(arm_cfft_radix4_q15.o)
                0x0000228c                arm_radix4_butterfly_q15
 .text.arm_radix4_butterfly_inverse_q15
                0x00002634      0x3a8 C:/Users/ehughes/Documents/GitHub/MonkeyListen/CMSIS_DSP_3.2/Debug\libCMSIS_DSP_3.2.a(arm_cfft_radix4_q15.o)
                0x00002634                arm_radix4_butterfly_inverse_q15
 .text.arm_cfft_radix4_init_q15
                0x000029dc       0x94 C:/Users/ehughes/Documents/GitHub/MonkeyListen/CMSIS_DSP_3.2/Debug\libCMSIS_DSP_3.2.a(arm_cfft_radix4_init_q15.o)
                0x000029dc                arm_cfft_radix4_init_q15
 .text.arm_bitreversal_q15
                0x00002a70      0x120 C:/Users/ehughes/Documents/GitHub/MonkeyListen/CMSIS_DSP_3.2/Debug\libCMSIS_DSP_3.2.a(arm_bitreversal.o)
                0x00002a70                arm_bitreversal_q15
 .text.exit     0x00002b90       0x38 C:/Freescale/CW MCU v10.5/MCU/ARM_GCC_Support/ewl/lib/armv7e-m\libc.a(exit.o)
                0x00002b90                exit
 .text.memset   0x00002bc8        0xc C:/Freescale/CW MCU v10.5/MCU/ARM_GCC_Support/ewl/lib/armv7e-m\libc.a(memset.o)
                0x00002bc8                memset
 .text.long2str.isra.0
                0x00002bd4      0x196 C:/Freescale/CW MCU v10.5/MCU/ARM_GCC_Support/ewl/lib/armv7e-m\libc.a(printformat_.o)
 *fill*         0x00002d6a        0x2 00
 .text.__pformatter_
                0x00002d6c      0x3f8 C:/Freescale/CW MCU v10.5/MCU/ARM_GCC_Support/ewl/lib/armv7e-m\libc.a(printformat_.o)
                0x00002d6c                __pformatter_
 .text.__sformatter
                0x00003164      0x6f4 C:/Freescale/CW MCU v10.5/MCU/ARM_GCC_Support/ewl/lib/armv7e-m\libc.a(scanformat_.o)
                0x00003164                __sformatter
 .text.isalpha  0x00003858       0x1c C:/Freescale/CW MCU v10.5/MCU/ARM_GCC_Support/ewl/lib/armv7e-m\libc.a(ctype_aeabi.o)
                0x00003858                isalpha
 .text.isspace  0x00003874       0x1c C:/Freescale/CW MCU v10.5/MCU/ARM_GCC_Support/ewl/lib/armv7e-m\libc.a(ctype_aeabi.o)
                0x00003874                isspace
 .text.toupper  0x00003890        0xc C:/Freescale/CW MCU v10.5/MCU/ARM_GCC_Support/ewl/lib/armv7e-m\libc.a(ctype_aeabi.o)
                0x00003890                toupper
 .text.__strtoul
                0x0000389c      0x214 C:/Freescale/CW MCU v10.5/MCU/ARM_GCC_Support/ewl/lib/armv7e-m\libc.a(__strtoul.o)
                0x0000389c                __strtoul
 .text.__fill_mem
                0x00003ab0       0x76 C:/Freescale/CW MCU v10.5/MCU/ARM_GCC_Support/ewl/lib/armv7e-m\libc.a(__filll_mem.o)
                0x00003ab0                __fill_mem
 .text.memchr   0x00003b26       0x18 C:/Freescale/CW MCU v10.5/MCU/ARM_GCC_Support/ewl/lib/armv7e-m\libc.a(memchr.o)
                0x00003b26                memchr
 .text.strchr   0x00003b3e       0x1a C:/Freescale/CW MCU v10.5/MCU/ARM_GCC_Support/ewl/lib/armv7e-m\libc.a(strchr.o)
                0x00003b3e                strchr
 .text.strlen   0x00003b58       0x10 C:/Freescale/CW MCU v10.5/MCU/ARM_GCC_Support/ewl/lib/armv7e-m\libc.a(strlen.o)
                0x00003b58                strlen
 .text.__init_cpp
                0x00003b68       0x4c C:/Freescale/CW MCU v10.5/MCU/ARM_GCC_Support/ewl/lib/armv7e-m\librt.a(gcc_ctor_dtor.o)
                0x00003b68                __init_cpp
 .text.__fini_cpp
                0x00003bb4       0x34 C:/Freescale/CW MCU v10.5/MCU/ARM_GCC_Support/ewl/lib/armv7e-m\librt.a(gcc_ctor_dtor.o)
                0x00003bb4                __fini_cpp
 .text.__copy_rom_section
                0x00003be8       0x44 C:/Freescale/CW MCU v10.5/MCU/ARM_GCC_Support/ewl/lib/armv7e-m\librt.a(ROMCopy.o)
                0x00003be8                __copy_rom_section
 .text.__copy_rom_sections_to_ram
                0x00003c2c       0x30 C:/Freescale/CW MCU v10.5/MCU/ARM_GCC_Support/ewl/lib/armv7e-m\librt.a(ROMCopy.o)
                0x00003c2c                __copy_rom_sections_to_ram
 .text.__destroy_global_chain
                0x00003c5c       0x18 C:/Freescale/CW MCU v10.5/MCU/ARM_GCC_Support/ewl/lib/armv7e-m\librt.a(__arm_eabi_init.o)
                0x00003c5c                __destroy_global_chain
 .text.__init_registers
                0x00003c74       0x24 C:/Freescale/CW MCU v10.5/MCU/ARM_GCC_Support/ewl/lib/armv7e-m\librt.a(__arm_eabi_init.o)
                0x00003c74                __init_registers
 .text.__init_user
                0x00003c98        0x4 C:/Freescale/CW MCU v10.5/MCU/ARM_GCC_Support/ewl/lib/armv7e-m\librt.a(__arm_eabi_init.o)
                0x00003c98                __init_user
 *(.rodata)
 *(.rodata*)
 .rodata.Hanning
                0x00003c9c      0x100 ./Sources/main.o
                0x00003c9c                Hanning
 .rodata.realCoefAQ15
                0x00003d9c     0x4000 C:/Users/ehughes/Documents/GitHub/MonkeyListen/CMSIS_DSP_3.2/Debug\libCMSIS_DSP_3.2.a(arm_rfft_init_q15.o)
 .rodata.realCoefBQ15
                0x00007d9c     0x4000 C:/Users/ehughes/Documents/GitHub/MonkeyListen/CMSIS_DSP_3.2/Debug\libCMSIS_DSP_3.2.a(arm_rfft_init_q15.o)
 .rodata.twiddleCoefQ15
                0x0000bd9c     0x3000 C:/Users/ehughes/Documents/GitHub/MonkeyListen/CMSIS_DSP_3.2/Debug\libCMSIS_DSP_3.2.a(arm_common_tables.o)
                0x0000bd9c                twiddleCoefQ15
 .rodata.armBitRevTable
                0x0000ed9c      0x800 C:/Users/ehughes/Documents/GitHub/MonkeyListen/CMSIS_DSP_3.2/Debug\libCMSIS_DSP_3.2.a(arm_common_tables.o)
                0x0000ed9c                armBitRevTable
 .rodata.str1.1
                0x0000f59c        0x1 C:/Freescale/CW MCU v10.5/MCU/ARM_GCC_Support/ewl/lib/armv7e-m\libc.a(printformat_.o)
 .rodata.CSWTCH.20
                0x0000f59d        0x5 C:/Freescale/CW MCU v10.5/MCU/ARM_GCC_Support/ewl/lib/armv7e-m\libc.a(printformat_.o)
 .rodata.CSWTCH.21
                0x0000f5a2        0x5 C:/Freescale/CW MCU v10.5/MCU/ARM_GCC_Support/ewl/lib/armv7e-m\libc.a(printformat_.o)
 .rodata.__aeabi_ctype_table_C
                0x0000f5a7      0x101 C:/Freescale/CW MCU v10.5/MCU/ARM_GCC_Support/ewl/lib/armv7e-m\libc.a(ctype_aeabi.o)
                0x0000f5a7                __aeabi_ctype_table_C
 *(.glue_7)
 .glue_7        0x00000000        0x0 linker stubs
 *(.glue_7t)
 .glue_7t       0x00000000        0x0 linker stubs
 *(.eh_frame)
 *(.init)
 *(.fini)
                0x0000f6a8                . = ALIGN (0x4)
                0x0000f6a8                _etext = .

.vfp11_veneer   0x0000f6a8        0x0
 .vfp11_veneer  0x00000000        0x0 linker stubs

.v4_bx          0x0000f6a8        0x0
 .v4_bx         0x00000000        0x0 linker stubs

.iplt           0x0000f6a8        0x0
 .iplt          0x00000000        0x0 ./Project_Settings/Startup_Code/kinetis_sysinit.o

.rel.dyn        0x0000f6a8        0x0
 .rel.iplt      0x00000000        0x0 ./Project_Settings/Startup_Code/kinetis_sysinit.o

.ARM.extab
 *(.ARM.extab* .gnu.linkonce.armextab.*)

.ARM            0x0000f6a8        0x0
                0x0000f6a8                __exidx_start = .
 *(.ARM.exidx*)
                0x0000f6a8                __exidx_end = .

.ctors          0x0000f6a8        0x0
                0x0000f6a8                __CTOR_LIST__ = .
 *crtbegin.o(.ctors)
 *(EXCLUDE_FILE(*crtend.o) .ctors)
 *(SORT(.ctors.*))
 *(.ctors)
                0x0000f6a8                __CTOR_END__ = .

.dtors          0x0000f6a8        0x0
                0x0000f6a8                __DTOR_LIST__ = .
 *crtbegin.o(.dtors)
 *(EXCLUDE_FILE(*crtend.o) .dtors)
 *(SORT(.dtors.*))
 *(.dtors)
                0x0000f6a8                __DTOR_END__ = .

.preinit_array  0x0000f6a8        0x0
                0x0000f6a8                PROVIDE (__preinit_array_start, .)
 *(.preinit_array*)
                0x0000f6a8                PROVIDE (__preinit_array_end, .)

.init_array     0x0000f6a8        0x0
                0x0000f6a8                PROVIDE (__init_array_start, .)
 *(SORT(.init_array.*))
 *(.init_array*)
                0x0000f6a8                PROVIDE (__init_array_end, .)

.fini_array     0x0000f6a8        0x0
                0x0000f6a8                PROVIDE (__fini_array_start, .)
 *(SORT(.fini_array.*))
 *(.fini_array*)
                0x0000f6a8                PROVIDE (__fini_array_end, .)
                0x0000f6a8                ___ROM_AT = .

.data           0x1fffe000        0x0 load address 0x0000f6a8
                0x1fffe000                . = ALIGN (0x4)
                0x1fffe000                _sdata = .
 *(.data)
 *(.data*)
                0x1fffe000                . = ALIGN (0x4)
                0x1fffe000                _edata = .
                0x00000000                ___data_size = (_edata - _sdata)
                0x0000f6a8                ___m_data2_ROMStart = (___ROM_AT + SIZEOF (.data))

.igot.plt       0x1fffe000        0x0
 .igot.plt      0x00000000        0x0 ./Project_Settings/Startup_Code/kinetis_sysinit.o

.user_data2     0x20000000        0x0 load address 0x0000f6a8
                0x20000000                . = ALIGN (0x4)
                0x20000000                ___m_data2_RAMStart = .
 *(.data2)
                0x20000000                ___m_data2_RAMEnd = .
                0x20000000                . = ALIGN (0x4)
                0x00000000                ___m_data2_ROMSize = (___m_data2_RAMEnd - ___m_data2_RAMStart)
                0x20000000                . = ALIGN (0x4)

.bss            0x1fffe000      0xa00
                0x1fffe000                __START_BSS = .
                0x1fffe000                PROVIDE (__bss_start__, __START_BSS)
 *(.bss)
 *(.bss*)
 .bss.argv      0x1fffe000        0x4 ./Project_Settings/Startup_Code/__arm_start.o
 .bss.BufferPtr
                0x1fffe004        0x1 ./Sources/main.o
                0x1fffe004                BufferPtr
 .bss.CurrentSample
                0x1fffe005        0x1 ./Sources/main.o
                0x1fffe005                CurrentSample
 .bss.CaptureActive
                0x1fffe006        0x1 ./Sources/main.o
                0x1fffe006                CaptureActive
 *fill*         0x1fffe007        0x1 00
 .bss.__stdio_exit
                0x1fffe008        0x4 C:/Freescale/CW MCU v10.5/MCU/ARM_GCC_Support/ewl/lib/armv7e-m\libc.a(exit.o)
                0x1fffe008                __stdio_exit
 .bss.__console_exit
                0x1fffe00c        0x4 C:/Freescale/CW MCU v10.5/MCU/ARM_GCC_Support/ewl/lib/armv7e-m\libc.a(exit.o)
                0x1fffe00c                __console_exit
 .bss.__S_romp  0x1fffe010        0xc C:/Freescale/CW MCU v10.5/MCU/ARM_GCC_Support/ewl/lib/armv7e-m\librt.a(ROMCopy.o)
 .bss.__global_destructor_chain
                0x1fffe01c        0x4 C:/Freescale/CW MCU v10.5/MCU/ARM_GCC_Support/ewl/lib/armv7e-m\librt.a(__arm_eabi_init.o)
                0x1fffe01c                __global_destructor_chain
 *(COMMON)
 COMMON         0x1fffe020      0x488 ./Sources/GFX/GFX.o
                0x1fffe020                GFX_BackBuffer
                0x1fffe028                BackBufferStorageSpace
                0x1fffe468                GFX_StringBuf
 COMMON         0x1fffe4a8       0x10 ./Sources/drivers/adc16/adc16.o
                0x1fffe4a8                Master_Adc_Config
 COMMON         0x1fffe4b8      0x548 ./Sources/main.o
                0x1fffe4b8                MicFFT_Mag
                0x1fffe5b8                Backbuffer
                0x1fffe5bc                MicBuffer2
                0x1fffe6bc                Activebuffer
                0x1fffe6c0                DisplayBuf
                0x1fffe700                MicFFT
                0x1fffe900                MicBuffer1
                0x1fffea00                . = ALIGN (0x4)
                0x1fffea00                __END_BSS = .
                0x1fffea00                PROVIDE (__bss_end__, __END_BSS)

._user_heap_stack
                0x1fffea00      0x800
                0x1fffea00                . = ALIGN (0x4)
                0x1fffea00                PROVIDE (end, .)
                0x1fffea00                PROVIDE (_end, .)
                0x1fffea00                __heap_addr = .
                0x1fffee00                . = (. + __heap_size)
 *fill*         0x1fffea00      0x400 00
                0x1ffff200                . = (. + __stack_size)
 *fill*         0x1fffee00      0x400 00
                0x1ffff200                . = ALIGN (0x4)
                0x0000f6a8                _romp_at = ((___ROM_AT + SIZEOF (.data)) + SIZEOF (.user_data2))

.romp           0x20000000       0x24 load address 0x0000f6a8
                0x0000f6a8                __S_romp = _romp_at
                0x20000000        0x4 LONG 0xf6a8 ___ROM_AT
                0x20000004        0x4 LONG 0x1fffe000 _sdata
                0x20000008        0x4 LONG 0x0 ___data_size
                0x2000000c        0x4 LONG 0xf6a8 ___m_data2_ROMStart
                0x20000010        0x4 LONG 0x20000000 ___m_data2_RAMStart
                0x20000014        0x4 LONG 0x0 ___m_data2_ROMSize
                0x20000018        0x4 LONG 0x0
                0x2000001c        0x4 LONG 0x0
                0x20000020        0x4 LONG 0x0

.ARM.attributes
                0x00000000       0x33
 *(.ARM.attributes)
 .ARM.attributes
                0x00000000       0x33 ./Project_Settings/Startup_Code/kinetis_sysinit.o
 .ARM.attributes
                0x00000033       0x33 ./Project_Settings/Startup_Code/__arm_start.o
 .ARM.attributes
                0x00000066       0x33 ./Project_Settings/Startup_Code/__arm_end.o
 .ARM.attributes
                0x00000099       0x33 ./Sources/GFX/GFX_Driver_FRDM-OLED_NHD-2.712864.o
 .ARM.attributes
                0x000000cc       0x33 ./Sources/GFX/GFX.o
 .ARM.attributes
                0x000000ff       0x33 ./Sources/drivers/adc16/adc16.o
 .ARM.attributes
                0x00000132       0x33 ./Sources/drivers/mcg/mcg.o
 .ARM.attributes
                0x00000165       0x33 ./Sources/main.o
 .ARM.attributes
                0x00000198       0x33 C:/Users/ehughes/Documents/GitHub/MonkeyListen/CMSIS_DSP_3.2/Debug\libCMSIS_DSP_3.2.a(arm_cmplx_mag_q15.o)
 .ARM.attributes
                0x000001cb       0x33 C:/Users/ehughes/Documents/GitHub/MonkeyListen/CMSIS_DSP_3.2/Debug\libCMSIS_DSP_3.2.a(arm_sqrt_q15.o)
 .ARM.attributes
                0x000001fe       0x33 C:/Users/ehughes/Documents/GitHub/MonkeyListen/CMSIS_DSP_3.2/Debug\libCMSIS_DSP_3.2.a(arm_rfft_q15.o)
 .ARM.attributes
                0x00000231       0x33 C:/Users/ehughes/Documents/GitHub/MonkeyListen/CMSIS_DSP_3.2/Debug\libCMSIS_DSP_3.2.a(arm_rfft_init_q15.o)
 .ARM.attributes
                0x00000264       0x33 C:/Users/ehughes/Documents/GitHub/MonkeyListen/CMSIS_DSP_3.2/Debug\libCMSIS_DSP_3.2.a(arm_cfft_radix4_q15.o)
 .ARM.attributes
                0x00000297       0x33 C:/Users/ehughes/Documents/GitHub/MonkeyListen/CMSIS_DSP_3.2/Debug\libCMSIS_DSP_3.2.a(arm_cfft_radix4_init_q15.o)
 .ARM.attributes
                0x000002ca       0x33 C:/Users/ehughes/Documents/GitHub/MonkeyListen/CMSIS_DSP_3.2/Debug\libCMSIS_DSP_3.2.a(arm_bitreversal.o)
 .ARM.attributes
                0x000002fd       0x33 C:/Users/ehughes/Documents/GitHub/MonkeyListen/CMSIS_DSP_3.2/Debug\libCMSIS_DSP_3.2.a(arm_common_tables.o)
 .ARM.attributes
                0x00000330       0x33 C:/Freescale/CW MCU v10.5/MCU/ARM_GCC_Support/ewl/lib/armv7e-m\libc.a(exit.o)
 .ARM.attributes
                0x00000363       0x33 C:/Freescale/CW MCU v10.5/MCU/ARM_GCC_Support/ewl/lib/armv7e-m\libc.a(memset.o)
 .ARM.attributes
                0x00000396       0x33 C:/Freescale/CW MCU v10.5/MCU/ARM_GCC_Support/ewl/lib/armv7e-m\libc.a(printformat_.o)
 .ARM.attributes
                0x000003c9       0x33 C:/Freescale/CW MCU v10.5/MCU/ARM_GCC_Support/ewl/lib/armv7e-m\libc.a(scanformat_.o)
 .ARM.attributes
                0x000003fc       0x33 C:/Freescale/CW MCU v10.5/MCU/ARM_GCC_Support/ewl/lib/armv7e-m\libc.a(ctype_aeabi.o)
 .ARM.attributes
                0x0000042f       0x33 C:/Freescale/CW MCU v10.5/MCU/ARM_GCC_Support/ewl/lib/armv7e-m\libc.a(__strtoul.o)
 .ARM.attributes
                0x00000462       0x33 C:/Freescale/CW MCU v10.5/MCU/ARM_GCC_Support/ewl/lib/armv7e-m\libc.a(__filll_mem.o)
 .ARM.attributes
                0x00000495       0x33 C:/Freescale/CW MCU v10.5/MCU/ARM_GCC_Support/ewl/lib/armv7e-m\libc.a(memchr.o)
 .ARM.attributes
                0x000004c8       0x33 C:/Freescale/CW MCU v10.5/MCU/ARM_GCC_Support/ewl/lib/armv7e-m\libc.a(strchr.o)
 .ARM.attributes
                0x000004fb       0x33 C:/Freescale/CW MCU v10.5/MCU/ARM_GCC_Support/ewl/lib/armv7e-m\libc.a(strlen.o)
 .ARM.attributes
                0x0000052e       0x1e c:/freescale/cw mcu v10.5/cross_tools/arm-none-eabi-gcc-4_7_3/bin/../lib/gcc/arm-none-eabi/4.7.3/armv7e-m\libgcc.a(_arm_addsubsf3.o)
 .ARM.attributes
                0x0000054c       0x1e c:/freescale/cw mcu v10.5/cross_tools/arm-none-eabi-gcc-4_7_3/bin/../lib/gcc/arm-none-eabi/4.7.3/armv7e-m\libgcc.a(_arm_muldivsf3.o)
 .ARM.attributes
                0x0000056a       0x1e c:/freescale/cw mcu v10.5/cross_tools/arm-none-eabi-gcc-4_7_3/bin/../lib/gcc/arm-none-eabi/4.7.3/armv7e-m\libgcc.a(_arm_fixsfsi.o)
 .ARM.attributes
                0x00000588       0x33 C:/Freescale/CW MCU v10.5/MCU/ARM_GCC_Support/ewl/lib/armv7e-m\librt.a(gcc_ctor_dtor.o)
 .ARM.attributes
                0x000005bb       0x33 C:/Freescale/CW MCU v10.5/MCU/ARM_GCC_Support/ewl/lib/armv7e-m\librt.a(ROMCopy.o)
 .ARM.attributes
                0x000005ee       0x33 C:/Freescale/CW MCU v10.5/MCU/ARM_GCC_Support/ewl/lib/armv7e-m\librt.a(__arm_eabi_init.o)
OUTPUT(MonkeyListen.elf elf32-littlearm)

.debug_info     0x00000000     0xb7d4
 .debug_info    0x00000000      0x355 ./Project_Settings/Startup_Code/kinetis_sysinit.o
 .debug_info    0x00000355      0x148 ./Project_Settings/Startup_Code/__arm_start.o
 .debug_info    0x0000049d       0x52 ./Project_Settings/Startup_Code/__arm_end.o
 .debug_info    0x000004ef      0xba7 ./Sources/GFX/GFX_Driver_FRDM-OLED_NHD-2.712864.o
 .debug_info    0x00001096     0x399c ./Sources/GFX/GFX.o
 .debug_info    0x00004a32      0x885 ./Sources/drivers/adc16/adc16.o
 .debug_info    0x000052b7      0xdb5 ./Sources/drivers/mcg/mcg.o
 .debug_info    0x0000606c      0x977 ./Sources/main.o
 .debug_info    0x000069e3      0x2d6 C:/Users/ehughes/Documents/GitHub/MonkeyListen/CMSIS_DSP_3.2/Debug\libCMSIS_DSP_3.2.a(arm_cmplx_mag_q15.o)
 .debug_info    0x00006cb9      0x234 C:/Users/ehughes/Documents/GitHub/MonkeyListen/CMSIS_DSP_3.2/Debug\libCMSIS_DSP_3.2.a(arm_sqrt_q15.o)
 .debug_info    0x00006eed      0x9b2 C:/Users/ehughes/Documents/GitHub/MonkeyListen/CMSIS_DSP_3.2/Debug\libCMSIS_DSP_3.2.a(arm_rfft_q15.o)
 .debug_info    0x0000789f      0x2e2 C:/Users/ehughes/Documents/GitHub/MonkeyListen/CMSIS_DSP_3.2/Debug\libCMSIS_DSP_3.2.a(arm_rfft_init_q15.o)
 .debug_info    0x00007b81     0x1733 C:/Users/ehughes/Documents/GitHub/MonkeyListen/CMSIS_DSP_3.2/Debug\libCMSIS_DSP_3.2.a(arm_cfft_radix4_q15.o)
 .debug_info    0x000092b4      0x235 C:/Users/ehughes/Documents/GitHub/MonkeyListen/CMSIS_DSP_3.2/Debug\libCMSIS_DSP_3.2.a(arm_cfft_radix4_init_q15.o)
 .debug_info    0x000094e9      0x2c8 C:/Users/ehughes/Documents/GitHub/MonkeyListen/CMSIS_DSP_3.2/Debug\libCMSIS_DSP_3.2.a(arm_bitreversal.o)
 .debug_info    0x000097b1      0x533 C:/Users/ehughes/Documents/GitHub/MonkeyListen/CMSIS_DSP_3.2/Debug\libCMSIS_DSP_3.2.a(arm_common_tables.o)
 .debug_info    0x00009ce4       0xe8 C:/Freescale/CW MCU v10.5/MCU/ARM_GCC_Support/ewl/lib/armv7e-m\libc.a(exit.o)
 .debug_info    0x00009dcc       0xec C:/Freescale/CW MCU v10.5/MCU/ARM_GCC_Support/ewl/lib/armv7e-m\libc.a(memset.o)
 .debug_info    0x00009eb8      0x50e C:/Freescale/CW MCU v10.5/MCU/ARM_GCC_Support/ewl/lib/armv7e-m\libc.a(printformat_.o)
 .debug_info    0x0000a3c6      0x565 C:/Freescale/CW MCU v10.5/MCU/ARM_GCC_Support/ewl/lib/armv7e-m\libc.a(scanformat_.o)
 .debug_info    0x0000a92b      0x306 C:/Freescale/CW MCU v10.5/MCU/ARM_GCC_Support/ewl/lib/armv7e-m\libc.a(ctype_aeabi.o)
 .debug_info    0x0000ac31      0x1d6 C:/Freescale/CW MCU v10.5/MCU/ARM_GCC_Support/ewl/lib/armv7e-m\libc.a(__strtoul.o)
 .debug_info    0x0000ae07      0x135 C:/Freescale/CW MCU v10.5/MCU/ARM_GCC_Support/ewl/lib/armv7e-m\libc.a(__filll_mem.o)
 .debug_info    0x0000af3c      0x120 C:/Freescale/CW MCU v10.5/MCU/ARM_GCC_Support/ewl/lib/armv7e-m\libc.a(memchr.o)
 .debug_info    0x0000b05c      0x108 C:/Freescale/CW MCU v10.5/MCU/ARM_GCC_Support/ewl/lib/armv7e-m\libc.a(strchr.o)
 .debug_info    0x0000b164       0xeb C:/Freescale/CW MCU v10.5/MCU/ARM_GCC_Support/ewl/lib/armv7e-m\libc.a(strlen.o)
 .debug_info    0x0000b24f      0x136 C:/Freescale/CW MCU v10.5/MCU/ARM_GCC_Support/ewl/lib/armv7e-m\librt.a(gcc_ctor_dtor.o)
 .debug_info    0x0000b385      0x19a C:/Freescale/CW MCU v10.5/MCU/ARM_GCC_Support/ewl/lib/armv7e-m\librt.a(ROMCopy.o)
 .debug_info    0x0000b51f      0x2b5 C:/Freescale/CW MCU v10.5/MCU/ARM_GCC_Support/ewl/lib/armv7e-m\librt.a(__arm_eabi_init.o)

.debug_abbrev   0x00000000     0x222b
 .debug_abbrev  0x00000000       0xf6 ./Project_Settings/Startup_Code/kinetis_sysinit.o
 .debug_abbrev  0x000000f6       0xc2 ./Project_Settings/Startup_Code/__arm_start.o
 .debug_abbrev  0x000001b8       0x4c ./Project_Settings/Startup_Code/__arm_end.o
 .debug_abbrev  0x00000204      0x2ad ./Sources/GFX/GFX_Driver_FRDM-OLED_NHD-2.712864.o
 .debug_abbrev  0x000004b1      0x390 ./Sources/GFX/GFX.o
 .debug_abbrev  0x00000841      0x1f2 ./Sources/drivers/adc16/adc16.o
 .debug_abbrev  0x00000a33      0x1e9 ./Sources/drivers/mcg/mcg.o
 .debug_abbrev  0x00000c1c      0x1d6 ./Sources/main.o
 .debug_abbrev  0x00000df2       0xfa C:/Users/ehughes/Documents/GitHub/MonkeyListen/CMSIS_DSP_3.2/Debug\libCMSIS_DSP_3.2.a(arm_cmplx_mag_q15.o)
 .debug_abbrev  0x00000eec      0x11d C:/Users/ehughes/Documents/GitHub/MonkeyListen/CMSIS_DSP_3.2/Debug\libCMSIS_DSP_3.2.a(arm_sqrt_q15.o)
 .debug_abbrev  0x00001009      0x183 C:/Users/ehughes/Documents/GitHub/MonkeyListen/CMSIS_DSP_3.2/Debug\libCMSIS_DSP_3.2.a(arm_rfft_q15.o)
 .debug_abbrev  0x0000118c      0x109 C:/Users/ehughes/Documents/GitHub/MonkeyListen/CMSIS_DSP_3.2/Debug\libCMSIS_DSP_3.2.a(arm_rfft_init_q15.o)
 .debug_abbrev  0x00001295      0x193 C:/Users/ehughes/Documents/GitHub/MonkeyListen/CMSIS_DSP_3.2/Debug\libCMSIS_DSP_3.2.a(arm_cfft_radix4_q15.o)
 .debug_abbrev  0x00001428       0xed C:/Users/ehughes/Documents/GitHub/MonkeyListen/CMSIS_DSP_3.2/Debug\libCMSIS_DSP_3.2.a(arm_cfft_radix4_init_q15.o)
 .debug_abbrev  0x00001515       0xc2 C:/Users/ehughes/Documents/GitHub/MonkeyListen/CMSIS_DSP_3.2/Debug\libCMSIS_DSP_3.2.a(arm_bitreversal.o)
 .debug_abbrev  0x000015d7       0x86 C:/Users/ehughes/Documents/GitHub/MonkeyListen/CMSIS_DSP_3.2/Debug\libCMSIS_DSP_3.2.a(arm_common_tables.o)
 .debug_abbrev  0x0000165d       0x7a C:/Freescale/CW MCU v10.5/MCU/ARM_GCC_Support/ewl/lib/armv7e-m\libc.a(exit.o)
 .debug_abbrev  0x000016d7       0x62 C:/Freescale/CW MCU v10.5/MCU/ARM_GCC_Support/ewl/lib/armv7e-m\libc.a(memset.o)
 .debug_abbrev  0x00001739      0x200 C:/Freescale/CW MCU v10.5/MCU/ARM_GCC_Support/ewl/lib/armv7e-m\libc.a(printformat_.o)
 .debug_abbrev  0x00001939      0x1f0 C:/Freescale/CW MCU v10.5/MCU/ARM_GCC_Support/ewl/lib/armv7e-m\libc.a(scanformat_.o)
 .debug_abbrev  0x00001b29       0x85 C:/Freescale/CW MCU v10.5/MCU/ARM_GCC_Support/ewl/lib/armv7e-m\libc.a(ctype_aeabi.o)
 .debug_abbrev  0x00001bae       0xc2 C:/Freescale/CW MCU v10.5/MCU/ARM_GCC_Support/ewl/lib/armv7e-m\libc.a(__strtoul.o)
 .debug_abbrev  0x00001c70       0x87 C:/Freescale/CW MCU v10.5/MCU/ARM_GCC_Support/ewl/lib/armv7e-m\libc.a(__filll_mem.o)
 .debug_abbrev  0x00001cf7       0x95 C:/Freescale/CW MCU v10.5/MCU/ARM_GCC_Support/ewl/lib/armv7e-m\libc.a(memchr.o)
 .debug_abbrev  0x00001d8c       0x89 C:/Freescale/CW MCU v10.5/MCU/ARM_GCC_Support/ewl/lib/armv7e-m\libc.a(strchr.o)
 .debug_abbrev  0x00001e15       0x7a C:/Freescale/CW MCU v10.5/MCU/ARM_GCC_Support/ewl/lib/armv7e-m\libc.a(strlen.o)
 .debug_abbrev  0x00001e8f       0x99 C:/Freescale/CW MCU v10.5/MCU/ARM_GCC_Support/ewl/lib/armv7e-m\librt.a(gcc_ctor_dtor.o)
 .debug_abbrev  0x00001f28      0x137 C:/Freescale/CW MCU v10.5/MCU/ARM_GCC_Support/ewl/lib/armv7e-m\librt.a(ROMCopy.o)
 .debug_abbrev  0x0000205f      0x1cc C:/Freescale/CW MCU v10.5/MCU/ARM_GCC_Support/ewl/lib/armv7e-m\librt.a(__arm_eabi_init.o)

.debug_aranges  0x00000000      0x808
 .debug_aranges
                0x00000000       0x28 ./Project_Settings/Startup_Code/kinetis_sysinit.o
 .debug_aranges
                0x00000028       0x28 ./Project_Settings/Startup_Code/__arm_start.o
 .debug_aranges
                0x00000050       0x20 ./Project_Settings/Startup_Code/__arm_end.o
 .debug_aranges
                0x00000070      0x158 ./Sources/GFX/GFX_Driver_FRDM-OLED_NHD-2.712864.o
 .debug_aranges
                0x000001c8      0x140 ./Sources/GFX/GFX.o
 .debug_aranges
                0x00000308       0x50 ./Sources/drivers/adc16/adc16.o
 .debug_aranges
                0x00000358       0xf8 ./Sources/drivers/mcg/mcg.o
 .debug_aranges
                0x00000450       0x30 ./Sources/main.o
 .debug_aranges
                0x00000480       0x20 C:/Users/ehughes/Documents/GitHub/MonkeyListen/CMSIS_DSP_3.2/Debug\libCMSIS_DSP_3.2.a(arm_cmplx_mag_q15.o)
 .debug_aranges
                0x000004a0       0x20 C:/Users/ehughes/Documents/GitHub/MonkeyListen/CMSIS_DSP_3.2/Debug\libCMSIS_DSP_3.2.a(arm_sqrt_q15.o)
 .debug_aranges
                0x000004c0       0x30 C:/Users/ehughes/Documents/GitHub/MonkeyListen/CMSIS_DSP_3.2/Debug\libCMSIS_DSP_3.2.a(arm_rfft_q15.o)
 .debug_aranges
                0x000004f0       0x20 C:/Users/ehughes/Documents/GitHub/MonkeyListen/CMSIS_DSP_3.2/Debug\libCMSIS_DSP_3.2.a(arm_rfft_init_q15.o)
 .debug_aranges
                0x00000510       0x30 C:/Users/ehughes/Documents/GitHub/MonkeyListen/CMSIS_DSP_3.2/Debug\libCMSIS_DSP_3.2.a(arm_cfft_radix4_q15.o)
 .debug_aranges
                0x00000540       0x20 C:/Users/ehughes/Documents/GitHub/MonkeyListen/CMSIS_DSP_3.2/Debug\libCMSIS_DSP_3.2.a(arm_cfft_radix4_init_q15.o)
 .debug_aranges
                0x00000560       0x30 C:/Users/ehughes/Documents/GitHub/MonkeyListen/CMSIS_DSP_3.2/Debug\libCMSIS_DSP_3.2.a(arm_bitreversal.o)
 .debug_aranges
                0x00000590       0x18 C:/Users/ehughes/Documents/GitHub/MonkeyListen/CMSIS_DSP_3.2/Debug\libCMSIS_DSP_3.2.a(arm_common_tables.o)
 .debug_aranges
                0x000005a8       0x20 C:/Freescale/CW MCU v10.5/MCU/ARM_GCC_Support/ewl/lib/armv7e-m\libc.a(exit.o)
 .debug_aranges
                0x000005c8       0x20 C:/Freescale/CW MCU v10.5/MCU/ARM_GCC_Support/ewl/lib/armv7e-m\libc.a(memset.o)
 .debug_aranges
                0x000005e8       0x28 C:/Freescale/CW MCU v10.5/MCU/ARM_GCC_Support/ewl/lib/armv7e-m\libc.a(printformat_.o)
 .debug_aranges
                0x00000610       0x20 C:/Freescale/CW MCU v10.5/MCU/ARM_GCC_Support/ewl/lib/armv7e-m\libc.a(scanformat_.o)
 .debug_aranges
                0x00000630       0x88 C:/Freescale/CW MCU v10.5/MCU/ARM_GCC_Support/ewl/lib/armv7e-m\libc.a(ctype_aeabi.o)
 .debug_aranges
                0x000006b8       0x20 C:/Freescale/CW MCU v10.5/MCU/ARM_GCC_Support/ewl/lib/armv7e-m\libc.a(__strtoul.o)
 .debug_aranges
                0x000006d8       0x20 C:/Freescale/CW MCU v10.5/MCU/ARM_GCC_Support/ewl/lib/armv7e-m\libc.a(__filll_mem.o)
 .debug_aranges
                0x000006f8       0x20 C:/Freescale/CW MCU v10.5/MCU/ARM_GCC_Support/ewl/lib/armv7e-m\libc.a(memchr.o)
 .debug_aranges
                0x00000718       0x20 C:/Freescale/CW MCU v10.5/MCU/ARM_GCC_Support/ewl/lib/armv7e-m\libc.a(strchr.o)
 .debug_aranges
                0x00000738       0x20 C:/Freescale/CW MCU v10.5/MCU/ARM_GCC_Support/ewl/lib/armv7e-m\libc.a(strlen.o)
 .debug_aranges
                0x00000758       0x28 C:/Freescale/CW MCU v10.5/MCU/ARM_GCC_Support/ewl/lib/armv7e-m\librt.a(gcc_ctor_dtor.o)
 .debug_aranges
                0x00000780       0x30 C:/Freescale/CW MCU v10.5/MCU/ARM_GCC_Support/ewl/lib/armv7e-m\librt.a(ROMCopy.o)
 .debug_aranges
                0x000007b0       0x58 C:/Freescale/CW MCU v10.5/MCU/ARM_GCC_Support/ewl/lib/armv7e-m\librt.a(__arm_eabi_init.o)

.debug_macinfo  0x00000000   0x175956
 .debug_macinfo
                0x00000000    0x3cc57 ./Project_Settings/Startup_Code/kinetis_sysinit.o
 .debug_macinfo
                0x0003cc57     0x3f4e ./Project_Settings/Startup_Code/__arm_start.o
 .debug_macinfo
                0x00040ba5     0x3537 ./Project_Settings/Startup_Code/__arm_end.o
 .debug_macinfo
                0x000440dc    0x3d680 ./Sources/GFX/GFX_Driver_FRDM-OLED_NHD-2.712864.o
 .debug_macinfo
                0x0008175c     0x4440 ./Sources/GFX/GFX.o
 .debug_macinfo
                0x00085b9c    0x3d76a ./Sources/drivers/adc16/adc16.o
 .debug_macinfo
                0x000c3306    0x3ccd5 ./Sources/drivers/mcg/mcg.o
 .debug_macinfo
                0x000fffdb    0x4039b ./Sources/main.o
 .debug_macinfo
                0x00140376     0x69a2 C:/Users/ehughes/Documents/GitHub/MonkeyListen/CMSIS_DSP_3.2/Debug\libCMSIS_DSP_3.2.a(arm_cmplx_mag_q15.o)
 .debug_macinfo
                0x00146d18     0x6bd6 C:/Users/ehughes/Documents/GitHub/MonkeyListen/CMSIS_DSP_3.2/Debug\libCMSIS_DSP_3.2.a(arm_sqrt_q15.o)
 .debug_macinfo
                0x0014d8ee     0x69a2 C:/Users/ehughes/Documents/GitHub/MonkeyListen/CMSIS_DSP_3.2/Debug\libCMSIS_DSP_3.2.a(arm_rfft_q15.o)
 .debug_macinfo
                0x00154290     0x69a2 C:/Users/ehughes/Documents/GitHub/MonkeyListen/CMSIS_DSP_3.2/Debug\libCMSIS_DSP_3.2.a(arm_rfft_init_q15.o)
 .debug_macinfo
                0x0015ac32     0x69a2 C:/Users/ehughes/Documents/GitHub/MonkeyListen/CMSIS_DSP_3.2/Debug\libCMSIS_DSP_3.2.a(arm_cfft_radix4_q15.o)
 .debug_macinfo
                0x001615d4     0x6bd6 C:/Users/ehughes/Documents/GitHub/MonkeyListen/CMSIS_DSP_3.2/Debug\libCMSIS_DSP_3.2.a(arm_cfft_radix4_init_q15.o)
 .debug_macinfo
                0x001681aa     0x6bd6 C:/Users/ehughes/Documents/GitHub/MonkeyListen/CMSIS_DSP_3.2/Debug\libCMSIS_DSP_3.2.a(arm_bitreversal.o)
 .debug_macinfo
                0x0016ed80     0x6bd6 C:/Users/ehughes/Documents/GitHub/MonkeyListen/CMSIS_DSP_3.2/Debug\libCMSIS_DSP_3.2.a(arm_common_tables.o)

.debug_line     0x00000000     0x66fe
 .debug_line    0x00000000      0x233 ./Project_Settings/Startup_Code/kinetis_sysinit.o
 .debug_line    0x00000233      0x29a ./Project_Settings/Startup_Code/__arm_start.o
 .debug_line    0x000004cd      0x265 ./Project_Settings/Startup_Code/__arm_end.o
 .debug_line    0x00000732      0x7b0 ./Sources/GFX/GFX_Driver_FRDM-OLED_NHD-2.712864.o
 .debug_line    0x00000ee2     0x12e6 ./Sources/GFX/GFX.o
 .debug_line    0x000021c8      0x35b ./Sources/drivers/adc16/adc16.o
 .debug_line    0x00002523      0x99d ./Sources/drivers/mcg/mcg.o
 .debug_line    0x00002ec0      0x4e3 ./Sources/main.o
 .debug_line    0x000033a3      0x3f8 C:/Users/ehughes/Documents/GitHub/MonkeyListen/CMSIS_DSP_3.2/Debug\libCMSIS_DSP_3.2.a(arm_cmplx_mag_q15.o)
 .debug_line    0x0000379b      0x383 C:/Users/ehughes/Documents/GitHub/MonkeyListen/CMSIS_DSP_3.2/Debug\libCMSIS_DSP_3.2.a(arm_sqrt_q15.o)
 .debug_line    0x00003b1e      0x617 C:/Users/ehughes/Documents/GitHub/MonkeyListen/CMSIS_DSP_3.2/Debug\libCMSIS_DSP_3.2.a(arm_rfft_q15.o)
 .debug_line    0x00004135      0x36f C:/Users/ehughes/Documents/GitHub/MonkeyListen/CMSIS_DSP_3.2/Debug\libCMSIS_DSP_3.2.a(arm_rfft_init_q15.o)
 .debug_line    0x000044a4      0x86f C:/Users/ehughes/Documents/GitHub/MonkeyListen/CMSIS_DSP_3.2/Debug\libCMSIS_DSP_3.2.a(arm_cfft_radix4_q15.o)
 .debug_line    0x00004d13      0x394 C:/Users/ehughes/Documents/GitHub/MonkeyListen/CMSIS_DSP_3.2/Debug\libCMSIS_DSP_3.2.a(arm_cfft_radix4_init_q15.o)
 .debug_line    0x000050a7      0x527 C:/Users/ehughes/Documents/GitHub/MonkeyListen/CMSIS_DSP_3.2/Debug\libCMSIS_DSP_3.2.a(arm_bitreversal.o)
 .debug_line    0x000055ce      0x329 C:/Users/ehughes/Documents/GitHub/MonkeyListen/CMSIS_DSP_3.2/Debug\libCMSIS_DSP_3.2.a(arm_common_tables.o)
 .debug_line    0x000058f7       0x94 C:/Freescale/CW MCU v10.5/MCU/ARM_GCC_Support/ewl/lib/armv7e-m\libc.a(exit.o)
 .debug_line    0x0000598b       0x8f C:/Freescale/CW MCU v10.5/MCU/ARM_GCC_Support/ewl/lib/armv7e-m\libc.a(memset.o)
 .debug_line    0x00005a1a      0x2b4 C:/Freescale/CW MCU v10.5/MCU/ARM_GCC_Support/ewl/lib/armv7e-m\libc.a(printformat_.o)
 .debug_line    0x00005cce      0x2df C:/Freescale/CW MCU v10.5/MCU/ARM_GCC_Support/ewl/lib/armv7e-m\libc.a(scanformat_.o)
 .debug_line    0x00005fad      0x1a9 C:/Freescale/CW MCU v10.5/MCU/ARM_GCC_Support/ewl/lib/armv7e-m\libc.a(ctype_aeabi.o)
 .debug_line    0x00006156      0x11b C:/Freescale/CW MCU v10.5/MCU/ARM_GCC_Support/ewl/lib/armv7e-m\libc.a(__strtoul.o)
 .debug_line    0x00006271       0xcd C:/Freescale/CW MCU v10.5/MCU/ARM_GCC_Support/ewl/lib/armv7e-m\libc.a(__filll_mem.o)
 .debug_line    0x0000633e       0x9f C:/Freescale/CW MCU v10.5/MCU/ARM_GCC_Support/ewl/lib/armv7e-m\libc.a(memchr.o)
 .debug_line    0x000063dd       0x7d C:/Freescale/CW MCU v10.5/MCU/ARM_GCC_Support/ewl/lib/armv7e-m\libc.a(strchr.o)
 .debug_line    0x0000645a       0x83 C:/Freescale/CW MCU v10.5/MCU/ARM_GCC_Support/ewl/lib/armv7e-m\libc.a(strlen.o)
 .debug_line    0x000064dd       0x67 C:/Freescale/CW MCU v10.5/MCU/ARM_GCC_Support/ewl/lib/armv7e-m\librt.a(gcc_ctor_dtor.o)
 .debug_line    0x00006544       0xa9 C:/Freescale/CW MCU v10.5/MCU/ARM_GCC_Support/ewl/lib/armv7e-m\librt.a(ROMCopy.o)
 .debug_line    0x000065ed      0x111 C:/Freescale/CW MCU v10.5/MCU/ARM_GCC_Support/ewl/lib/armv7e-m\librt.a(__arm_eabi_init.o)

.debug_str      0x00000000     0x2587
 .debug_str     0x00000000      0x272 ./Project_Settings/Startup_Code/kinetis_sysinit.o
                                0x299 (size before relaxing)
 .debug_str     0x00000272       0x85 ./Project_Settings/Startup_Code/__arm_start.o
                                0x1ab (size before relaxing)
 .debug_str     0x000002f7       0x3a ./Project_Settings/Startup_Code/__arm_end.o
                                 0xe2 (size before relaxing)
 .debug_str     0x00000331      0x498 ./Sources/GFX/GFX_Driver_FRDM-OLED_NHD-2.712864.o
                                0x621 (size before relaxing)
 .debug_str     0x000007c9      0x6f1 ./Sources/GFX/GFX.o
                                0x8dc (size before relaxing)
 .debug_str     0x00000eba      0x251 ./Sources/drivers/adc16/adc16.o
                                0x3af (size before relaxing)
 .debug_str     0x0000110b      0x230 ./Sources/drivers/mcg/mcg.o
                                0x444 (size before relaxing)
 .debug_str     0x0000133b      0x1df ./Sources/main.o
                                0x530 (size before relaxing)
 .debug_str     0x0000151a       0xd7 C:/Users/ehughes/Documents/GitHub/MonkeyListen/CMSIS_DSP_3.2/Debug\libCMSIS_DSP_3.2.a(arm_cmplx_mag_q15.o)
                                0x1f9 (size before relaxing)
 .debug_str     0x000015f1      0x14d C:/Users/ehughes/Documents/GitHub/MonkeyListen/CMSIS_DSP_3.2/Debug\libCMSIS_DSP_3.2.a(arm_sqrt_q15.o)
                                0x2c1 (size before relaxing)
 .debug_str     0x0000173e      0x102 C:/Users/ehughes/Documents/GitHub/MonkeyListen/CMSIS_DSP_3.2/Debug\libCMSIS_DSP_3.2.a(arm_rfft_q15.o)
                                0x372 (size before relaxing)
 .debug_str     0x00001840       0x6d C:/Users/ehughes/Documents/GitHub/MonkeyListen/CMSIS_DSP_3.2/Debug\libCMSIS_DSP_3.2.a(arm_rfft_init_q15.o)
                                0x365 (size before relaxing)
 .debug_str     0x000018ad      0x107 C:/Users/ehughes/Documents/GitHub/MonkeyListen/CMSIS_DSP_3.2/Debug\libCMSIS_DSP_3.2.a(arm_cfft_radix4_q15.o)
                                0x31b (size before relaxing)
 .debug_str     0x000019b4       0x7f C:/Users/ehughes/Documents/GitHub/MonkeyListen/CMSIS_DSP_3.2/Debug\libCMSIS_DSP_3.2.a(arm_cfft_radix4_init_q15.o)
                                0x2ee (size before relaxing)
 .debug_str     0x00001a33       0x9a C:/Users/ehughes/Documents/GitHub/MonkeyListen/CMSIS_DSP_3.2/Debug\libCMSIS_DSP_3.2.a(arm_bitreversal.o)
                                0x249 (size before relaxing)
 .debug_str     0x00001acd      0x274 C:/Users/ehughes/Documents/GitHub/MonkeyListen/CMSIS_DSP_3.2/Debug\libCMSIS_DSP_3.2.a(arm_common_tables.o)
                                0x401 (size before relaxing)
 .debug_str     0x00001d41       0x48 C:/Freescale/CW MCU v10.5/MCU/ARM_GCC_Support/ewl/lib/armv7e-m\libc.a(exit.o)
                                0x157 (size before relaxing)
 .debug_str     0x00001d89       0x23 C:/Freescale/CW MCU v10.5/MCU/ARM_GCC_Support/ewl/lib/armv7e-m\libc.a(memset.o)
                                0x140 (size before relaxing)
 .debug_str     0x00001dac      0x22c C:/Freescale/CW MCU v10.5/MCU/ARM_GCC_Support/ewl/lib/armv7e-m\libc.a(printformat_.o)
                                0x3b3 (size before relaxing)
 .debug_str     0x00001fd8      0x184 C:/Freescale/CW MCU v10.5/MCU/ARM_GCC_Support/ewl/lib/armv7e-m\libc.a(scanformat_.o)
                                0x3f9 (size before relaxing)
 .debug_str     0x0000215c       0x9d C:/Freescale/CW MCU v10.5/MCU/ARM_GCC_Support/ewl/lib/armv7e-m\libc.a(ctype_aeabi.o)
                                0x1bc (size before relaxing)
 .debug_str     0x000021f9       0x5b C:/Freescale/CW MCU v10.5/MCU/ARM_GCC_Support/ewl/lib/armv7e-m\libc.a(__strtoul.o)
                                0x1fb (size before relaxing)
 .debug_str     0x00002254       0x25 C:/Freescale/CW MCU v10.5/MCU/ARM_GCC_Support/ewl/lib/armv7e-m\libc.a(__filll_mem.o)
                                0x152 (size before relaxing)
 .debug_str     0x00002279       0x1c C:/Freescale/CW MCU v10.5/MCU/ARM_GCC_Support/ewl/lib/armv7e-m\libc.a(memchr.o)
                                0x148 (size before relaxing)
 .debug_str     0x00002295       0x1c C:/Freescale/CW MCU v10.5/MCU/ARM_GCC_Support/ewl/lib/armv7e-m\libc.a(strchr.o)
                                0x137 (size before relaxing)
 .debug_str     0x000022b1       0x1c C:/Freescale/CW MCU v10.5/MCU/ARM_GCC_Support/ewl/lib/armv7e-m\libc.a(strlen.o)
                                0x140 (size before relaxing)
 .debug_str     0x000022cd      0x126 C:/Freescale/CW MCU v10.5/MCU/ARM_GCC_Support/ewl/lib/armv7e-m\librt.a(gcc_ctor_dtor.o)
                                0x181 (size before relaxing)
 .debug_str     0x000023f3       0x9c C:/Freescale/CW MCU v10.5/MCU/ARM_GCC_Support/ewl/lib/armv7e-m\librt.a(ROMCopy.o)
                                0x13c (size before relaxing)
 .debug_str     0x0000248f       0xf8 C:/Freescale/CW MCU v10.5/MCU/ARM_GCC_Support/ewl/lib/armv7e-m\librt.a(__arm_eabi_init.o)
                                0x1b5 (size before relaxing)

.comment        0x00000000       0x79
 .comment       0x00000000       0x79 ./Project_Settings/Startup_Code/kinetis_sysinit.o
                                 0x7a (size before relaxing)
 .comment       0x00000000       0x7a ./Project_Settings/Startup_Code/__arm_start.o
 .comment       0x00000000       0x7a ./Project_Settings/Startup_Code/__arm_end.o
 .comment       0x00000000       0x7a ./Sources/GFX/GFX_Driver_FRDM-OLED_NHD-2.712864.o
 .comment       0x00000000       0x7a ./Sources/GFX/GFX.o
 .comment       0x00000000       0x7a ./Sources/drivers/adc16/adc16.o
 .comment       0x00000000       0x7a ./Sources/drivers/mcg/mcg.o
 .comment       0x00000000       0x7a ./Sources/main.o
 .comment       0x00000000       0x7a C:/Users/ehughes/Documents/GitHub/MonkeyListen/CMSIS_DSP_3.2/Debug\libCMSIS_DSP_3.2.a(arm_cmplx_mag_q15.o)
 .comment       0x00000000       0x7a C:/Users/ehughes/Documents/GitHub/MonkeyListen/CMSIS_DSP_3.2/Debug\libCMSIS_DSP_3.2.a(arm_sqrt_q15.o)
 .comment       0x00000000       0x7a C:/Users/ehughes/Documents/GitHub/MonkeyListen/CMSIS_DSP_3.2/Debug\libCMSIS_DSP_3.2.a(arm_rfft_q15.o)
 .comment       0x00000000       0x7a C:/Users/ehughes/Documents/GitHub/MonkeyListen/CMSIS_DSP_3.2/Debug\libCMSIS_DSP_3.2.a(arm_rfft_init_q15.o)
 .comment       0x00000000       0x7a C:/Users/ehughes/Documents/GitHub/MonkeyListen/CMSIS_DSP_3.2/Debug\libCMSIS_DSP_3.2.a(arm_cfft_radix4_q15.o)
 .comment       0x00000000       0x7a C:/Users/ehughes/Documents/GitHub/MonkeyListen/CMSIS_DSP_3.2/Debug\libCMSIS_DSP_3.2.a(arm_cfft_radix4_init_q15.o)
 .comment       0x00000000       0x7a C:/Users/ehughes/Documents/GitHub/MonkeyListen/CMSIS_DSP_3.2/Debug\libCMSIS_DSP_3.2.a(arm_bitreversal.o)
 .comment       0x00000000       0x7a C:/Users/ehughes/Documents/GitHub/MonkeyListen/CMSIS_DSP_3.2/Debug\libCMSIS_DSP_3.2.a(arm_common_tables.o)
 .comment       0x00000000       0x7a C:/Freescale/CW MCU v10.5/MCU/ARM_GCC_Support/ewl/lib/armv7e-m\libc.a(exit.o)
 .comment       0x00000000       0x7a C:/Freescale/CW MCU v10.5/MCU/ARM_GCC_Support/ewl/lib/armv7e-m\libc.a(memset.o)
 .comment       0x00000000       0x7a C:/Freescale/CW MCU v10.5/MCU/ARM_GCC_Support/ewl/lib/armv7e-m\libc.a(printformat_.o)
 .comment       0x00000000       0x7a C:/Freescale/CW MCU v10.5/MCU/ARM_GCC_Support/ewl/lib/armv7e-m\libc.a(scanformat_.o)
 .comment       0x00000000       0x7a C:/Freescale/CW MCU v10.5/MCU/ARM_GCC_Support/ewl/lib/armv7e-m\libc.a(ctype_aeabi.o)
 .comment       0x00000000       0x7a C:/Freescale/CW MCU v10.5/MCU/ARM_GCC_Support/ewl/lib/armv7e-m\libc.a(__strtoul.o)
 .comment       0x00000000       0x7a C:/Freescale/CW MCU v10.5/MCU/ARM_GCC_Support/ewl/lib/armv7e-m\libc.a(__filll_mem.o)
 .comment       0x00000000       0x7a C:/Freescale/CW MCU v10.5/MCU/ARM_GCC_Support/ewl/lib/armv7e-m\libc.a(memchr.o)
 .comment       0x00000000       0x7a C:/Freescale/CW MCU v10.5/MCU/ARM_GCC_Support/ewl/lib/armv7e-m\libc.a(strchr.o)
 .comment       0x00000000       0x7a C:/Freescale/CW MCU v10.5/MCU/ARM_GCC_Support/ewl/lib/armv7e-m\libc.a(strlen.o)
 .comment       0x00000000       0x7a C:/Freescale/CW MCU v10.5/MCU/ARM_GCC_Support/ewl/lib/armv7e-m\librt.a(gcc_ctor_dtor.o)
 .comment       0x00000000       0x7a C:/Freescale/CW MCU v10.5/MCU/ARM_GCC_Support/ewl/lib/armv7e-m\librt.a(ROMCopy.o)
 .comment       0x00000000       0x7a C:/Freescale/CW MCU v10.5/MCU/ARM_GCC_Support/ewl/lib/armv7e-m\librt.a(__arm_eabi_init.o)

.debug_frame    0x00000000     0x128c
 .debug_frame   0x00000000       0x30 ./Project_Settings/Startup_Code/kinetis_sysinit.o
 .debug_frame   0x00000030       0x30 ./Project_Settings/Startup_Code/__arm_start.o
 .debug_frame   0x00000060       0x20 ./Project_Settings/Startup_Code/__arm_end.o
 .debug_frame   0x00000080      0x3cc ./Sources/GFX/GFX_Driver_FRDM-OLED_NHD-2.712864.o
 .debug_frame   0x0000044c      0x498 ./Sources/GFX/GFX.o
 .debug_frame   0x000008e4       0xac ./Sources/drivers/adc16/adc16.o
 .debug_frame   0x00000990      0x284 ./Sources/drivers/mcg/mcg.o
 .debug_frame   0x00000c14       0x60 ./Sources/main.o
 .debug_frame   0x00000c74       0x38 C:/Users/ehughes/Documents/GitHub/MonkeyListen/CMSIS_DSP_3.2/Debug\libCMSIS_DSP_3.2.a(arm_cmplx_mag_q15.o)
 .debug_frame   0x00000cac       0x30 C:/Users/ehughes/Documents/GitHub/MonkeyListen/CMSIS_DSP_3.2/Debug\libCMSIS_DSP_3.2.a(arm_sqrt_q15.o)
 .debug_frame   0x00000cdc       0x84 C:/Users/ehughes/Documents/GitHub/MonkeyListen/CMSIS_DSP_3.2/Debug\libCMSIS_DSP_3.2.a(arm_rfft_q15.o)
 .debug_frame   0x00000d60       0x2c C:/Users/ehughes/Documents/GitHub/MonkeyListen/CMSIS_DSP_3.2/Debug\libCMSIS_DSP_3.2.a(arm_rfft_init_q15.o)
 .debug_frame   0x00000d8c       0x7c C:/Users/ehughes/Documents/GitHub/MonkeyListen/CMSIS_DSP_3.2/Debug\libCMSIS_DSP_3.2.a(arm_cfft_radix4_q15.o)
 .debug_frame   0x00000e08       0x20 C:/Users/ehughes/Documents/GitHub/MonkeyListen/CMSIS_DSP_3.2/Debug\libCMSIS_DSP_3.2.a(arm_cfft_radix4_init_q15.o)
 .debug_frame   0x00000e28       0x88 C:/Users/ehughes/Documents/GitHub/MonkeyListen/CMSIS_DSP_3.2/Debug\libCMSIS_DSP_3.2.a(arm_bitreversal.o)
 .debug_frame   0x00000eb0       0x28 C:/Freescale/CW MCU v10.5/MCU/ARM_GCC_Support/ewl/lib/armv7e-m\libc.a(exit.o)
 .debug_frame   0x00000ed8       0x28 C:/Freescale/CW MCU v10.5/MCU/ARM_GCC_Support/ewl/lib/armv7e-m\libc.a(memset.o)
 .debug_frame   0x00000f00       0x64 C:/Freescale/CW MCU v10.5/MCU/ARM_GCC_Support/ewl/lib/armv7e-m\libc.a(printformat_.o)
 .debug_frame   0x00000f64       0x3c C:/Freescale/CW MCU v10.5/MCU/ARM_GCC_Support/ewl/lib/armv7e-m\libc.a(scanformat_.o)
 .debug_frame   0x00000fa0       0xf0 C:/Freescale/CW MCU v10.5/MCU/ARM_GCC_Support/ewl/lib/armv7e-m\libc.a(ctype_aeabi.o)
 .debug_frame   0x00001090       0x3c C:/Freescale/CW MCU v10.5/MCU/ARM_GCC_Support/ewl/lib/armv7e-m\libc.a(__strtoul.o)
 .debug_frame   0x000010cc       0x2c C:/Freescale/CW MCU v10.5/MCU/ARM_GCC_Support/ewl/lib/armv7e-m\libc.a(__filll_mem.o)
 .debug_frame   0x000010f8       0x20 C:/Freescale/CW MCU v10.5/MCU/ARM_GCC_Support/ewl/lib/armv7e-m\libc.a(memchr.o)
 .debug_frame   0x00001118       0x20 C:/Freescale/CW MCU v10.5/MCU/ARM_GCC_Support/ewl/lib/armv7e-m\libc.a(strchr.o)
 .debug_frame   0x00001138       0x20 C:/Freescale/CW MCU v10.5/MCU/ARM_GCC_Support/ewl/lib/armv7e-m\libc.a(strlen.o)
 .debug_frame   0x00001158       0x40 C:/Freescale/CW MCU v10.5/MCU/ARM_GCC_Support/ewl/lib/armv7e-m\librt.a(gcc_ctor_dtor.o)
 .debug_frame   0x00001198       0x48 C:/Freescale/CW MCU v10.5/MCU/ARM_GCC_Support/ewl/lib/armv7e-m\librt.a(ROMCopy.o)
 .debug_frame   0x000011e0       0xac C:/Freescale/CW MCU v10.5/MCU/ARM_GCC_Support/ewl/lib/armv7e-m\librt.a(__arm_eabi_init.o)

.debug_loc      0x00000000     0xb564
 .debug_loc     0x00000000      0x966 ./Sources/GFX/GFX_Driver_FRDM-OLED_NHD-2.712864.o
 .debug_loc     0x00000966     0x4b7e ./Sources/GFX/GFX.o
 .debug_loc     0x000054e4      0x1b7 ./Sources/drivers/adc16/adc16.o
 .debug_loc     0x0000569b     0x12dd ./Sources/drivers/mcg/mcg.o
 .debug_loc     0x00006978       0x6b ./Sources/main.o
 .debug_loc     0x000069e3      0x23a C:/Users/ehughes/Documents/GitHub/MonkeyListen/CMSIS_DSP_3.2/Debug\libCMSIS_DSP_3.2.a(arm_cmplx_mag_q15.o)
 .debug_loc     0x00006c1d      0x152 C:/Users/ehughes/Documents/GitHub/MonkeyListen/CMSIS_DSP_3.2/Debug\libCMSIS_DSP_3.2.a(arm_sqrt_q15.o)
 .debug_loc     0x00006d6f      0x9db C:/Users/ehughes/Documents/GitHub/MonkeyListen/CMSIS_DSP_3.2/Debug\libCMSIS_DSP_3.2.a(arm_rfft_q15.o)
 .debug_loc     0x0000774a       0xc1 C:/Users/ehughes/Documents/GitHub/MonkeyListen/CMSIS_DSP_3.2/Debug\libCMSIS_DSP_3.2.a(arm_rfft_init_q15.o)
 .debug_loc     0x0000780b     0x19e5 C:/Users/ehughes/Documents/GitHub/MonkeyListen/CMSIS_DSP_3.2/Debug\libCMSIS_DSP_3.2.a(arm_cfft_radix4_q15.o)
 .debug_loc     0x000091f0      0x1ab C:/Users/ehughes/Documents/GitHub/MonkeyListen/CMSIS_DSP_3.2/Debug\libCMSIS_DSP_3.2.a(arm_cfft_radix4_init_q15.o)
 .debug_loc     0x0000939b      0x382 C:/Users/ehughes/Documents/GitHub/MonkeyListen/CMSIS_DSP_3.2/Debug\libCMSIS_DSP_3.2.a(arm_bitreversal.o)
 .debug_loc     0x0000971d       0x3e C:/Freescale/CW MCU v10.5/MCU/ARM_GCC_Support/ewl/lib/armv7e-m\libc.a(exit.o)
 .debug_loc     0x0000975b       0x64 C:/Freescale/CW MCU v10.5/MCU/ARM_GCC_Support/ewl/lib/armv7e-m\libc.a(memset.o)
 .debug_loc     0x000097bf      0xbdc C:/Freescale/CW MCU v10.5/MCU/ARM_GCC_Support/ewl/lib/armv7e-m\libc.a(printformat_.o)
 .debug_loc     0x0000a39b      0x8b6 C:/Freescale/CW MCU v10.5/MCU/ARM_GCC_Support/ewl/lib/armv7e-m\libc.a(scanformat_.o)
 .debug_loc     0x0000ac51      0x18e C:/Freescale/CW MCU v10.5/MCU/ARM_GCC_Support/ewl/lib/armv7e-m\libc.a(ctype_aeabi.o)
 .debug_loc     0x0000addf      0x2bb C:/Freescale/CW MCU v10.5/MCU/ARM_GCC_Support/ewl/lib/armv7e-m\libc.a(__strtoul.o)
 .debug_loc     0x0000b09a      0x12c C:/Freescale/CW MCU v10.5/MCU/ARM_GCC_Support/ewl/lib/armv7e-m\libc.a(__filll_mem.o)
 .debug_loc     0x0000b1c6       0x62 C:/Freescale/CW MCU v10.5/MCU/ARM_GCC_Support/ewl/lib/armv7e-m\libc.a(memchr.o)
 .debug_loc     0x0000b228       0x7c C:/Freescale/CW MCU v10.5/MCU/ARM_GCC_Support/ewl/lib/armv7e-m\libc.a(strchr.o)
 .debug_loc     0x0000b2a4       0x26 C:/Freescale/CW MCU v10.5/MCU/ARM_GCC_Support/ewl/lib/armv7e-m\libc.a(strlen.o)
 .debug_loc     0x0000b2ca       0x9d C:/Freescale/CW MCU v10.5/MCU/ARM_GCC_Support/ewl/lib/armv7e-m\librt.a(gcc_ctor_dtor.o)
 .debug_loc     0x0000b367       0xb9 C:/Freescale/CW MCU v10.5/MCU/ARM_GCC_Support/ewl/lib/armv7e-m\librt.a(ROMCopy.o)
 .debug_loc     0x0000b420      0x144 C:/Freescale/CW MCU v10.5/MCU/ARM_GCC_Support/ewl/lib/armv7e-m\librt.a(__arm_eabi_init.o)
